Component: Arm Compiler for Embedded 6.21 Tool: armlink [5ec1fa00]

==============================================================================

Section Cross References

    startup_stm32g431xx.o(RESET) refers to startup_stm32g431xx.o(STACK) for __initial_sp
    startup_stm32g431xx.o(RESET) refers to startup_stm32g431xx.o(.text) for Reset_Handler
    startup_stm32g431xx.o(RESET) refers to stm32g4xx_it.o(.text.NMI_Handler) for NMI_Handler
    startup_stm32g431xx.o(RESET) refers to stm32g4xx_it.o(.text.HardFault_Handler) for HardFault_Handler
    startup_stm32g431xx.o(RESET) refers to stm32g4xx_it.o(.text.MemManage_Handler) for MemManage_Handler
    startup_stm32g431xx.o(RESET) refers to stm32g4xx_it.o(.text.BusFault_Handler) for BusFault_Handler
    startup_stm32g431xx.o(RESET) refers to stm32g4xx_it.o(.text.UsageFault_Handler) for UsageFault_Handler
    startup_stm32g431xx.o(RESET) refers to stm32g4xx_it.o(.text.SVC_Handler) for SVC_Handler
    startup_stm32g431xx.o(RESET) refers to stm32g4xx_it.o(.text.DebugMon_Handler) for DebugMon_Handler
    startup_stm32g431xx.o(RESET) refers to stm32g4xx_it.o(.text.PendSV_Handler) for PendSV_Handler
    startup_stm32g431xx.o(RESET) refers to stm32g4xx_it.o(.text.SysTick_Handler) for SysTick_Handler
    startup_stm32g431xx.o(RESET) refers to stm32g4xx_it.o(.text.EXTI0_IRQHandler) for EXTI0_IRQHandler
    startup_stm32g431xx.o(RESET) refers to stm32g4xx_it.o(.text.EXTI4_IRQHandler) for EXTI4_IRQHandler
    startup_stm32g431xx.o(RESET) refers to stm32g4xx_it.o(.text.DMA1_Channel1_IRQHandler) for DMA1_Channel1_IRQHandler
    startup_stm32g431xx.o(RESET) refers to stm32g4xx_it.o(.text.DMA1_Channel2_IRQHandler) for DMA1_Channel2_IRQHandler
    startup_stm32g431xx.o(RESET) refers to stm32g4xx_it.o(.text.DMA1_Channel3_IRQHandler) for DMA1_Channel3_IRQHandler
    startup_stm32g431xx.o(RESET) refers to stm32g4xx_it.o(.text.TIM3_IRQHandler) for TIM3_IRQHandler
    startup_stm32g431xx.o(RESET) refers to stm32g4xx_it.o(.text.USART1_IRQHandler) for USART1_IRQHandler
    startup_stm32g431xx.o(RESET) refers to stm32g4xx_it.o(.text.TIM6_DAC_IRQHandler) for TIM6_DAC_IRQHandler
    startup_stm32g431xx.o(RESET) refers to stm32g4xx_it.o(.text.TIM7_IRQHandler) for TIM7_IRQHandler
    startup_stm32g431xx.o(.text) refers to system_stm32g4xx.o(.text.SystemInit) for SystemInit
    startup_stm32g431xx.o(.text) refers to entry.o(.ARM.Collect$$$$00000000) for __main
    main.o(.text.main) refers to stm32g4xx_hal.o(.text.HAL_Init) for HAL_Init
    main.o(.text.main) refers to stm32g4xx_hal_pwr_ex.o(.text.HAL_PWREx_ControlVoltageScaling) for HAL_PWREx_ControlVoltageScaling
    main.o(.text.main) refers to stm32g4xx_hal_rcc.o(.text.HAL_RCC_OscConfig) for HAL_RCC_OscConfig
    main.o(.text.main) refers to stm32g4xx_hal_rcc.o(.text.HAL_RCC_ClockConfig) for HAL_RCC_ClockConfig
    main.o(.text.main) refers to gpio.o(.text.MX_GPIO_Init) for MX_GPIO_Init
    main.o(.text.main) refers to dma.o(.text.MX_DMA_Init) for MX_DMA_Init
    main.o(.text.main) refers to adc.o(.text.MX_ADC1_Init) for MX_ADC1_Init
    main.o(.text.main) refers to spi.o(.text.MX_SPI1_Init) for MX_SPI1_Init
    main.o(.text.main) refers to tim.o(.text.MX_TIM1_Init) for MX_TIM1_Init
    main.o(.text.main) refers to tim.o(.text.MX_TIM3_Init) for MX_TIM3_Init
    main.o(.text.main) refers to usart.o(.text.MX_USART1_UART_Init) for MX_USART1_UART_Init
    main.o(.text.main) refers to tim.o(.text.MX_TIM7_Init) for MX_TIM7_Init
    main.o(.text.main) refers to tim.o(.text.MX_TIM6_Init) for MX_TIM6_Init
    main.o(.text.main) refers to tim.o(.text.MX_TIM2_Init) for MX_TIM2_Init
    main.o(.text.main) refers to stm32g4xx_hal.o(.text.HAL_Delay) for HAL_Delay
    main.o(.text.main) refers to adc.o(.bss.hadc1) for hadc1
    main.o(.text.main) refers to stm32g4xx_hal_adc_ex.o(.text.HAL_ADCEx_Calibration_Start) for HAL_ADCEx_Calibration_Start
    main.o(.text.main) refers to main.o(.dma_buffer) for adc_buff
    main.o(.text.main) refers to stm32g4xx_hal_adc.o(.text.HAL_ADC_Start_DMA) for HAL_ADC_Start_DMA
    main.o(.text.main) refers to as5047p.o(.bss.as5047_encoder) for as5047_encoder
    main.o(.text.main) refers to as5047p.o(.text.As5047p_Init) for As5047p_Init
    main.o(.text.main) refers to motor.o(.bss.my_motor) for my_motor
    main.o(.text.main) refers to motor.o(.text.motor_init) for motor_init
    main.o(.ARM.exidx.text.main) refers to main.o(.text.main) for [Anonymous Symbol]
    main.o(.text.SystemClock_Config) refers to stm32g4xx_hal_pwr_ex.o(.text.HAL_PWREx_ControlVoltageScaling) for HAL_PWREx_ControlVoltageScaling
    main.o(.text.SystemClock_Config) refers to stm32g4xx_hal_rcc.o(.text.HAL_RCC_OscConfig) for HAL_RCC_OscConfig
    main.o(.text.SystemClock_Config) refers to stm32g4xx_hal_rcc.o(.text.HAL_RCC_ClockConfig) for HAL_RCC_ClockConfig
    main.o(.ARM.exidx.text.SystemClock_Config) refers to main.o(.text.SystemClock_Config) for [Anonymous Symbol]
[...]
    ../clib/microlib/longlong.c              0x00000000   Number         0  llushr.o ABSOLUTE
    ../clib/microlib/longlong.c              0x00000000   Number         0  llsshr.o ABSOLUTE
    ../clib/microlib/printf/printf.c         0x00000000   Number         0  printfb.o ABSOLUTE
    ../clib/microlib/printf/printf.c         0x00000000   Number         0  printf0.o ABSOLUTE
    ../clib/microlib/printf/printf.c         0x00000000   Number         0  printf1.o ABSOLUTE
    ../clib/microlib/printf/printf.c         0x00000000   Number         0  printf2.o ABSOLUTE
    ../clib/microlib/printf/printf.c         0x00000000   Number         0  printf3.o ABSOLUTE
    ../clib/microlib/printf/printf.c         0x00000000   Number         0  printf4.o ABSOLUTE
    ../clib/microlib/printf/printf.c         0x00000000   Number         0  printf5.o ABSOLUTE
    ../clib/microlib/printf/printf.c         0x00000000   Number         0  printf6.o ABSOLUTE
    ../clib/microlib/printf/printf.c         0x00000000   Number         0  printf7.o ABSOLUTE
    ../clib/microlib/printf/printf.c         0x00000000   Number         0  printf8.o ABSOLUTE
    ../clib/microlib/printf/printf.c         0x00000000   Number         0  printfa.o ABSOLUTE
    ../clib/microlib/printf/stubs.s          0x00000000   Number         0  printfstubs.o ABSOLUTE
    ../clib/microlib/stdio/puts.c            0x00000000   Number         0  puts.o ABSOLUTE
    ../clib/microlib/stdio/puts.c            0x00000000   Number         0  puts_e.o ABSOLUTE
    ../clib/microlib/stdio/streams.c         0x00000000   Number         0  stdout.o ABSOLUTE
    ../clib/microlib/string/memcpy.c         0x00000000   Number         0  memcpya.o ABSOLUTE
    ../clib/microlib/string/memcpy.c         0x00000000   Number         0  memcpyb.o ABSOLUTE
    ../clib/microlib/string/memset.c         0x00000000   Number         0  memseta.o ABSOLUTE
    ../clib/microlib/stubs.s                 0x00000000   Number         0  iusefp.o ABSOLUTE
    ../fplib/microlib/f2d.c                  0x00000000   Number         0  f2d.o ABSOLUTE
    ../fplib/microlib/fpadd.c                0x00000000   Number         0  dadd.o ABSOLUTE
    ../fplib/microlib/fpdiv.c                0x00000000   Number         0  ddiv.o ABSOLUTE
    ../fplib/microlib/fpepilogue.c           0x00000000   Number         0  depilogue.o ABSOLUTE
    ../fplib/microlib/fpfix.c                0x00000000   Number         0  dfixul.o ABSOLUTE
    ../fplib/microlib/fpflt.c                0x00000000   Number         0  dfltui.o ABSOLUTE
    ../fplib/microlib/fpmul.c                0x00000000   Number         0  dmul.o ABSOLUTE
    AS5047P.c                                0x00000000   Number         0  as5047p.o ABSOLUTE
    adc.c                                    0x00000000   Number         0  adc.o ABSOLUTE
    cdrcmple.s                               0x00000000   Number         0  cdrcmple.o ABSOLUTE
    dc.s                                     0x00000000   Number         0  dc.o ABSOLUTE
    dma.c                                    0x00000000   Number         0  dma.o ABSOLUTE
    gpio.c                                   0x00000000   Number         0  gpio.o ABSOLUTE
    handlers.s                               0x00000000   Number         0  handlers.o ABSOLUTE
    init.s                                   0x00000000   Number         0  init.o ABSOLUTE
    main.c                                   0x00000000   Number         0  main.o ABSOLUTE
    motor.c                                  0x00000000   Number         0  motor.o ABSOLUTE
    pid.c                                    0x00000000   Number         0  pid.o ABSOLUTE
    spi.c                                    0x00000000   Number         0  spi.o ABSOLUTE
    startup_stm32g431xx.s                    0x00000000   Number         0  startup_stm32g431xx.o ABSOLUTE
    stm32g4xx_hal.c                          0x00000000   Number         0  stm32g4xx_hal.o ABSOLUTE
    stm32g4xx_hal_adc.c                      0x00000000   Number         0  stm32g4xx_hal_adc.o ABSOLUTE
    stm32g4xx_hal_adc_ex.c                   0x00000000   Number         0  stm32g4xx_hal_adc_ex.o ABSOLUTE
    stm32g4xx_hal_cortex.c                   0x00000000   Number         0  stm32g4xx_hal_cortex.o ABSOLUTE
    stm32g4xx_hal_dma.c                      0x00000000   Number         0  stm32g4xx_hal_dma.o ABSOLUTE
    stm32g4xx_hal_dma_ex.c                   0x00000000   Number         0  stm32g4xx_hal_dma_ex.o ABSOLUTE
    stm32g4xx_hal_exti.c                     0x00000000   Number         0  stm32g4xx_hal_exti.o ABSOLUTE
    stm32g4xx_hal_flash.c                    0x00000000   Number         0  stm32g4xx_hal_flash.o ABSOLUTE
    stm32g4xx_hal_flash_ex.c                 0x00000000   Number         0  stm32g4xx_hal_flash_ex.o ABSOLUTE
    stm32g4xx_hal_flash_ramfunc.c            0x00000000   Number         0  stm32g4xx_hal_flash_ramfunc.o ABSOLUTE
    stm32g4xx_hal_gpio.c                     0x00000000   Number         0  stm32g4xx_hal_gpio.o ABSOLUTE
    stm32g4xx_hal_msp.c                      0x00000000   Number         0  stm32g4xx_hal_msp.o ABSOLUTE
    stm32g4xx_hal_pwr.c                      0x00000000   Number         0  stm32g4xx_hal_pwr.o ABSOLUTE
    stm32g4xx_hal_pwr_ex.c                   0x00000000   Number         0  stm32g4xx_hal_pwr_ex.o ABSOLUTE
    stm32g4xx_hal_rcc.c                      0x00000000   Number         0  stm32g4xx_hal_rcc.o ABSOLUTE
    stm32g4xx_hal_rcc_ex.c                   0x00000000   Number         0  stm32g4xx_hal_rcc_ex.o ABSOLUTE
    stm32g4xx_hal_spi.c                      0x00000000   Number         0  stm32g4xx_hal_spi.o ABSOLUTE
    stm32g4xx_hal_spi_ex.c                   0x00000000   Number         0  stm32g4xx_hal_spi_ex.o ABSOLUTE
    stm32g4xx_hal_tim.c                      0x00000000   Number         0  stm32g4xx_hal_tim.o ABSOLUTE
    stm32g4xx_hal_tim_ex.c                   0x00000000   Number         0  stm32g4xx_hal_tim_ex.o ABSOLUTE
    stm32g4xx_hal_uart.c                     0x00000000   Number         0  stm32g4xx_hal_uart.o ABSOLUTE
    stm32g4xx_hal_uart_ex.c                  0x00000000   Number         0  stm32g4xx_hal_uart_ex.o ABSOLUTE
    stm32g4xx_it.c                           0x00000000   Number         0  stm32g4xx_it.o ABSOLUTE
    stm32g4xx_ll_adc.c                       0x00000000   Number         0  stm32g4xx_ll_adc.o ABSOLUTE
    system_stm32g4xx.c                       0x00000000   Number         0  system_stm32g4xx.o ABSOLUTE
    tim.c                                    0x00000000   Number         0  tim.o ABSOLUTE
    usart.c                                  0x00000000   Number         0  usart.o ABSOLUTE
    vofa.c                                   0x00000000   Number         0  vofa.o ABSOLUTE
    RESET                                    0x08000000   Section      472  startup_stm32g431xx.o(RESET)
    .ARM.Collect$$$$00000000                 0x080001d8   Section        0  entry.o(.ARM.Collect$$$$00000000)
    .ARM.Collect$$$$00000001                 0x080001d8   Section        4  entry2.o(.ARM.Collect$$$$00000001)
    .ARM.Collect$$$$00000004                 0x080001dc   Section        4  entry5.o(.ARM.Collect$$$$00000004)
    .ARM.Collect$$$$00000008                 0x080001e0   Section        0  entry7b.o(.ARM.Collect$$$$00000008)
    .ARM.Collect$$$$0000000A                 0x080001e0   Section        0  entry8b.o(.ARM.Collect$$$$0000000A)
    .ARM.Collect$$$$0000000B                 0x080001e0   Section        8  entry9a.o(.ARM.Collect$$$$0000000B)
    __lit__00000000                          0x080001e8   Data           4  entry2.o(.ARM.Collect$$$$00002712)
    .ARM.Collect$$$$0000000D                 0x080001e8   Section        0  entry10a.o(.ARM.Collect$$$$0000000D)
    .ARM.Collect$$$$0000000F                 0x080001e8   Section        0  entry11a.o(.ARM.Collect$$$$0000000F)
    .ARM.Collect$$$$00002712                 0x080001e8   Section        4  entry2.o(.ARM.Collect$$$$00002712)
    $v0                                      0x080001ec   Number         0  startup_stm32g431xx.o(.text)
    .text                                    0x080001ec   Section       36  startup_stm32g431xx.o(.text)
    .text                                    0x08000210   Section        0  uldiv.o(.text)
    .text                                    0x08000272   Section        0  memseta.o(.text)
    .text                                    0x08000296   Section        0  dmul.o(.text)
    .text                                    0x0800037a   Section        0  f2d.o(.text)
    .text                                    0x080003a0   Section        0  uidiv.o(.text)
    .text                                    0x080003cc   Section        0  llshl.o(.text)
    .text                                    0x080003ea   Section        0  llushr.o(.text)
    .text                                    0x0800040a   Section        0  iusefp.o(.text)
    .text                                    0x0800040a   Section        0  depilogue.o(.text)
    .text                                    0x080004c4   Section        0  dadd.o(.text)
    .text                                    0x08000612   Section        0  ddiv.o(.text)
    .text                                    0x080006f0   Section        0  dfixul.o(.text)
    .text                                    0x08000720   Section       48  cdrcmple.o(.text)
    .text                                    0x08000750   Section       48  init.o(.text)
    .text                                    0x08000780   Section        0  llsshr.o(.text)
    [Anonymous Symbol]                       0x080007a4   Section        0  stm32g4xx_hal_adc.o(.text.ADC_DMAConvCplt)
    [Anonymous Symbol]                       0x08000808   Section        0  stm32g4xx_hal_adc.o(.text.ADC_DMAError)
    [Anonymous Symbol]                       0x08000820   Section        0  stm32g4xx_hal_adc.o(.text.ADC_DMAHalfConvCplt)
    [Anonymous Symbol]                       0x08000828   Section        0  stm32g4xx_hal_adc.o(.text.ADC_Disable)
    [Anonymous Symbol]                       0x080008a4   Section        0  stm32g4xx_hal_adc.o(.text.ADC_Enable)
    [Anonymous Symbol]                       0x0800099c   Section        0  as5047p.o(.text.As5047p_Init)
    [Anonymous Symbol]                       0x080009d4   Section        0  stm32g4xx_it.o(.text.BusFault_Handler)
    [Anonymous Symbol]                       0x080009d8   Section        0  stm32g4xx_it.o(.text.DMA1_Channel1_IRQHandler)
    [Anonymous Symbol]                       0x080009e4   Section        0  stm32g4xx_it.o(.text.DMA1_Channel2_IRQHandler)
    [Anonymous Symbol]                       0x080009f0   Section        0  stm32g4xx_it.o(.text.DMA1_Channel3_IRQHandler)
    [Anonymous Symbol]                       0x080009fc   Section        0  stm32g4xx_it.o(.text.DebugMon_Handler)
    [Anonymous Symbol]                       0x08000a00   Section        0  stm32g4xx_it.o(.text.EXTI0_IRQHandler)
    [Anonymous Symbol]                       0x08000a08   Section        0  stm32g4xx_it.o(.text.EXTI4_IRQHandler)
    [Anonymous Symbol]                       0x08000a10   Section        0  main.o(.text.Error_Handler)
    [Anonymous Symbol]                       0x08000a1c   Section        0  stm32g4xx_hal_adc_ex.o(.text.HAL_ADCEx_Calibration_Start)
    [Anonymous Symbol]                       0x08000af0   Section        0  stm32g4xx_hal_adc_ex.o(.text.HAL_ADCEx_MultiModeConfigChannel)
    [Anonymous Symbol]                       0x08000ba8   Section        0  stm32g4xx_hal_adc.o(.text.HAL_ADC_ConfigChannel)
    [Anonymous Symbol]                       0x08000f44   Section        0  stm32g4xx_hal_adc.o(.text.HAL_ADC_ConvCpltCallback)
    [Anonymous Symbol]                       0x08000f48   Section        0  stm32g4xx_hal_adc.o(.text.HAL_ADC_ConvHalfCpltCallback)
    [Anonymous Symbol]                       0x08000f4c   Section        0  stm32g4xx_hal_adc.o(.text.HAL_ADC_ErrorCallback)
    [Anonymous Symbol]                       0x08000f50   Section        0  stm32g4xx_hal_adc.o(.text.HAL_ADC_Init)
    [Anonymous Symbol]                       0x08001190   Section        0  adc.o(.text.HAL_ADC_MspInit)
    [Anonymous Symbol]                       0x08001258   Section        0  stm32g4xx_hal_adc.o(.text.HAL_ADC_Start_DMA)
    [Anonymous Symbol]                       0x0800133c   Section        0  stm32g4xx_hal_dma.o(.text.HAL_DMA_Abort)
    [Anonymous Symbol]                       0x080013ac   Section        0  stm32g4xx_hal_dma.o(.text.HAL_DMA_Abort_IT)
    [Anonymous Symbol]                       0x0800142c   Section        0  stm32g4xx_hal_dma.o(.text.HAL_DMA_IRQHandler)
    [Anonymous Symbol]                       0x080014d8   Section        0  stm32g4xx_hal_dma.o(.text.HAL_DMA_Init)
    [Anonymous Symbol]                       0x08001604   Section        0  stm32g4xx_hal_dma.o(.text.HAL_DMA_Start_IT)
    [Anonymous Symbol]                       0x080016ec   Section        0  stm32g4xx_hal.o(.text.HAL_Delay)
    [Anonymous Symbol]                       0x08001714   Section        0  stm32g4xx_it.o(.text.HAL_GPIO_EXTI_Callback)
    [Anonymous Symbol]                       0x08001768   Section        0  stm32g4xx_hal_gpio.o(.text.HAL_GPIO_EXTI_IRQHandler)
    [Anonymous Symbol]                       0x08001780   Section        0  stm32g4xx_hal_gpio.o(.text.HAL_GPIO_Init)
    [Anonymous Symbol]                       0x08001920   Section        0  stm32g4xx_hal_gpio.o(.text.HAL_GPIO_ReadPin)
    [Anonymous Symbol]                       0x0800192c   Section        0  stm32g4xx_hal_gpio.o(.text.HAL_GPIO_TogglePin)
    [Anonymous Symbol]                       0x0800193c   Section        0  stm32g4xx_hal_gpio.o(.text.HAL_GPIO_WritePin)
    [Anonymous Symbol]                       0x08001948   Section        0  stm32g4xx_hal.o(.text.HAL_GetTick)
    [Anonymous Symbol]                       0x08001954   Section        0  stm32g4xx_hal.o(.text.HAL_IncTick)
    [Anonymous Symbol]                       0x08001970   Section        0  stm32g4xx_hal.o(.text.HAL_Init)
    [Anonymous Symbol]                       0x08001990   Section        0  stm32g4xx_hal.o(.text.HAL_InitTick)
    [Anonymous Symbol]                       0x080019dc   Section        0  stm32g4xx_hal_msp.o(.text.HAL_MspInit)
    [Anonymous Symbol]                       0x08001a10   Section        0  stm32g4xx_hal_cortex.o(.text.HAL_NVIC_EnableIRQ)
    [Anonymous Symbol]                       0x08001a34   Section        0  stm32g4xx_hal_cortex.o(.text.HAL_NVIC_SetPriority)
    [Anonymous Symbol]                       0x08001a8c   Section        0  stm32g4xx_hal_cortex.o(.text.HAL_NVIC_SetPriorityGrouping)
    [Anonymous Symbol]                       0x08001aac   Section        0  stm32g4xx_hal_pwr_ex.o(.text.HAL_PWREx_ControlVoltageScaling)
    [Anonymous Symbol]                       0x08001bd4   Section        0  stm32g4xx_hal_pwr_ex.o(.text.HAL_PWREx_DisableUCPDDeadBattery)
    [Anonymous Symbol]                       0x08001be8   Section        0  stm32g4xx_hal_rcc_ex.o(.text.HAL_RCCEx_PeriphCLKConfig)
    [Anonymous Symbol]                       0x08001e54   Section        0  stm32g4xx_hal_rcc.o(.text.HAL_RCC_ClockConfig)
    [Anonymous Symbol]                       0x08002160   Section        0  stm32g4xx_hal_rcc.o(.text.HAL_RCC_GetPCLK1Freq)
    [Anonymous Symbol]                       0x0800218c   Section        0  stm32g4xx_hal_rcc.o(.text.HAL_RCC_GetPCLK2Freq)
    [Anonymous Symbol]                       0x080021b8   Section        0  stm32g4xx_hal_rcc.o(.text.HAL_RCC_GetSysClockFreq)
    [Anonymous Symbol]                       0x0800223c   Section        0  stm32g4xx_hal_rcc.o(.text.HAL_RCC_OscConfig)
    [Anonymous Symbol]                       0x08002710   Section        0  stm32g4xx_hal_spi.o(.text.HAL_SPI_Init)
    [Anonymous Symbol]                       0x080027f4   Section        0  spi.o(.text.HAL_SPI_MspInit)
    [Anonymous Symbol]                       0x0800285c   Section        0  stm32g4xx_hal_cortex.o(.text.HAL_SYSTICK_Config)
    [Anonymous Symbol]                       0x08002888   Section        0  stm32g4xx_hal_tim_ex.o(.text.HAL_TIMEx_Break2Callback)
    [Anonymous Symbol]                       0x0800288c   Section        0  stm32g4xx_hal_tim_ex.o(.text.HAL_TIMEx_BreakCallback)
    [Anonymous Symbol]                       0x08002890   Section        0  stm32g4xx_hal_tim_ex.o(.text.HAL_TIMEx_CommutCallback)
    [Anonymous Symbol]                       0x08002894   Section        0  stm32g4xx_hal_tim_ex.o(.text.HAL_TIMEx_ConfigBreakDeadTime)
    [Anonymous Symbol]                       0x08002964   Section        0  stm32g4xx_hal_tim_ex.o(.text.HAL_TIMEx_DirectionChangeCallback)
    [Anonymous Symbol]                       0x08002968   Section        0  stm32g4xx_hal_tim_ex.o(.text.HAL_TIMEx_EncoderIndexCallback)
    [Anonymous Symbol]                       0x0800296c   Section        0  stm32g4xx_hal_tim_ex.o(.text.HAL_TIMEx_IndexErrorCallback)
    [Anonymous Symbol]                       0x08002970   Section        0  stm32g4xx_hal_tim_ex.o(.text.HAL_TIMEx_MasterConfigSynchronization)
    [Anonymous Symbol]                       0x08002a18   Section        0  stm32g4xx_hal_tim_ex.o(.text.HAL_TIMEx_TransitionErrorCallback)
    [Anonymous Symbol]                       0x08002a1c   Section        0  stm32g4xx_hal_tim.o(.text.HAL_TIM_Base_Init)
    [Anonymous Symbol]                       0x08002a80   Section        0  tim.o(.text.HAL_TIM_Base_MspInit)
    [Anonymous Symbol]                       0x08002b54   Section        0  stm32g4xx_hal_tim.o(.text.HAL_TIM_Base_Start_IT)
    [Anonymous Symbol]                       0x08002be8   Section        0  stm32g4xx_hal_tim.o(.text.HAL_TIM_Base_Stop_IT)
    [Anonymous Symbol]                       0x08002c24   Section        0  stm32g4xx_hal_tim.o(.text.HAL_TIM_ConfigClockSource)
    [Anonymous Symbol]                       0x08002e28   Section        0  stm32g4xx_hal_tim.o(.text.HAL_TIM_Encoder_Init)
    [Anonymous Symbol]                       0x08002ee0   Section        0  tim.o(.text.HAL_TIM_Encoder_MspInit)
    [Anonymous Symbol]                       0x08002f54   Section        0  stm32g4xx_hal_tim.o(.text.HAL_TIM_Encoder_Start)
    [Anonymous Symbol]                       0x08003010   Section        0  stm32g4xx_hal_tim.o(.text.HAL_TIM_IC_CaptureCallback)
    [Anonymous Symbol]                       0x08003014   Section        0  stm32g4xx_hal_tim.o(.text.HAL_TIM_IRQHandler)
    [Anonymous Symbol]                       0x080031e0   Section        0  tim.o(.text.HAL_TIM_MspPostInit)
    [Anonymous Symbol]                       0x08003280   Section        0  stm32g4xx_hal_tim.o(.text.HAL_TIM_OC_ConfigChannel)
    [Anonymous Symbol]                       0x080035bc   Section        0  stm32g4xx_hal_tim.o(.text.HAL_TIM_OC_DelayElapsedCallback)
    [Anonymous Symbol]                       0x080035c0   Section        0  stm32g4xx_hal_tim.o(.text.HAL_TIM_OC_Init)
    [Anonymous Symbol]                       0x08003624   Section        0  stm32g4xx_hal_tim.o(.text.HAL_TIM_OC_MspInit)
    [Anonymous Symbol]                       0x08003628   Section        0  stm32g4xx_hal_tim.o(.text.HAL_TIM_PWM_PulseFinishedCallback)
    [Anonymous Symbol]                       0x0800362c   Section        0  stm32g4xx_it.o(.text.HAL_TIM_PeriodElapsedCallback)
    [Anonymous Symbol]                       0x0800371c   Section        0  stm32g4xx_hal_tim.o(.text.HAL_TIM_TriggerCallback)
    [Anonymous Symbol]                       0x08003720   Section        0  stm32g4xx_hal_uart_ex.o(.text.HAL_UARTEx_DisableFifoMode)
    [Anonymous Symbol]                       0x08003758   Section        0  stm32g4xx_hal_uart.o(.text.HAL_UARTEx_RxEventCallback)
    [Anonymous Symbol]                       0x0800375c   Section        0  stm32g4xx_hal_uart_ex.o(.text.HAL_UARTEx_RxFifoFullCallback)
    [Anonymous Symbol]                       0x08003760   Section        0  stm32g4xx_hal_uart_ex.o(.text.HAL_UARTEx_SetRxFifoThreshold)
    [Anonymous Symbol]                       0x080037f0   Section        0  stm32g4xx_hal_uart_ex.o(.text.HAL_UARTEx_SetTxFifoThreshold)
    [Anonymous Symbol]                       0x08003880   Section        0  stm32g4xx_hal_uart_ex.o(.text.HAL_UARTEx_TxFifoEmptyCallback)
    [Anonymous Symbol]                       0x08003884   Section        0  stm32g4xx_hal_uart_ex.o(.text.HAL_UARTEx_WakeupCallback)
    [Anonymous Symbol]                       0x08003888   Section        0  stm32g4xx_hal_uart.o(.text.HAL_UART_ErrorCallback)
    [Anonymous Symbol]                       0x0800388c   Section        0  stm32g4xx_hal_uart.o(.text.HAL_UART_IRQHandler)
    [Anonymous Symbol]                       0x08003ec0   Section        0  stm32g4xx_hal_uart.o(.text.HAL_UART_Init)
    [Anonymous Symbol]                       0x08003f24   Section        0  usart.o(.text.HAL_UART_MspInit)
    [Anonymous Symbol]                       0x08004034   Section        0  stm32g4xx_hal_uart.o(.text.HAL_UART_Transmit_DMA)
    [Anonymous Symbol]                       0x08004104   Section        0  stm32g4xx_hal_uart.o(.text.HAL_UART_TxCpltCallback)
    [Anonymous Symbol]                       0x08004108   Section        0  stm32g4xx_hal_uart.o(.text.HAL_UART_TxHalfCpltCallback)
    [Anonymous Symbol]                       0x0800410c   Section        0  stm32g4xx_it.o(.text.HardFault_Handler)
    [Anonymous Symbol]                       0x08004110   Section        0  adc.o(.text.MX_ADC1_Init)
    [Anonymous Symbol]                       0x08004228   Section        0  dma.o(.text.MX_DMA_Init)
    [Anonymous Symbol]                       0x08004290   Section        0  gpio.o(.text.MX_GPIO_Init)
    [Anonymous Symbol]                       0x0800439c   Section        0  spi.o(.text.MX_SPI1_Init)
    [Anonymous Symbol]                       0x080043f0   Section        0  tim.o(.text.MX_TIM1_Init)
    [Anonymous Symbol]                       0x08004534   Section        0  tim.o(.text.MX_TIM2_Init)
    [Anonymous Symbol]                       0x080045a8   Section        0  tim.o(.text.MX_TIM3_Init)
    [Anonymous Symbol]                       0x08004614   Section        0  tim.o(.text.MX_TIM6_Init)
    [Anonymous Symbol]                       0x08004664   Section        0  tim.o(.text.MX_TIM7_Init)
    [Anonymous Symbol]                       0x080046b8   Section        0  usart.o(.text.MX_USART1_UART_Init)
    [Anonymous Symbol]                       0x0800473c   Section        0  stm32g4xx_it.o(.text.MemManage_Handler)
    [Anonymous Symbol]                       0x08004740   Section        0  stm32g4xx_it.o(.text.NMI_Handler)
    [Anonymous Symbol]                       0x08004744   Section        0  stm32g4xx_it.o(.text.PendSV_Handler)
    [Anonymous Symbol]                       0x08004748   Section        0  stm32g4xx_it.o(.text.SVC_Handler)
    [Anonymous Symbol]                       0x0800474c   Section        0  stm32g4xx_it.o(.text.SysTick_Handler)
    [Anonymous Symbol]                       0x08004750   Section        0  system_stm32g4xx.o(.text.SystemInit)
    [Anonymous Symbol]                       0x08004764   Section        0  stm32g4xx_it.o(.text.TIM3_IRQHandler)
    [Anonymous Symbol]                       0x08004770   Section        0  stm32g4xx_it.o(.text.TIM6_DAC_IRQHandler)
    [Anonymous Symbol]                       0x0800477c   Section        0  stm32g4xx_it.o(.text.TIM7_IRQHandler)
    [Anonymous Symbol]                       0x08004788   Section        0  stm32g4xx_hal_tim.o(.text.TIM_Base_SetConfig)
    [Anonymous Symbol]                       0x080048ac   Section        0  stm32g4xx_hal_uart.o(.text.UART_AdvFeatureConfig)
    [Anonymous Symbol]                       0x08004998   Section        0  stm32g4xx_hal_uart.o(.text.UART_CheckIdleState)
    UART_DMAAbortOnError                     0x08004b09   Thumb Code    16  stm32g4xx_hal_uart.o(.text.UART_DMAAbortOnError)
    [Anonymous Symbol]                       0x08004b08   Section        0  stm32g4xx_hal_uart.o(.text.UART_DMAAbortOnError)
    UART_DMAError                            0x08004b19   Thumb Code   474  stm32g4xx_hal_uart.o(.text.UART_DMAError)
    [Anonymous Symbol]                       0x08004b18   Section        0  stm32g4xx_hal_uart.o(.text.UART_DMAError)
    UART_DMATransmitCplt                     0x08004cf5   Thumb Code   176  stm32g4xx_hal_uart.o(.text.UART_DMATransmitCplt)
    [Anonymous Symbol]                       0x08004cf4   Section        0  stm32g4xx_hal_uart.o(.text.UART_DMATransmitCplt)
    UART_DMATxHalfCplt                       0x08004da5   Thumb Code     6  stm32g4xx_hal_uart.o(.text.UART_DMATxHalfCplt)
    [Anonymous Symbol]                       0x08004da4   Section        0  stm32g4xx_hal_uart.o(.text.UART_DMATxHalfCplt)
    [Anonymous Symbol]                       0x08004dac   Section        0  stm32g4xx_hal_uart.o(.text.UART_SetConfig)
    [Anonymous Symbol]                       0x08005044   Section        0  stm32g4xx_hal_uart.o(.text.UART_WaitOnFlagUntilTimeout)
    [Anonymous Symbol]                       0x0800537c   Section        0  stm32g4xx_it.o(.text.USART1_IRQHandler)
    [Anonymous Symbol]                       0x08005388   Section        0  stm32g4xx_it.o(.text.UsageFault_Handler)
    [Anonymous Symbol]                       0x0800538c   Section        0  vofa.o(.text.Vofa_FireWater)
    [Anonymous Symbol]                       0x080053c4   Section        0  main.o(.text.main)
    [Anonymous Symbol]                       0x08005498   Section        0  motor.o(.text.motor_init)
    i.__0vsnprintf                           0x08005510   Section        0  printfa.o(i.__0vsnprintf)
    i.__scatterload_copy                     0x08005544   Section       14  handlers.o(i.__scatterload_copy)
    i.__scatterload_null                     0x08005552   Section        2  handlers.o(i.__scatterload_null)
    i.__scatterload_zeroinit                 0x08005554   Section       14  handlers.o(i.__scatterload_zeroinit)
    _fp_digits                               0x08005565   Thumb Code   366  printfa.o(i._fp_digits)
    i._fp_digits                             0x08005564   Section        0  printfa.o(i._fp_digits)
    _printf_core                             0x080056e9   Thumb Code  1744  printfa.o(i._printf_core)
    i._printf_core                           0x080056e8   Section        0  printfa.o(i._printf_core)
    _printf_post_padding                     0x08005dc5   Thumb Code    36  printfa.o(i._printf_post_padding)
    i._printf_post_padding                   0x08005dc4   Section        0  printfa.o(i._printf_post_padding)
    _printf_pre_padding                      0x08005de9   Thumb Code    46  printfa.o(i._printf_pre_padding)
    i._printf_pre_padding                    0x08005de8   Section        0  printfa.o(i._printf_pre_padding)
    _snputc                                  0x08005e17   Thumb Code    22  printfa.o(i._snputc)
    i._snputc                                0x08005e16   Section        0  printfa.o(i._snputc)
    .Lswitch.table.UART_SetConfig.4          0x08005e5c   Data          16  stm32g4xx_hal_uart.o(.rodata.cst16)
    UARTEx_SetNbDataToProcess.numerator      0x08005e6c   Data           8  stm32g4xx_hal_uart_ex.o(.rodata.cst8)
    [Anonymous Symbol]                       0x08005e6c   Section        0  stm32g4xx_hal_uart_ex.o(.rodata.cst8)
    UARTEx_SetNbDataToProcess.denominator    0x08005e74   Data           8  stm32g4xx_hal_uart_ex.o(.rodata.cst8)
    .L_MergedGlobals                         0x20000000   Data           8  stm32g4xx_hal.o(.data..L_MergedGlobals)
    [Anonymous Symbol]                       0x20000000   Section        0  stm32g4xx_hal.o(.data..L_MergedGlobals)
    STACK                                    0x20000498   Section     1024  startup_stm32g431xx.o(STACK)

    Global Symbols

    Symbol Name                              Value     Ov Type        Size  Object(Section)

    BuildAttributes$$THM_ISAv4$E$P$D$K$B$S$7EM$VFPi3$EXTD16$VFPS$VFMA$PE$A:L22UL41UL21$X:L11$S22US41US21$IEEE1$IW$~IW$USESV6$~STKCKD$USESV7$~SHL$OTIME$ROPI$EBA8$MICROLIB$REQ8$PRES8$EABIv2 0x00000000   Number         0  anon$$obj.o ABSOLUTE
    _printf_a                                0x00000000   Number         0  printfstubs.o ABSOLUTE
    _printf_c                                0x00000000   Number         0  printfstubs.o ABSOLUTE
    _printf_charcount                        0x00000000   Number         0  printfstubs.o ABSOLUTE
    _printf_d                                0x00000000   Number         0  printfstubs.o ABSOLUTE
    _printf_e                                0x00000000   Number         0  printfstubs.o ABSOLUTE
    _printf_f                                0x00000000   Number         0  printfstubs.o ABSOLUTE
    _printf_flags                            0x00000000   Number         0  printfstubs.o ABSOLUTE
    _printf_fp_dec                           0x00000000   Number         0  printfstubs.o ABSOLUTE
    _printf_fp_hex                           0x00000000   Number         0  printfstubs.o ABSOLUTE
    _printf_g                                0x00000000   Number         0  printfstubs.o ABSOLUTE
    _printf_i                                0x00000000   Number         0  printfstubs.o ABSOLUTE
    _printf_int_dec                          0x00000000   Number         0  printfstubs.o ABSOLUTE
    _printf_l                                0x00000000   Number         0  printfstubs.o ABSOLUTE
    _printf_lc                               0x00000000   Number         0  printfstubs.o ABSOLUTE
    _printf_ll                               0x00000000   Number         0  printfstubs.o ABSOLUTE
    _printf_lld                              0x00000000   Number         0  printfstubs.o ABSOLUTE
    _printf_lli                              0x00000000   Number         0  printfstubs.o ABSOLUTE
    _printf_llo                              0x00000000   Number         0  printfstubs.o ABSOLUTE
    _printf_llu                              0x00000000   Number         0  printfstubs.o ABSOLUTE
    _printf_llx                              0x00000000   Number         0  printfstubs.o ABSOLUTE
    _printf_longlong_dec                     0x00000000   Number         0  printfstubs.o ABSOLUTE
    _printf_longlong_hex                     0x00000000   Number         0  printfstubs.o ABSOLUTE
    _printf_longlong_oct                     0x00000000   Number         0  printfstubs.o ABSOLUTE
    _printf_ls                               0x00000000   Number         0  printfstubs.o ABSOLUTE
    _printf_mbtowc                           0x00000000   Number         0  printfstubs.o ABSOLUTE
    _printf_n                                0x00000000   Number         0  printfstubs.o ABSOLUTE
    _printf_o                                0x00000000   Number         0  printfstubs.o ABSOLUTE
    _printf_p                                0x00000000   Number         0  printfstubs.o ABSOLUTE
    _printf_percent                          0x00000000   Number         0  printfstubs.o ABSOLUTE
    _printf_pre_padding                      0x00000000   Number         0  printfstubs.o ABSOLUTE
    _printf_return_value                     0x00000000   Number         0  printfstubs.o ABSOLUTE
    _printf_s                                0x00000000   Number         0  printfstubs.o ABSOLUTE
    _printf_sizespec                         0x00000000   Number         0  printfstubs.o ABSOLUTE
    _printf_str                              0x00000000   Number         0  printfstubs.o ABSOLUTE
    _printf_truncate_signed                  0x00000000   Number         0  printfstubs.o ABSOLUTE
    _printf_truncate_unsigned                0x00000000   Number         0  printfstubs.o ABSOLUTE
    _printf_u                                0x00000000   Number         0  printfstubs.o ABSOLUTE
    _printf_wc                               0x00000000   Number         0  printfstubs.o ABSOLUTE
    _printf_wctomb                           0x00000000   Number         0  printfstubs.o ABSOLUTE
    _printf_widthprec                        0x00000000   Number         0  printfstubs.o ABSOLUTE
    _printf_x                                0x00000000   Number         0  printfstubs.o ABSOLUTE
    __cpp_initialize__aeabi_                  - Undefined Weak Reference
    __cxa_finalize                            - Undefined Weak Reference
    __decompress                              - Undefined Weak Reference
    _clock_init                               - Undefined Weak Reference
    _microlib_exit                            - Undefined Weak Reference
    __Vectors_Size                           0x000001d8   Number         0  startup_stm32g431xx.o ABSOLUTE
    __Vectors                                0x08000000   Data           4  startup_stm32g431xx.o(RESET)
    __Vectors_End                            0x080001d8   Data           0  startup_stm32g431xx.o(RESET)
    __main                                   0x080001d9   Thumb Code     0  entry.o(.ARM.Collect$$$$00000000)
    _main_stk                                0x080001d9   Thumb Code     0  entry2.o(.ARM.Collect$$$$00000001)
    _main_scatterload                        0x080001dd   Thumb Code     0  entry5.o(.ARM.Collect$$$$00000004)
    __main_after_scatterload                 0x080001e1   Thumb Code     0  entry5.o(.ARM.Collect$$$$00000004)
    _main_clock                              0x080001e1   Thumb Code     0  entry7b.o(.ARM.Collect$$$$00000008)
    _main_cpp_init                           0x080001e1   Thumb Code     0  entry8b.o(.ARM.Collect$$$$0000000A)
    _main_init                               0x080001e1   Thumb Code     0  entry9a.o(.ARM.Collect$$$$0000000B)
    __rt_final_cpp                           0x080001e9   Thumb Code     0  entry10a.o(.ARM.Collect$$$$0000000D)
    __rt_final_exit                          0x080001e9   Thumb Code     0  entry11a.o(.ARM.Collect$$$$0000000F)
    Reset_Handler                            0x080001ed   Thumb Code     8  startup_stm32g431xx.o(.text)
    ADC1_2_IRQHandler                        0x08000207   Thumb Code     0  startup_stm32g431xx.o(.text)
    COMP1_2_3_IRQHandler                     0x08000207   Thumb Code     0  startup_stm32g431xx.o(.text)
    COMP4_IRQHandler                         0x08000207   Thumb Code     0  startup_stm32g431xx.o(.text)
    CORDIC_IRQHandler                        0x08000207   Thumb Code     0  startup_stm32g431xx.o(.text)
    CRS_IRQHandler                           0x08000207   Thumb Code     0  startup_stm32g431xx.o(.text)
    DMA1_Channel4_IRQHandler                 0x08000207   Thumb Code     0  startup_stm32g431xx.o(.text)
    DMA1_Channel5_IRQHandler                 0x08000207   Thumb Code     0  startup_stm32g431xx.o(.text)
    DMA1_Channel6_IRQHandler                 0x08000207   Thumb Code     0  startup_stm32g431xx.o(.text)
    DMA2_Channel1_IRQHandler                 0x08000207   Thumb Code     0  startup_stm32g431xx.o(.text)
    DMA2_Channel2_IRQHandler                 0x08000207   Thumb Code     0  startup_stm32g431xx.o(.text)
    DMA2_Channel3_IRQHandler                 0x08000207   Thumb Code     0  startup_stm32g431xx.o(.text)
    DMA2_Channel4_IRQHandler                 0x08000207   Thumb Code     0  startup_stm32g431xx.o(.text)
    DMA2_Channel5_IRQHandler                 0x08000207   Thumb Code     0  startup_stm32g431xx.o(.text)
    DMA2_Channel6_IRQHandler                 0x08000207   Thumb Code     0  startup_stm32g431xx.o(.text)
    DMAMUX_OVR_IRQHandler                    0x08000207   Thumb Code     0  startup_stm32g431xx.o(.text)
    EXTI15_10_IRQHandler                     0x08000207   Thumb Code     0  startup_stm32g431xx.o(.text)
    EXTI1_IRQHandler                         0x08000207   Thumb Code     0  startup_stm32g431xx.o(.text)
    EXTI2_IRQHandler                         0x08000207   Thumb Code     0  startup_stm32g431xx.o(.text)
    EXTI3_IRQHandler                         0x08000207   Thumb Code     0  startup_stm32g431xx.o(.text)
    EXTI9_5_IRQHandler                       0x08000207   Thumb Code     0  startup_stm32g431xx.o(.text)
    FDCAN1_IT0_IRQHandler                    0x08000207   Thumb Code     0  startup_stm32g431xx.o(.text)
    FDCAN1_IT1_IRQHandler                    0x08000207   Thumb Code     0  startup_stm32g431xx.o(.text)
    FLASH_IRQHandler                         0x08000207   Thumb Code     0  startup_stm32g431xx.o(.text)
    FMAC_IRQHandler                          0x08000207   Thumb Code     0  startup_stm32g431xx.o(.text)
    FPU_IRQHandler                           0x08000207   Thumb Code     0  startup_stm32g431xx.o(.text)
    I2C1_ER_IRQHandler                       0x08000207   Thumb Code     0  startup_stm32g431xx.o(.text)
    I2C1_EV_IRQHandler                       0x08000207   Thumb Code     0  startup_stm32g431xx.o(.text)
    I2C2_ER_IRQHandler                       0x08000207   Thumb Code     0  startup_stm32g431xx.o(.text)
    I2C2_EV_IRQHandler                       0x08000207   Thumb Code     0  startup_stm32g431xx.o(.text)
    I2C3_ER_IRQHandler                       0x08000207   Thumb Code     0  startup_stm32g431xx.o(.text)
    I2C3_EV_IRQHandler                       0x08000207   Thumb Code     0  startup_stm32g431xx.o(.text)
    LPTIM1_IRQHandler                        0x08000207   Thumb Code     0  startup_stm32g431xx.o(.text)
    LPUART1_IRQHandler                       0x08000207   Thumb Code     0  startup_stm32g431xx.o(.text)
    PVD_PVM_IRQHandler                       0x08000207   Thumb Code     0  startup_stm32g431xx.o(.text)
    RCC_IRQHandler                           0x08000207   Thumb Code     0  startup_stm32g431xx.o(.text)
    RNG_IRQHandler                           0x08000207   Thumb Code     0  startup_stm32g431xx.o(.text)
    RTC_Alarm_IRQHandler                     0x08000207   Thumb Code     0  startup_stm32g431xx.o(.text)
    RTC_TAMP_LSECSS_IRQHandler               0x08000207   Thumb Code     0  startup_stm32g431xx.o(.text)
    RTC_WKUP_IRQHandler                      0x08000207   Thumb Code     0  startup_stm32g431xx.o(.text)
    SAI1_IRQHandler                          0x08000207   Thumb Code     0  startup_stm32g431xx.o(.text)
    SPI1_IRQHandler                          0x08000207   Thumb Code     0  startup_stm32g431xx.o(.text)
    SPI2_IRQHandler                          0x08000207   Thumb Code     0  startup_stm32g431xx.o(.text)
    SPI3_IRQHandler                          0x08000207   Thumb Code     0  startup_stm32g431xx.o(.text)
    TIM1_BRK_TIM15_IRQHandler                0x08000207   Thumb Code     0  startup_stm32g431xx.o(.text)
    TIM1_CC_IRQHandler                       0x08000207   Thumb Code     0  startup_stm32g431xx.o(.text)
    TIM1_TRG_COM_TIM17_IRQHandler            0x08000207   Thumb Code     0  startup_stm32g431xx.o(.text)
    TIM1_UP_TIM16_IRQHandler                 0x08000207   Thumb Code     0  startup_stm32g431xx.o(.text)
    TIM2_IRQHandler                          0x08000207   Thumb Code     0  startup_stm32g431xx.o(.text)
    TIM4_IRQHandler                          0x08000207   Thumb Code     0  startup_stm32g431xx.o(.text)
    TIM8_BRK_IRQHandler                      0x08000207   Thumb Code     0  startup_stm32g431xx.o(.text)
    TIM8_CC_IRQHandler                       0x08000207   Thumb Code     0  startup_stm32g431xx.o(.text)
    TIM8_TRG_COM_IRQHandler                  0x08000207   Thumb Code     0  startup_stm32g431xx.o(.text)
    TIM8_UP_IRQHandler                       0x08000207   Thumb Code     0  startup_stm32g431xx.o(.text)
    UART4_IRQHandler                         0x08000207   Thumb Code     0  startup_stm32g431xx.o(.text)
    UCPD1_IRQHandler                         0x08000207   Thumb Code     0  startup_stm32g431xx.o(.text)
    USART2_IRQHandler                        0x08000207   Thumb Code     0  startup_stm32g431xx.o(.text)
    USART3_IRQHandler                        0x08000207   Thumb Code     0  startup_stm32g431xx.o(.text)
    USBWakeUp_IRQHandler                     0x08000207   Thumb Code     0  startup_stm32g431xx.o(.text)
    USB_HP_IRQHandler                        0x08000207   Thumb Code     0  startup_stm32g431xx.o(.text)
    USB_LP_IRQHandler                        0x08000207   Thumb Code     0  startup_stm32g431xx.o(.text)
    WWDG_IRQHandler                          0x08000207   Thumb Code     0  startup_stm32g431xx.o(.text)
    __aeabi_uldivmod                         0x08000211   Thumb Code    98  uldiv.o(.text)
    __aeabi_memset                           0x08000273   Thumb Code    14  memseta.o(.text)
    __aeabi_memset4                          0x08000273   Thumb Code     0  memseta.o(.text)
    __aeabi_memset8                          0x08000273   Thumb Code     0  memseta.o(.text)
    __aeabi_memclr                           0x08000281   Thumb Code     4  memseta.o(.text)
    __aeabi_memclr4                          0x08000281   Thumb Code     0  memseta.o(.text)
    __aeabi_memclr8                          0x08000281   Thumb Code     0  memseta.o(.text)
    _memset$wrapper                          0x08000285   Thumb Code    18  memseta.o(.text)
    __aeabi_dmul                             0x08000297   Thumb Code   228  dmul.o(.text)
    __aeabi_f2d                              0x0800037b   Thumb Code    38  f2d.o(.text)
    __aeabi_uidiv                            0x080003a1   Thumb Code     0  uidiv.o(.text)
    __aeabi_uidivmod                         0x080003a1   Thumb Code    44  uidiv.o(.text)
    __aeabi_llsl                             0x080003cd   Thumb Code    30  llshl.o(.text)
    _ll_shift_l                              0x080003cd   Thumb Code     0  llshl.o(.text)
    __aeabi_llsr                             0x080003eb   Thumb Code    32  llushr.o(.text)
    _ll_ushift_r                             0x080003eb   Thumb Code     0  llushr.o(.text)
    __I$use$fp                               0x0800040b   Thumb Code     0  iusefp.o(.text)
    _double_round                            0x0800040b   Thumb Code    30  depilogue.o(.text)
    _double_epilogue                         0x08000429   Thumb Code   156  depilogue.o(.text)
    __aeabi_dadd                             0x080004c5   Thumb Code   322  dadd.o(.text)
    __aeabi_dsub                             0x08000607   Thumb Code     6  dadd.o(.text)
    __aeabi_drsub                            0x0800060d   Thumb Code     6  dadd.o(.text)
    __aeabi_ddiv                             0x08000613   Thumb Code   222  ddiv.o(.text)
    __aeabi_d2ulz                            0x080006f1   Thumb Code    48  dfixul.o(.text)
    __aeabi_cdrcmple                         0x08000721   Thumb Code    48  cdrcmple.o(.text)
    __scatterload                            0x08000751   Thumb Code    38  init.o(.text)
    __scatterload_rt2                        0x08000751   Thumb Code     0  init.o(.text)
    __aeabi_lasr                             0x08000781   Thumb Code    36  llsshr.o(.text)
    _ll_sshift_r                             0x08000781   Thumb Code     0  llsshr.o(.text)
    ADC_DMAConvCplt                          0x080007a5   Thumb Code    98  stm32g4xx_hal_adc.o(.text.ADC_DMAConvCplt)
    ADC_DMAError                             0x08000809   Thumb Code    22  stm32g4xx_hal_adc.o(.text.ADC_DMAError)
    ADC_DMAHalfConvCplt                      0x08000821   Thumb Code     6  stm32g4xx_hal_adc.o(.text.ADC_DMAHalfConvCplt)
    ADC_Disable                              0x08000829   Thumb Code   124  stm32g4xx_hal_adc.o(.text.ADC_Disable)
    ADC_Enable                               0x080008a5   Thumb Code   246  stm32g4xx_hal_adc.o(.text.ADC_Enable)
    As5047p_Init                             0x0800099d   Thumb Code    54  as5047p.o(.text.As5047p_Init)
    BusFault_Handler                         0x080009d5   Thumb Code     2  stm32g4xx_it.o(.text.BusFault_Handler)
    DMA1_Channel1_IRQHandler                 0x080009d9   Thumb Code    12  stm32g4xx_it.o(.text.DMA1_Channel1_IRQHandler)
    DMA1_Channel2_IRQHandler                 0x080009e5   Thumb Code    12  stm32g4xx_it.o(.text.DMA1_Channel2_IRQHandler)
    DMA1_Channel3_IRQHandler                 0x080009f1   Thumb Code    12  stm32g4xx_it.o(.text.DMA1_Channel3_IRQHandler)
    DebugMon_Handler                         0x080009fd   Thumb Code     2  stm32g4xx_it.o(.text.DebugMon_Handler)
    EXTI0_IRQHandler                         0x08000a01   Thumb Code     6  stm32g4xx_it.o(.text.EXTI0_IRQHandler)
    EXTI4_IRQHandler                         0x08000a09   Thumb Code     6  stm32g4xx_it.o(.text.EXTI4_IRQHandler)
    Error_Handler                            0x08000a11   Thumb Code    10  main.o(.text.Error_Handler)
    HAL_ADCEx_Calibration_Start              0x08000a1d   Thumb Code   212  stm32g4xx_hal_adc_ex.o(.text.HAL_ADCEx_Calibration_Start)
    HAL_ADCEx_MultiModeConfigChannel         0x08000af1   Thumb Code   184  stm32g4xx_hal_adc_ex.o(.text.HAL_ADCEx_MultiModeConfigChannel)
    HAL_ADC_ConfigChannel                    0x08000ba9   Thumb Code   922  stm32g4xx_hal_adc.o(.text.HAL_ADC_ConfigChannel)
    HAL_ADC_ConvCpltCallback                 0x08000f45   Thumb Code     2  stm32g4xx_hal_adc.o(.text.HAL_ADC_ConvCpltCallback)
    HAL_ADC_ConvHalfCpltCallback             0x08000f49   Thumb Code     2  stm32g4xx_hal_adc.o(.text.HAL_ADC_ConvHalfCpltCallback)
    HAL_ADC_ErrorCallback                    0x08000f4d   Thumb Code     2  stm32g4xx_hal_adc.o(.text.HAL_ADC_ErrorCallback)
    HAL_ADC_Init                             0x08000f51   Thumb Code   576  stm32g4xx_hal_adc.o(.text.HAL_ADC_Init)
    HAL_ADC_MspInit                          0x08001191   Thumb Code   198  adc.o(.text.HAL_ADC_MspInit)
    HAL_ADC_Start_DMA                        0x08001259   Thumb Code   226  stm32g4xx_hal_adc.o(.text.HAL_ADC_Start_DMA)
    HAL_DMA_Abort                            0x0800133d   Thumb Code   112  stm32g4xx_hal_dma.o(.text.HAL_DMA_Abort)
    HAL_DMA_Abort_IT                         0x080013ad   Thumb Code   128  stm32g4xx_hal_dma.o(.text.HAL_DMA_Abort_IT)
    HAL_DMA_IRQHandler                       0x0800142d   Thumb Code   170  stm32g4xx_hal_dma.o(.text.HAL_DMA_IRQHandler)
    HAL_DMA_Init                             0x080014d9   Thumb Code   298  stm32g4xx_hal_dma.o(.text.HAL_DMA_Init)
    HAL_DMA_Start_IT                         0x08001605   Thumb Code   232  stm32g4xx_hal_dma.o(.text.HAL_DMA_Start_IT)
    HAL_Delay                                0x080016ed   Thumb Code    40  stm32g4xx_hal.o(.text.HAL_Delay)
    HAL_GPIO_EXTI_Callback                   0x08001715   Thumb Code    84  stm32g4xx_it.o(.text.HAL_GPIO_EXTI_Callback)
    HAL_GPIO_EXTI_IRQHandler                 0x08001769   Thumb Code    22  stm32g4xx_hal_gpio.o(.text.HAL_GPIO_EXTI_IRQHandler)
    HAL_GPIO_Init                            0x08001781   Thumb Code   414  stm32g4xx_hal_gpio.o(.text.HAL_GPIO_Init)
    HAL_GPIO_ReadPin                         0x08001921   Thumb Code    10  stm32g4xx_hal_gpio.o(.text.HAL_GPIO_ReadPin)
    HAL_GPIO_TogglePin                       0x0800192d   Thumb Code    16  stm32g4xx_hal_gpio.o(.text.HAL_GPIO_TogglePin)
    HAL_GPIO_WritePin                        0x0800193d   Thumb Code    12  stm32g4xx_hal_gpio.o(.text.HAL_GPIO_WritePin)
    HAL_GetTick                              0x08001949   Thumb Code    12  stm32g4xx_hal.o(.text.HAL_GetTick)
    HAL_IncTick                              0x08001955   Thumb Code    26  stm32g4xx_hal.o(.text.HAL_IncTick)
    HAL_Init                                 0x08001971   Thumb Code    30  stm32g4xx_hal.o(.text.HAL_Init)
    HAL_InitTick                             0x08001991   Thumb Code    76  stm32g4xx_hal.o(.text.HAL_InitTick)
    HAL_MspInit                              0x080019dd   Thumb Code    52  stm32g4xx_hal_msp.o(.text.HAL_MspInit)
    HAL_NVIC_EnableIRQ                       0x08001a11   Thumb Code    34  stm32g4xx_hal_cortex.o(.text.HAL_NVIC_EnableIRQ)
    HAL_NVIC_SetPriority                     0x08001a35   Thumb Code    86  stm32g4xx_hal_cortex.o(.text.HAL_NVIC_SetPriority)
    HAL_NVIC_SetPriorityGrouping             0x08001a8d   Thumb Code    32  stm32g4xx_hal_cortex.o(.text.HAL_NVIC_SetPriorityGrouping)
    HAL_PWREx_ControlVoltageScaling          0x08001aad   Thumb Code   294  stm32g4xx_hal_pwr_ex.o(.text.HAL_PWREx_ControlVoltageScaling)
    HAL_PWREx_DisableUCPDDeadBattery         0x08001bd5   Thumb Code    18  stm32g4xx_hal_pwr_ex.o(.text.HAL_PWREx_DisableUCPDDeadBattery)
    HAL_RCCEx_PeriphCLKConfig                0x08001be9   Thumb Code   618  stm32g4xx_hal_rcc_ex.o(.text.HAL_RCCEx_PeriphCLKConfig)
    HAL_RCC_ClockConfig                      0x08001e55   Thumb Code   780  stm32g4xx_hal_rcc.o(.text.HAL_RCC_ClockConfig)
    HAL_RCC_GetPCLK1Freq                     0x08002161   Thumb Code    42  stm32g4xx_hal_rcc.o(.text.HAL_RCC_GetPCLK1Freq)
    HAL_RCC_GetPCLK2Freq                     0x0800218d   Thumb Code    42  stm32g4xx_hal_rcc.o(.text.HAL_RCC_GetPCLK2Freq)
    HAL_RCC_GetSysClockFreq                  0x080021b9   Thumb Code   130  stm32g4xx_hal_rcc.o(.text.HAL_RCC_GetSysClockFreq)
    HAL_RCC_OscConfig                        0x0800223d   Thumb Code  1234  stm32g4xx_hal_rcc.o(.text.HAL_RCC_OscConfig)
    HAL_SPI_Init                             0x08002711   Thumb Code   228  stm32g4xx_hal_spi.o(.text.HAL_SPI_Init)
    HAL_SPI_MspInit                          0x080027f5   Thumb Code   104  spi.o(.text.HAL_SPI_MspInit)
    HAL_SYSTICK_Config                       0x0800285d   Thumb Code    44  stm32g4xx_hal_cortex.o(.text.HAL_SYSTICK_Config)
    HAL_TIMEx_Break2Callback                 0x08002889   Thumb Code     2  stm32g4xx_hal_tim_ex.o(.text.HAL_TIMEx_Break2Callback)
    HAL_TIMEx_BreakCallback                  0x0800288d   Thumb Code     2  stm32g4xx_hal_tim_ex.o(.text.HAL_TIMEx_BreakCallback)
    HAL_TIMEx_CommutCallback                 0x08002891   Thumb Code     2  stm32g4xx_hal_tim_ex.o(.text.HAL_TIMEx_CommutCallback)
    HAL_TIMEx_ConfigBreakDeadTime            0x08002895   Thumb Code   206  stm32g4xx_hal_tim_ex.o(.text.HAL_TIMEx_ConfigBreakDeadTime)
    HAL_TIMEx_DirectionChangeCallback        0x08002965   Thumb Code     2  stm32g4xx_hal_tim_ex.o(.text.HAL_TIMEx_DirectionChangeCallback)
    HAL_TIMEx_EncoderIndexCallback           0x08002969   Thumb Code     2  stm32g4xx_hal_tim_ex.o(.text.HAL_TIMEx_EncoderIndexCallback)
    HAL_TIMEx_IndexErrorCallback             0x0800296d   Thumb Code     2  stm32g4xx_hal_tim_ex.o(.text.HAL_TIMEx_IndexErrorCallback)
    HAL_TIMEx_MasterConfigSynchronization    0x08002971   Thumb Code   166  stm32g4xx_hal_tim_ex.o(.text.HAL_TIMEx_MasterConfigSynchronization)
    HAL_TIMEx_TransitionErrorCallback        0x08002a19   Thumb Code     2  stm32g4xx_hal_tim_ex.o(.text.HAL_TIMEx_TransitionErrorCallback)
    HAL_TIM_Base_Init                        0x08002a1d   Thumb Code    98  stm32g4xx_hal_tim.o(.text.HAL_TIM_Base_Init)
    HAL_TIM_Base_MspInit                     0x08002a81   Thumb Code   212  tim.o(.text.HAL_TIM_Base_MspInit)
    HAL_TIM_Base_Start_IT                    0x08002b55   Thumb Code   146  stm32g4xx_hal_tim.o(.text.HAL_TIM_Base_Start_IT)
    HAL_TIM_Base_Stop_IT                     0x08002be9   Thumb Code    60  stm32g4xx_hal_tim.o(.text.HAL_TIM_Base_Stop_IT)
    HAL_TIM_ConfigClockSource                0x08002c25   Thumb Code   516  stm32g4xx_hal_tim.o(.text.HAL_TIM_ConfigClockSource)
    HAL_TIM_Encoder_Init                     0x08002e29   Thumb Code   182  stm32g4xx_hal_tim.o(.text.HAL_TIM_Encoder_Init)
    HAL_TIM_Encoder_MspInit                  0x08002ee1   Thumb Code   114  tim.o(.text.HAL_TIM_Encoder_MspInit)
    HAL_TIM_Encoder_Start                    0x08002f55   Thumb Code   188  stm32g4xx_hal_tim.o(.text.HAL_TIM_Encoder_Start)
    HAL_TIM_IC_CaptureCallback               0x08003011   Thumb Code     2  stm32g4xx_hal_tim.o(.text.HAL_TIM_IC_CaptureCallback)
    HAL_TIM_IRQHandler                       0x08003015   Thumb Code   460  stm32g4xx_hal_tim.o(.text.HAL_TIM_IRQHandler)
    HAL_TIM_MspPostInit                      0x080031e1   Thumb Code   160  tim.o(.text.HAL_TIM_MspPostInit)
    HAL_TIM_OC_ConfigChannel                 0x08003281   Thumb Code   828  stm32g4xx_hal_tim.o(.text.HAL_TIM_OC_ConfigChannel)
    HAL_TIM_OC_DelayElapsedCallback          0x080035bd   Thumb Code     2  stm32g4xx_hal_tim.o(.text.HAL_TIM_OC_DelayElapsedCallback)
    HAL_TIM_OC_Init                          0x080035c1   Thumb Code    98  stm32g4xx_hal_tim.o(.text.HAL_TIM_OC_Init)
    HAL_TIM_OC_MspInit                       0x08003625   Thumb Code     2  stm32g4xx_hal_tim.o(.text.HAL_TIM_OC_MspInit)
    HAL_TIM_PWM_PulseFinishedCallback        0x08003629   Thumb Code     2  stm32g4xx_hal_tim.o(.text.HAL_TIM_PWM_PulseFinishedCallback)
    HAL_TIM_PeriodElapsedCallback            0x0800362d   Thumb Code   224  stm32g4xx_it.o(.text.HAL_TIM_PeriodElapsedCallback)
    HAL_TIM_TriggerCallback                  0x0800371d   Thumb Code     2  stm32g4xx_hal_tim.o(.text.HAL_TIM_TriggerCallback)
    HAL_UARTEx_DisableFifoMode               0x08003721   Thumb Code    54  stm32g4xx_hal_uart_ex.o(.text.HAL_UARTEx_DisableFifoMode)
    HAL_UARTEx_RxEventCallback               0x08003759   Thumb Code     2  stm32g4xx_hal_uart.o(.text.HAL_UARTEx_RxEventCallback)
    HAL_UARTEx_RxFifoFullCallback            0x0800375d   Thumb Code     2  stm32g4xx_hal_uart_ex.o(.text.HAL_UARTEx_RxFifoFullCallback)
    HAL_UARTEx_SetRxFifoThreshold            0x08003761   Thumb Code   144  stm32g4xx_hal_uart_ex.o(.text.HAL_UARTEx_SetRxFifoThreshold)
    HAL_UARTEx_SetTxFifoThreshold            0x080037f1   Thumb Code   144  stm32g4xx_hal_uart_ex.o(.text.HAL_UARTEx_SetTxFifoThreshold)
    HAL_UARTEx_TxFifoEmptyCallback           0x08003881   Thumb Code     2  stm32g4xx_hal_uart_ex.o(.text.HAL_UARTEx_TxFifoEmptyCallback)
    HAL_UARTEx_WakeupCallback                0x08003885   Thumb Code     2  stm32g4xx_hal_uart_ex.o(.text.HAL_UARTEx_WakeupCallback)
    HAL_UART_ErrorCallback                   0x08003889   Thumb Code     2  stm32g4xx_hal_uart.o(.text.HAL_UART_ErrorCallback)
    HAL_UART_IRQHandler                      0x0800388d   Thumb Code  1588  stm32g4xx_hal_uart.o(.text.HAL_UART_IRQHandler)
    HAL_UART_Init                            0x08003ec1   Thumb Code   100  stm32g4xx_hal_uart.o(.text.HAL_UART_Init)
    HAL_UART_MspInit                         0x08003f25   Thumb Code   272  usart.o(.text.HAL_UART_MspInit)
    HAL_UART_Transmit_DMA                    0x08004035   Thumb Code   206  stm32g4xx_hal_uart.o(.text.HAL_UART_Transmit_DMA)
    HAL_UART_TxCpltCallback                  0x08004105   Thumb Code     2  stm32g4xx_hal_uart.o(.text.HAL_UART_TxCpltCallback)
    HAL_UART_TxHalfCpltCallback              0x08004109   Thumb Code     2  stm32g4xx_hal_uart.o(.text.HAL_UART_TxHalfCpltCallback)
    HardFault_Handler                        0x0800410d   Thumb Code     2  stm32g4xx_it.o(.text.HardFault_Handler)
    MX_ADC1_Init                             0x08004111   Thumb Code   280  adc.o(.text.MX_ADC1_Init)
    MX_DMA_Init                              0x08004229   Thumb Code   102  dma.o(.text.MX_DMA_Init)
    MX_GPIO_Init                             0x08004291   Thumb Code   266  gpio.o(.text.MX_GPIO_Init)
    MX_SPI1_Init                             0x0800439d   Thumb Code    82  spi.o(.text.MX_SPI1_Init)
    MX_TIM1_Init                             0x080043f1   Thumb Code   324  tim.o(.text.MX_TIM1_Init)
    MX_TIM2_Init                             0x08004535   Thumb Code   114  tim.o(.text.MX_TIM2_Init)
    MX_TIM3_Init                             0x080045a9   Thumb Code   106  tim.o(.text.MX_TIM3_Init)
    MX_TIM6_Init                             0x08004615   Thumb Code    80  tim.o(.text.MX_TIM6_Init)
    MX_TIM7_Init                             0x08004665   Thumb Code    82  tim.o(.text.MX_TIM7_Init)
    MX_USART1_UART_Init                      0x080046b9   Thumb Code   130  usart.o(.text.MX_USART1_UART_Init)
    MemManage_Handler                        0x0800473d   Thumb Code     2  stm32g4xx_it.o(.text.MemManage_Handler)
    NMI_Handler                              0x08004741   Thumb Code     2  stm32g4xx_it.o(.text.NMI_Handler)
    PendSV_Handler                           0x08004745   Thumb Code     2  stm32g4xx_it.o(.text.PendSV_Handler)
    SVC_Handler                              0x08004749   Thumb Code     2  stm32g4xx_it.o(.text.SVC_Handler)
    SysTick_Handler                          0x0800474d   Thumb Code     4  stm32g4xx_it.o(.text.SysTick_Handler)
    SystemInit                               0x08004751   Thumb Code    18  system_stm32g4xx.o(.text.SystemInit)
    TIM3_IRQHandler                          0x08004765   Thumb Code    12  stm32g4xx_it.o(.text.TIM3_IRQHandler)
    TIM6_DAC_IRQHandler                      0x08004771   Thumb Code    12  stm32g4xx_it.o(.text.TIM6_DAC_IRQHandler)
    TIM7_IRQHandler                          0x0800477d   Thumb Code    12  stm32g4xx_it.o(.text.TIM7_IRQHandler)
    TIM_Base_SetConfig                       0x08004789   Thumb Code   290  stm32g4xx_hal_tim.o(.text.TIM_Base_SetConfig)
    UART_AdvFeatureConfig                    0x080048ad   Thumb Code   234  stm32g4xx_hal_uart.o(.text.UART_AdvFeatureConfig)
    UART_CheckIdleState                      0x08004999   Thumb Code   366  stm32g4xx_hal_uart.o(.text.UART_CheckIdleState)
    UART_SetConfig                           0x08004dad   Thumb Code   648  stm32g4xx_hal_uart.o(.text.UART_SetConfig)
    UART_WaitOnFlagUntilTimeout              0x08005045   Thumb Code   822  stm32g4xx_hal_uart.o(.text.UART_WaitOnFlagUntilTimeout)
    USART1_IRQHandler                        0x0800537d   Thumb Code    12  stm32g4xx_it.o(.text.USART1_IRQHandler)
    UsageFault_Handler                       0x08005389   Thumb Code     2  stm32g4xx_it.o(.text.UsageFault_Handler)
    Vofa_FireWater                           0x0800538d   Thumb Code    54  vofa.o(.text.Vofa_FireWater)
    main                                     0x080053c5   Thumb Code   210  main.o(.text.main)
    motor_init                               0x08005499   Thumb Code   118  motor.o(.text.motor_init)
    __0vsnprintf                             0x08005511   Thumb Code    46  printfa.o(i.__0vsnprintf)
    __1vsnprintf                             0x08005511   Thumb Code     0  printfa.o(i.__0vsnprintf)
    __2vsnprintf                             0x08005511   Thumb Code     0  printfa.o(i.__0vsnprintf)
    __c89vsnprintf                           0x08005511   Thumb Code     0  printfa.o(i.__0vsnprintf)
    vsnprintf                                0x08005511   Thumb Code     0  printfa.o(i.__0vsnprintf)
    __scatterload_copy                       0x08005545   Thumb Code    14  handlers.o(i.__scatterload_copy)
    __scatterload_null                       0x08005553   Thumb Code     2  handlers.o(i.__scatterload_null)
    __scatterload_zeroinit                   0x08005555   Thumb Code    14  handlers.o(i.__scatterload_zeroinit)
    AHBPrescTable                            0x08005e2c   Data          16  system_stm32g4xx.o(.rodata.AHBPrescTable)
    APBPrescTable                            0x08005e3c   Data           8  system_stm32g4xx.o(.rodata.APBPrescTable)
    UARTPrescTable                           0x08005e44   Data          24  stm32g4xx_hal_uart.o(.rodata.UARTPrescTable)
    Region$$Table$$Base                      0x08005e7c   Number         0  anon$$obj.o(Region$$Table)
    Region$$Table$$Limit                     0x08005e9c   Number         0  anon$$obj.o(Region$$Table)
    uwTickPrio                               0x20000000   Data           4  stm32g4xx_hal.o(.data..L_MergedGlobals)
    uwTickFreq                               0x20000004   Data           4  stm32g4xx_hal.o(.data..L_MergedGlobals)
    SystemCoreClock                          0x20000008   Data           4  system_stm32g4xx.o(.data.SystemCoreClock)
    adc_buff                                 0x2000000c   Data           8  main.o(.dma_buffer)
    as5047_encoder                           0x20000018   Data          48  as5047p.o(.bss.as5047_encoder)
    button_pressed                           0x20000048   Data           1  stm32g4xx_it.o(.bss.button_pressed)
    hadc1                                    0x2000004c   Data         108  adc.o(.bss.hadc1)
    hdma_adc1                                0x200000b8   Data          96  adc.o(.bss.hdma_adc1)
    hdma_usart1_rx                           0x20000118   Data          96  usart.o(.bss.hdma_usart1_rx)
    hdma_usart1_tx                           0x20000178   Data          96  usart.o(.bss.hdma_usart1_tx)
    hspi1                                    0x200001d8   Data         100  spi.o(.bss.hspi1)
    htim1                                    0x2000023c   Data          76  tim.o(.bss.htim1)
    htim2                                    0x20000288   Data          76  tim.o(.bss.htim2)
    htim3                                    0x200002d4   Data          76  tim.o(.bss.htim3)
    htim6                                    0x20000320   Data          76  tim.o(.bss.htim6)
    htim7                                    0x2000036c   Data          76  tim.o(.bss.htim7)
    huart1                                   0x200003b8   Data         148  usart.o(.bss.huart1)
    my_motor                                 0x2000044c   Data          72  motor.o(.bss.my_motor)
    uwTick                                   0x20000494   Data           4  stm32g4xx_hal.o(.bss.uwTick)
    __initial_sp                             0x20000898   Data           0  startup_stm32g431xx.o(STACK)



==============================================================================

Memory Map of the image

  Image Entry point : 0x080001d9

  Load Region LR_IROM1 (Base: 0x08000000, Size: 0x00005eb8, Max: 0x00020000, ABSOLUTE)

    Execution Region ER_IROM1 (Exec base: 0x08000000, Load base: 0x08000000, Size: 0x00005e9c, Max: 0x00020000, ABSOLUTE)

    Exec Addr    Load Addr    Size         Type   Attr      Idx    E Section Name        Object

    0x08000000   0x08000000   0x000001d8   Data   RO            3    RESET               startup_stm32g431xx.o
    0x080001d8   0x080001d8   0x00000000   Code   RO         1586  * .ARM.Collect$$$$00000000  mc_w.l(entry.o)
    0x080001d8   0x080001d8   0x00000004   Code   RO         1868    .ARM.Collect$$$$00000001  mc_w.l(entry2.o)
    0x080001dc   0x080001dc   0x00000004   Code   RO         1871    .ARM.Collect$$$$00000004  mc_w.l(entry5.o)
    0x080001e0   0x080001e0   0x00000000   Code   RO         1873    .ARM.Collect$$$$00000008  mc_w.l(entry7b.o)
    0x080001e0   0x080001e0   0x00000000   Code   RO         1875    .ARM.Collect$$$$0000000A  mc_w.l(entry8b.o)
    0x080001e0   0x080001e0   0x00000008   Code   RO         1876    .ARM.Collect$$$$0000000B  mc_w.l(entry9a.o)
    0x080001e8   0x080001e8   0x00000000   Code   RO         1878    .ARM.Collect$$$$0000000D  mc_w.l(entry10a.o)
    0x080001e8   0x080001e8   0x00000000   Code   RO         1880    .ARM.Collect$$$$0000000F  mc_w.l(entry11a.o)
    0x080001e8   0x080001e8   0x00000004   Code   RO         1869    .ARM.Collect$$$$00002712  mc_w.l(entry2.o)
    0x080001ec   0x080001ec   0x00000024   Code   RO            4    .text               startup_stm32g431xx.o
    0x08000210   0x08000210   0x00000062   Code   RO         1593    .text               mc_w.l(uldiv.o)
    0x08000272   0x08000272   0x00000024   Code   RO         1597    .text               mc_w.l(memseta.o)
    0x08000296   0x08000296   0x000000e4   Code   RO         1862    .text               mf_w.l(dmul.o)
    0x0800037a   0x0800037a   0x00000026   Code   RO         1866    .text               mf_w.l(f2d.o)
    0x080003a0   0x080003a0   0x0000002c   Code   RO         1892    .text               mc_w.l(uidiv.o)
    0x080003cc   0x080003cc   0x0000001e   Code   RO         1894    .text               mc_w.l(llshl.o)
    0x080003ea   0x080003ea   0x00000020   Code   RO         1896    .text               mc_w.l(llushr.o)
    0x0800040a   0x0800040a   0x00000000   Code   RO         1898    .text               mc_w.l(iusefp.o)
    0x0800040a   0x0800040a   0x000000ba   Code   RO         1899    .text               mf_w.l(depilogue.o)
    0x080004c4   0x080004c4   0x0000014e   Code   RO         1901    .text               mf_w.l(dadd.o)
    0x08000612   0x08000612   0x000000de   Code   RO         1903    .text               mf_w.l(ddiv.o)
    0x080006f0   0x080006f0   0x00000030   Code   RO         1905    .text               mf_w.l(dfixul.o)
    0x08000720   0x08000720   0x00000030   Code   RO         1907    .text               mf_w.l(cdrcmple.o)
    0x08000750   0x08000750   0x00000030   Code   RO         1909    .text               mc_w.l(init.o)
    0x08000780   0x08000780   0x00000024   Code   RO         1911    .text               mc_w.l(llsshr.o)
    0x080007a4   0x080007a4   0x00000062   Code   RO          216    .text.ADC_DMAConvCplt  stm32g4xx_hal_adc.o
    0x08000806   0x08000806   0x00000002   PAD
    0x08000808   0x08000808   0x00000016   Code   RO          220    .text.ADC_DMAError  stm32g4xx_hal_adc.o
    0x0800081e   0x0800081e   0x00000002   PAD
    0x08000820   0x08000820   0x00000006   Code   RO          218    .text.ADC_DMAHalfConvCplt  stm32g4xx_hal_adc.o
    0x08000826   0x08000826   0x00000002   PAD
    0x08000828   0x08000828   0x0000007c   Code   RO          196    .text.ADC_Disable   stm32g4xx_hal_adc.o
    0x080008a4   0x080008a4   0x000000f6   Code   RO          202    .text.ADC_Enable    stm32g4xx_hal_adc.o
    0x0800099a   0x0800099a   0x00000002   PAD
    0x0800099c   0x0800099c   0x00000036   Code   RO         1544    .text.As5047p_Init  as5047p.o
    0x080009d2   0x080009d2   0x00000002   PAD
    0x080009d4   0x080009d4   0x00000002   Code   RO          137    .text.BusFault_Handler  stm32g4xx_it.o
    0x080009d6   0x080009d6   0x00000002   PAD
    0x080009d8   0x080009d8   0x0000000c   Code   RO          153    .text.DMA1_Channel1_IRQHandler  stm32g4xx_it.o
    0x080009e4   0x080009e4   0x0000000c   Code   RO          155    .text.DMA1_Channel2_IRQHandler  stm32g4xx_it.o
    0x080009f0   0x080009f0   0x0000000c   Code   RO          157    .text.DMA1_Channel3_IRQHandler  stm32g4xx_it.o
    0x080009fc   0x080009fc   0x00000002   Code   RO          143    .text.DebugMon_Handler  stm32g4xx_it.o
    0x080009fe   0x080009fe   0x00000002   PAD
    0x08000a00   0x08000a00   0x00000006   Code   RO          149    .text.EXTI0_IRQHandler  stm32g4xx_it.o
    0x08000a06   0x08000a06   0x00000002   PAD
    0x08000a08   0x08000a08   0x00000006   Code   RO          151    .text.EXTI4_IRQHandler  stm32g4xx_it.o
    0x08000a0e   0x08000a0e   0x00000002   PAD
    0x08000a10   0x08000a10   0x0000000a   Code   RO           15    .text.Error_Handler  main.o
    0x08000a1a   0x08000a1a   0x00000002   PAD
    0x08000a1c   0x08000a1c   0x000000d4   Code   RO          256    .text.HAL_ADCEx_Calibration_Start  stm32g4xx_hal_adc_ex.o
    0x08000af0   0x08000af0   0x000000b8   Code   RO          300    .text.HAL_ADCEx_MultiModeConfigChannel  stm32g4xx_hal_adc_ex.o
    0x08000ba8   0x08000ba8   0x0000039a   Code   RO          240    .text.HAL_ADC_ConfigChannel  stm32g4xx_hal_adc.o
    0x08000f42   0x08000f42   0x00000002   PAD
    0x08000f44   0x08000f44   0x00000002   Code   RO          232    .text.HAL_ADC_ConvCpltCallback  stm32g4xx_hal_adc.o
    0x08000f46   0x08000f46   0x00000002   PAD
    0x08000f48   0x08000f48   0x00000002   Code   RO          238    .text.HAL_ADC_ConvHalfCpltCallback  stm32g4xx_hal_adc.o
    0x08000f4a   0x08000f4a   0x00000002   PAD
    0x08000f4c   0x08000f4c   0x00000002   Code   RO          236    .text.HAL_ADC_ErrorCallback  stm32g4xx_hal_adc.o
    0x08000f4e   0x08000f4e   0x00000002   PAD
    0x08000f50   0x08000f50   0x00000240   Code   RO          188    .text.HAL_ADC_Init  stm32g4xx_hal_adc.o
    0x08001190   0x08001190   0x000000c6   Code   RO           41    .text.HAL_ADC_MspInit  adc.o
    0x08001256   0x08001256   0x00000002   PAD
    0x08001258   0x08001258   0x000000e2   Code   RO          214    .text.HAL_ADC_Start_DMA  stm32g4xx_hal_adc.o
    0x0800133a   0x0800133a   0x00000002   PAD
    0x0800133c   0x0800133c   0x00000070   Code   RO          617    .text.HAL_DMA_Abort  stm32g4xx_hal_dma.o
    0x080013ac   0x080013ac   0x00000080   Code   RO          619    .text.HAL_DMA_Abort_IT  stm32g4xx_hal_dma.o
    0x0800142c   0x0800142c   0x000000aa   Code   RO          623    .text.HAL_DMA_IRQHandler  stm32g4xx_hal_dma.o
    0x080014d6   0x080014d6   0x00000002   PAD
    0x080014d8   0x080014d8   0x0000012a   Code   RO          609    .text.HAL_DMA_Init  stm32g4xx_hal_dma.o
    0x08001602   0x08001602   0x00000002   PAD
    0x08001604   0x08001604   0x000000e8   Code   RO          615    .text.HAL_DMA_Start_IT  stm32g4xx_hal_dma.o
    0x080016ec   0x080016ec   0x00000028   Code   RO          339    .text.HAL_Delay     stm32g4xx_hal.o
    0x08001714   0x08001714   0x00000054   Code   RO          167    .text.HAL_GPIO_EXTI_Callback  stm32g4xx_it.o
    0x08001768   0x08001768   0x00000016   Code   RO          571    .text.HAL_GPIO_EXTI_IRQHandler  stm32g4xx_hal_gpio.o
    0x0800177e   0x0800177e   0x00000002   PAD
    0x08001780   0x08001780   0x0000019e   Code   RO          559    .text.HAL_GPIO_Init  stm32g4xx_hal_gpio.o
    0x0800191e   0x0800191e   0x00000002   PAD
    0x08001920   0x08001920   0x0000000a   Code   RO          563    .text.HAL_GPIO_ReadPin  stm32g4xx_hal_gpio.o
    0x0800192a   0x0800192a   0x00000002   PAD
    0x0800192c   0x0800192c   0x00000010   Code   RO          567    .text.HAL_GPIO_TogglePin  stm32g4xx_hal_gpio.o
    0x0800193c   0x0800193c   0x0000000c   Code   RO          565    .text.HAL_GPIO_WritePin  stm32g4xx_hal_gpio.o
    0x08001948   0x08001948   0x0000000c   Code   RO          331    .text.HAL_GetTick   stm32g4xx_hal.o
    0x08001954   0x08001954   0x0000001a   Code   RO          329    .text.HAL_IncTick   stm32g4xx_hal.o
    0x0800196e   0x0800196e   0x00000002   PAD
    0x08001970   0x08001970   0x0000001e   Code   RO          319    .text.HAL_Init      stm32g4xx_hal.o
    0x0800198e   0x0800198e   0x00000002   PAD
    0x08001990   0x08001990   0x0000004c   Code   RO          321    .text.HAL_InitTick  stm32g4xx_hal.o
    0x080019dc   0x080019dc   0x00000034   Code   RO          180    .text.HAL_MspInit   stm32g4xx_hal_msp.o
    0x08001a10   0x08001a10   0x00000022   Code   RO          785    .text.HAL_NVIC_EnableIRQ  stm32g4xx_hal_cortex.o
    0x08001a32   0x08001a32   0x00000002   PAD
    0x08001a34   0x08001a34   0x00000056   Code   RO          783    .text.HAL_NVIC_SetPriority  stm32g4xx_hal_cortex.o
    0x08001a8a   0x08001a8a   0x00000002   PAD
    0x08001a8c   0x08001a8c   0x00000020   Code   RO          781    .text.HAL_NVIC_SetPriorityGrouping  stm32g4xx_hal_cortex.o
    0x08001aac   0x08001aac   0x00000126   Code   RO          701    .text.HAL_PWREx_ControlVoltageScaling  stm32g4xx_hal_pwr_ex.o
    0x08001bd2   0x08001bd2   0x00000002   PAD
    0x08001bd4   0x08001bd4   0x00000012   Code   RO          771    .text.HAL_PWREx_DisableUCPDDeadBattery  stm32g4xx_hal_pwr_ex.o
    0x08001be6   0x08001be6   0x00000002   PAD
    0x08001be8   0x08001be8   0x0000026a   Code   RO          443    .text.HAL_RCCEx_PeriphCLKConfig  stm32g4xx_hal_rcc_ex.o
    0x08001e52   0x08001e52   0x00000002   PAD
    0x08001e54   0x08001e54   0x0000030c   Code   RO          409    .text.HAL_RCC_ClockConfig  stm32g4xx_hal_rcc.o
    0x08002160   0x08002160   0x0000002a   Code   RO          417    .text.HAL_RCC_GetPCLK1Freq  stm32g4xx_hal_rcc.o
    0x0800218a   0x0800218a   0x00000002   PAD
    0x0800218c   0x0800218c   0x0000002a   Code   RO          419    .text.HAL_RCC_GetPCLK2Freq  stm32g4xx_hal_rcc.o
    0x080021b6   0x080021b6   0x00000002   PAD
    0x080021b8   0x080021b8   0x00000082   Code   RO          411    .text.HAL_RCC_GetSysClockFreq  stm32g4xx_hal_rcc.o
    0x0800223a   0x0800223a   0x00000002   PAD
    0x0800223c   0x0800223c   0x000004d2   Code   RO          407    .text.HAL_RCC_OscConfig  stm32g4xx_hal_rcc.o
    0x0800270e   0x0800270e   0x00000002   PAD
    0x08002710   0x08002710   0x000000e4   Code   RO          827    .text.HAL_SPI_Init  stm32g4xx_hal_spi.o
    0x080027f4   0x080027f4   0x00000068   Code   RO           66    .text.HAL_SPI_MspInit  spi.o
    0x0800285c   0x0800285c   0x0000002c   Code   RO          793    .text.HAL_SYSTICK_Config  stm32g4xx_hal_cortex.o
    0x08002888   0x08002888   0x00000002   Code   RO         1303    .text.HAL_TIMEx_Break2Callback  stm32g4xx_hal_tim_ex.o
    0x0800288a   0x0800288a   0x00000002   PAD
    0x0800288c   0x0800288c   0x00000002   Code   RO         1301    .text.HAL_TIMEx_BreakCallback  stm32g4xx_hal_tim_ex.o
    0x0800288e   0x0800288e   0x00000002   PAD
    0x08002890   0x08002890   0x00000002   Code   RO         1297    .text.HAL_TIMEx_CommutCallback  stm32g4xx_hal_tim_ex.o
    0x08002892   0x08002892   0x00000002   PAD
    0x08002894   0x08002894   0x000000ce   Code   RO         1249    .text.HAL_TIMEx_ConfigBreakDeadTime  stm32g4xx_hal_tim_ex.o
    0x08002962   0x08002962   0x00000002   PAD
    0x08002964   0x08002964   0x00000002   Code   RO         1307    .text.HAL_TIMEx_DirectionChangeCallback  stm32g4xx_hal_tim_ex.o
    0x08002966   0x08002966   0x00000002   PAD
    0x08002968   0x08002968   0x00000002   Code   RO         1305    .text.HAL_TIMEx_EncoderIndexCallback  stm32g4xx_hal_tim_ex.o
    0x0800296a   0x0800296a   0x00000002   PAD
    0x0800296c   0x0800296c   0x00000002   Code   RO         1309    .text.HAL_TIMEx_IndexErrorCallback  stm32g4xx_hal_tim_ex.o
    0x0800296e   0x0800296e   0x00000002   PAD
    0x08002970   0x08002970   0x000000a6   Code   RO         1247    .text.HAL_TIMEx_MasterConfigSynchronization  stm32g4xx_hal_tim_ex.o
    0x08002a16   0x08002a16   0x00000002   PAD
    0x08002a18   0x08002a18   0x00000002   Code   RO         1311    .text.HAL_TIMEx_TransitionErrorCallback  stm32g4xx_hal_tim_ex.o
    0x08002a1a   0x08002a1a   0x00000002   PAD
    0x08002a1c   0x08002a1c   0x00000062   Code   RO          952    .text.HAL_TIM_Base_Init  stm32g4xx_hal_tim.o
    0x08002a7e   0x08002a7e   0x00000002   PAD
    0x08002a80   0x08002a80   0x000000d4   Code   RO           91    .text.HAL_TIM_Base_MspInit  tim.o
    0x08002b54   0x08002b54   0x00000092   Code   RO          966    .text.HAL_TIM_Base_Start_IT  stm32g4xx_hal_tim.o
    0x08002be6   0x08002be6   0x00000002   PAD
    0x08002be8   0x08002be8   0x0000003c   Code   RO          968    .text.HAL_TIM_Base_Stop_IT  stm32g4xx_hal_tim.o
    0x08002c24   0x08002c24   0x00000204   Code   RO         1132    .text.HAL_TIM_ConfigClockSource  stm32g4xx_hal_tim.o
    0x08002e28   0x08002e28   0x000000b6   Code   RO         1066    .text.HAL_TIM_Encoder_Init  stm32g4xx_hal_tim.o
    0x08002ede   0x08002ede   0x00000002   PAD
    0x08002ee0   0x08002ee0   0x00000072   Code   RO           93    .text.HAL_TIM_Encoder_MspInit  tim.o
    0x08002f52   0x08002f52   0x00000002   PAD
    0x08002f54   0x08002f54   0x000000bc   Code   RO         1074    .text.HAL_TIM_Encoder_Start  stm32g4xx_hal_tim.o
    0x08003010   0x08003010   0x00000002   Code   RO         1088    .text.HAL_TIM_IC_CaptureCallback  stm32g4xx_hal_tim.o
    0x08003012   0x08003012   0x00000002   PAD
    0x08003014   0x08003014   0x000001cc   Code   RO         1086    .text.HAL_TIM_IRQHandler  stm32g4xx_hal_tim.o
    0x080031e0   0x080031e0   0x000000a0   Code   RO           81    .text.HAL_TIM_MspPostInit  tim.o
    0x08003280   0x08003280   0x0000033c   Code   RO         1098    .text.HAL_TIM_OC_ConfigChannel  stm32g4xx_hal_tim.o
    0x080035bc   0x080035bc   0x00000002   Code   RO         1090    .text.HAL_TIM_OC_DelayElapsedCallback  stm32g4xx_hal_tim.o
    0x080035be   0x080035be   0x00000002   PAD
    0x080035c0   0x080035c0   0x00000062   Code   RO          980    .text.HAL_TIM_OC_Init  stm32g4xx_hal_tim.o
    0x08003622   0x08003622   0x00000002   PAD
    0x08003624   0x08003624   0x00000002   Code   RO          982    .text.HAL_TIM_OC_MspInit  stm32g4xx_hal_tim.o
    0x08003626   0x08003626   0x00000002   PAD
    0x08003628   0x08003628   0x00000002   Code   RO         1092    .text.HAL_TIM_PWM_PulseFinishedCallback  stm32g4xx_hal_tim.o
    0x0800362a   0x0800362a   0x00000002   PAD
    0x0800362c   0x0800362c   0x000000f0   Code   RO          169    .text.HAL_TIM_PeriodElapsedCallback  stm32g4xx_it.o
    0x0800371c   0x0800371c   0x00000002   Code   RO         1096    .text.HAL_TIM_TriggerCallback  stm32g4xx_hal_tim.o
    0x0800371e   0x0800371e   0x00000002   PAD
    0x08003720   0x08003720   0x00000036   Code   RO         1488    .text.HAL_UARTEx_DisableFifoMode  stm32g4xx_hal_uart_ex.o
    0x08003756   0x08003756   0x00000002   PAD
    0x08003758   0x08003758   0x00000002   Code   RO         1416    .text.HAL_UARTEx_RxEventCallback  stm32g4xx_hal_uart.o
    0x0800375a   0x0800375a   0x00000002   PAD
    0x0800375c   0x0800375c   0x00000002   Code   RO         1474    .text.HAL_UARTEx_RxFifoFullCallback  stm32g4xx_hal_uart_ex.o
    0x0800375e   0x0800375e   0x00000002   PAD
    0x08003760   0x08003760   0x00000090   Code   RO         1492    .text.HAL_UARTEx_SetRxFifoThreshold  stm32g4xx_hal_uart_ex.o
    0x080037f0   0x080037f0   0x00000090   Code   RO         1490    .text.HAL_UARTEx_SetTxFifoThreshold  stm32g4xx_hal_uart_ex.o
    0x08003880   0x08003880   0x00000002   Code   RO         1476    .text.HAL_UARTEx_TxFifoEmptyCallback  stm32g4xx_hal_uart_ex.o
    0x08003882   0x08003882   0x00000002   PAD
    0x08003884   0x08003884   0x00000002   Code   RO         1472    .text.HAL_UARTEx_WakeupCallback  stm32g4xx_hal_uart_ex.o
    0x08003886   0x08003886   0x00000002   PAD
    0x08003888   0x08003888   0x00000002   Code   RO         1414    .text.HAL_UART_ErrorCallback  stm32g4xx_hal_uart.o
    0x0800388a   0x0800388a   0x00000002   PAD
    0x0800388c   0x0800388c   0x00000634   Code   RO         1410    .text.HAL_UART_IRQHandler  stm32g4xx_hal_uart.o
    0x08003ec0   0x08003ec0   0x00000064   Code   RO         1326    .text.HAL_UART_Init  stm32g4xx_hal_uart.o
    0x08003f24   0x08003f24   0x00000110   Code   RO          114    .text.HAL_UART_MspInit  usart.o
    0x08004034   0x08004034   0x000000ce   Code   RO         1366    .text.HAL_UART_Transmit_DMA  stm32g4xx_hal_uart.o
    0x08004102   0x08004102   0x00000002   PAD
    0x08004104   0x08004104   0x00000002   Code   RO         1418    .text.HAL_UART_TxCpltCallback  stm32g4xx_hal_uart.o
    0x08004106   0x08004106   0x00000002   PAD
    0x08004108   0x08004108   0x00000002   Code   RO         1420    .text.HAL_UART_TxHalfCpltCallback  stm32g4xx_hal_uart.o
    0x0800410a   0x0800410a   0x00000002   PAD
    0x0800410c   0x0800410c   0x00000002   Code   RO          133    .text.HardFault_Handler  stm32g4xx_it.o
    0x0800410e   0x0800410e   0x00000002   PAD
    0x08004110   0x08004110   0x00000118   Code   RO           39    .text.MX_ADC1_Init  adc.o
    0x08004228   0x08004228   0x00000066   Code   RO           55    .text.MX_DMA_Init   dma.o
    0x0800428e   0x0800428e   0x00000002   PAD
    0x08004290   0x08004290   0x0000010a   Code   RO           29    .text.MX_GPIO_Init  gpio.o
    0x0800439a   0x0800439a   0x00000002   PAD
    0x0800439c   0x0800439c   0x00000052   Code   RO           64    .text.MX_SPI1_Init  spi.o
    0x080043ee   0x080043ee   0x00000002   PAD
    0x080043f0   0x080043f0   0x00000144   Code   RO           79    .text.MX_TIM1_Init  tim.o
    0x08004534   0x08004534   0x00000072   Code   RO           83    .text.MX_TIM2_Init  tim.o
    0x080045a6   0x080045a6   0x00000002   PAD
    0x080045a8   0x080045a8   0x0000006a   Code   RO           85    .text.MX_TIM3_Init  tim.o
    0x08004612   0x08004612   0x00000002   PAD
    0x08004614   0x08004614   0x00000050   Code   RO           87    .text.MX_TIM6_Init  tim.o
    0x08004664   0x08004664   0x00000052   Code   RO           89    .text.MX_TIM7_Init  tim.o
    0x080046b6   0x080046b6   0x00000002   PAD
    0x080046b8   0x080046b8   0x00000082   Code   RO          112    .text.MX_USART1_UART_Init  usart.o
    0x0800473a   0x0800473a   0x00000002   PAD
    0x0800473c   0x0800473c   0x00000002   Code   RO          135    .text.MemManage_Handler  stm32g4xx_it.o
    0x0800473e   0x0800473e   0x00000002   PAD
    0x08004740   0x08004740   0x00000002   Code   RO          131    .text.NMI_Handler   stm32g4xx_it.o
    0x08004742   0x08004742   0x00000002   PAD
    0x08004744   0x08004744   0x00000002   Code   RO          145    .text.PendSV_Handler  stm32g4xx_it.o
    0x08004746   0x08004746   0x00000002   PAD
    0x08004748   0x08004748   0x00000002   Code   RO          141    .text.SVC_Handler   stm32g4xx_it.o
    0x0800474a   0x0800474a   0x00000002   PAD
    0x0800474c   0x0800474c   0x00000004   Code   RO          147    .text.SysTick_Handler  stm32g4xx_it.o
    0x08004750   0x08004750   0x00000012   Code   RO         1511    .text.SystemInit    system_stm32g4xx.o
    0x08004762   0x08004762   0x00000002   PAD
    0x08004764   0x08004764   0x0000000c   Code   RO          159    .text.TIM3_IRQHandler  stm32g4xx_it.o
    0x08004770   0x08004770   0x0000000c   Code   RO          163    .text.TIM6_DAC_IRQHandler  stm32g4xx_it.o
    0x0800477c   0x0800477c   0x0000000c   Code   RO          165    .text.TIM7_IRQHandler  stm32g4xx_it.o
    0x08004788   0x08004788   0x00000122   Code   RO          956    .text.TIM_Base_SetConfig  stm32g4xx_hal_tim.o
    0x080048aa   0x080048aa   0x00000002   PAD
    0x080048ac   0x080048ac   0x000000ea   Code   RO         1330    .text.UART_AdvFeatureConfig  stm32g4xx_hal_uart.o
    0x08004996   0x08004996   0x00000002   PAD
    0x08004998   0x08004998   0x0000016e   Code   RO         1334    .text.UART_CheckIdleState  stm32g4xx_hal_uart.o
    0x08004b06   0x08004b06   0x00000002   PAD
    0x08004b08   0x08004b08   0x00000010   Code   RO         1412    .text.UART_DMAAbortOnError  stm32g4xx_hal_uart.o
    0x08004b18   0x08004b18   0x000001da   Code   RO         1372    .text.UART_DMAError  stm32g4xx_hal_uart.o
    0x08004cf2   0x08004cf2   0x00000002   PAD
    0x08004cf4   0x08004cf4   0x000000b0   Code   RO         1368    .text.UART_DMATransmitCplt  stm32g4xx_hal_uart.o
    0x08004da4   0x08004da4   0x00000006   Code   RO         1370    .text.UART_DMATxHalfCplt  stm32g4xx_hal_uart.o
    0x08004daa   0x08004daa   0x00000002   PAD
    0x08004dac   0x08004dac   0x00000298   Code   RO         1332    .text.UART_SetConfig  stm32g4xx_hal_uart.o
    0x08005044   0x08005044   0x00000336   Code   RO         1348    .text.UART_WaitOnFlagUntilTimeout  stm32g4xx_hal_uart.o
    0x0800537a   0x0800537a   0x00000002   PAD
    0x0800537c   0x0800537c   0x0000000c   Code   RO          161    .text.USART1_IRQHandler  stm32g4xx_it.o
    0x08005388   0x08005388   0x00000002   Code   RO          139    .text.UsageFault_Handler  stm32g4xx_it.o
    0x0800538a   0x0800538a   0x00000002   PAD
    0x0800538c   0x0800538c   0x00000036   Code   RO         1565    .text.Vofa_FireWater  vofa.o
    0x080053c2   0x080053c2   0x00000002   PAD
    0x080053c4   0x080053c4   0x000000d2   Code   RO           11    .text.main          main.o
    0x08005496   0x08005496   0x00000002   PAD
    0x08005498   0x08005498   0x00000076   Code   RO         1577    .text.motor_init    motor.o
    0x0800550e   0x0800550e   0x00000002   PAD
    0x08005510   0x08005510   0x00000034   Code   RO         1839    i.__0vsnprintf      mc_w.l(printfa.o)
    0x08005544   0x08005544   0x0000000e   Code   RO         1915    i.__scatterload_copy  mc_w.l(handlers.o)
    0x08005552   0x08005552   0x00000002   Code   RO         1916    i.__scatterload_null  mc_w.l(handlers.o)
    0x08005554   0x08005554   0x0000000e   Code   RO         1917    i.__scatterload_zeroinit  mc_w.l(handlers.o)
    0x08005562   0x08005562   0x00000002   PAD
    0x08005564   0x08005564   0x00000184   Code   RO         1841    i._fp_digits        mc_w.l(printfa.o)
    0x080056e8   0x080056e8   0x000006dc   Code   RO         1842    i._printf_core      mc_w.l(printfa.o)
    0x08005dc4   0x08005dc4   0x00000024   Code   RO         1843    i._printf_post_padding  mc_w.l(printfa.o)
    0x08005de8   0x08005de8   0x0000002e   Code   RO         1844    i._printf_pre_padding  mc_w.l(printfa.o)
    0x08005e16   0x08005e16   0x00000016   Code   RO         1845    i._snputc           mc_w.l(printfa.o)
    0x08005e2c   0x08005e2c   0x00000010   Data   RO         1516    .rodata.AHBPrescTable  system_stm32g4xx.o
    0x08005e3c   0x08005e3c   0x00000008   Data   RO         1517    .rodata.APBPrescTable  system_stm32g4xx.o
    0x08005e44   0x08005e44   0x00000018   Data   RO         1460    .rodata.UARTPrescTable  stm32g4xx_hal_uart.o
    0x08005e5c   0x08005e5c   0x00000010   Data   RO         1461    .rodata.cst16       stm32g4xx_hal_uart.o
    0x08005e6c   0x08005e6c   0x00000010   Data   RO         1502    .rodata.cst8        stm32g4xx_hal_uart_ex.o
    0x08005e7c   0x08005e7c   0x00000020   Data   RO         1914    Region$$Table       anon$$obj.o


    Execution Region RW_IRAM1 (Exec base: 0x20000000, Load base: 0x08005ea0, Size: 0x00000898, Max: 0x00008000, ABSOLUTE)

    Exec Addr    Load Addr    Size         Type   Attr      Idx    E Section Name        Object

    0x20000000   0x08005ea0   0x00000008   Data   RW          396    .data..L_MergedGlobals  stm32g4xx_hal.o
    0x20000008   0x08005ea8   0x00000004   Data   RW         1515    .data.SystemCoreClock  system_stm32g4xx.o
    0x2000000c   0x08005eac   0x00000008   Data   RW           17    .dma_buffer         main.o
    0x20000014   0x08005eb4   0x00000004   PAD
    0x20000018        -       0x00000030   Zero   RW         1556    .bss.as5047_encoder  as5047p.o
    0x20000048        -       0x00000001   Zero   RW          171    .bss.button_pressed  stm32g4xx_it.o
    0x20000049   0x08005eb4   0x00000003   PAD
    0x2000004c        -       0x0000006c   Zero   RW           45    .bss.hadc1          adc.o
    0x200000b8        -       0x00000060   Zero   RW           46    .bss.hdma_adc1      adc.o
    0x20000118        -       0x00000060   Zero   RW          122    .bss.hdma_usart1_rx  usart.o
    0x20000178        -       0x00000060   Zero   RW          121    .bss.hdma_usart1_tx  usart.o
    0x200001d8        -       0x00000064   Zero   RW           70    .bss.hspi1          spi.o
    0x2000023c        -       0x0000004c   Zero   RW           99    .bss.htim1          tim.o
    0x20000288        -       0x0000004c   Zero   RW          100    .bss.htim2          tim.o
    0x200002d4        -       0x0000004c   Zero   RW          101    .bss.htim3          tim.o
    0x20000320        -       0x0000004c   Zero   RW          102    .bss.htim6          tim.o
    0x2000036c        -       0x0000004c   Zero   RW          103    .bss.htim7          tim.o
    0x200003b8        -       0x00000094   Zero   RW          120    .bss.huart1         usart.o
    0x2000044c        -       0x00000048   Zero   RW         1579    .bss.my_motor       motor.o
    0x20000494        -       0x00000004   Zero   RW          395    .bss.uwTick         stm32g4xx_hal.o
    0x20000498        -       0x00000400   Zero   RW            1    STACK               startup_stm32g431xx.o


==============================================================================

Image component sizes


      Code (inc. data)   RO Data    RW Data    ZI Data      Debug   Object Name

       478          0          0          0        204       7642   adc.o
        54          0          0          0         48       6515   as5047p.o
       102          0          0          0          0       3414   dma.o
       266          0          0          0          0       4246   gpio.o
       220          0          0          8          0       3691   main.o
       118          0          0          0         72       5131   motor.o
       186          0          0          0        100       5781   spi.o
        36          8        472          0       1024        816   startup_stm32g431xx.o
       184          0          0          8          4       8842   stm32g4xx_hal.o
      2226          0          0          0          0      28379   stm32g4xx_hal_adc.o
       396          0          0          0          0      22742   stm32g4xx_hal_adc_ex.o
       196          0          0          0          0      10158   stm32g4xx_hal_cortex.o
       940          0          0          0          0       9359   stm32g4xx_hal_dma.o
       474          0          0          0          0       5214   stm32g4xx_hal_gpio.o
        52          0          0          0          0       1722   stm32g4xx_hal_msp.o
       312          0          0          0          0       9587   stm32g4xx_hal_pwr_ex.o
      2228          0          0          0          0       9924   stm32g4xx_hal_rcc.o
       618          0          0          0          0      10738   stm32g4xx_hal_rcc_ex.o
       228          0          0          0          0      27089   stm32g4xx_hal_spi.o
      2876         12          0          0          0      61762   stm32g4xx_hal_tim.o
       386          0          0          0          0      29780   stm32g4xx_hal_tim_ex.o
      4660         48         40          0          0      41914   stm32g4xx_hal_uart.o
       348          0         16          0          0      11369   stm32g4xx_hal_uart_ex.o
       440         16          0          0          1       8844   stm32g4xx_it.o
        18          0         24          4          0       2726   system_stm32g4xx.o
      1192          0          0          0        380      12780   tim.o
       402          0          0          0        340       9165   usart.o
        54          0          0          0          0       1779   vofa.o

    ----------------------------------------------------------------------
     19856         84        584         20       2180     361109   Object Totals
         0          0         32          0          0          0   (incl. Generated)
       166          0          0          0          7          0   (incl. Padding)

    ----------------------------------------------------------------------

      Code (inc. data)   RO Data    RW Data    ZI Data      Debug   Library Member Name

         0          0          0          0          0          0   entry.o
         0          0          0          0          0          0   entry10a.o
         0          0          0          0          0          0   entry11a.o
         8          4          0          0          0          0   entry2.o
         4          0          0          0          0          0   entry5.o
         0          0          0          0          0          0   entry7b.o
         0          0          0          0          0          0   entry8b.o
         8          4          0          0          0          0   entry9a.o
        30          0          0          0          0          0   handlers.o
        48         10          0          0          0         68   init.o
         0          0          0          0          0          0   iusefp.o
        30          0          0          0          0         68   llshl.o
        36          0          0          0          0         68   llsshr.o
        32          0          0          0          0         68   llushr.o
        36          0          0          0          0        108   memseta.o
      2300         86          0          0          0        516   printfa.o
        44          0          0          0          0         80   uidiv.o
        98          0          0          0          0         92   uldiv.o
        48          0          0          0          0         68   cdrcmple.o
       334          0          0          0          0        148   dadd.o
       222          0          0          0          0        100   ddiv.o
       186          0          0          0          0        176   depilogue.o
        48          0          0          0          0         68   dfixul.o
       228          0          0          0          0         96   dmul.o
        38          0          0          0          0         68   f2d.o

    ----------------------------------------------------------------------
      3780        104          0          0          0       1792   Library Totals
         2          0          0          0          0          0   (incl. Padding)

    ----------------------------------------------------------------------

      Code (inc. data)   RO Data    RW Data    ZI Data      Debug   Library Name

      2674        104          0          0          0       1068   mc_w.l
      1104          0          0          0          0        724   mf_w.l

    ----------------------------------------------------------------------
      3780        104          0          0          0       1792   Library Totals

    ----------------------------------------------------------------------

==============================================================================


      Code (inc. data)   RO Data    RW Data    ZI Data      Debug   

     23636        188        584         20       2180     361701   Grand Totals
     23636        188        584         20       2180     361701   ELF Image Totals
     23636        188        584         20          0          0   ROM Totals

==============================================================================

    Total RO  Size (Code + RO Data)                24220 (  23.65kB)
    Total RW  Size (RW Data + ZI Data)              2200 (   2.15kB)
    Total ROM Size (Code + RO Data + RW Data)      24240 (  23.67kB)

==============================================================================

