Component: Arm Compiler for Embedded 6.21 Tool: armlink [5ec1fa00]

==============================================================================

Section Cross References

    startup_stm32g431xx.o(RESET) refers to startup_stm32g431xx.o(STACK) for __initial_sp
    startup_stm32g431xx.o(RESET) refers to startup_stm32g431xx.o(.text) for Reset_Handler
    startup_stm32g431xx.o(RESET) refers to stm32g4xx_it.o(.text.NMI_Handler) for NMI_Handler
    startup_stm32g431xx.o(RESET) refers to stm32g4xx_it.o(.text.HardFault_Handler) for HardFault_Handler
    startup_stm32g431xx.o(RESET) refers to stm32g4xx_it.o(.text.MemManage_Handler) for MemManage_Handler
    startup_stm32g431xx.o(RESET) refers to stm32g4xx_it.o(.text.BusFault_Handler) for BusFault_Handler
    startup_stm32g431xx.o(RESET) refers to stm32g4xx_it.o(.text.UsageFault_Handler) for UsageFault_Handler
    startup_stm32g431xx.o(RESET) refers to stm32g4xx_it.o(.text.SVC_Handler) for SVC_Handler
    startup_stm32g431xx.o(RESET) refers to stm32g4xx_it.o(.text.DebugMon_Handler) for DebugMon_Handler
    startup_stm32g431xx.o(RESET) refers to stm32g4xx_it.o(.text.PendSV_Handler) for PendSV_Handler
    startup_stm32g431xx.o(RESET) refers to stm32g4xx_it.o(.text.SysTick_Handler) for SysTick_Handler
    startup_stm32g431xx.o(RESET) refers to stm32g4xx_it.o(.text.EXTI0_IRQHandler) for EXTI0_IRQHandler
    startup_stm32g431xx.o(RESET) refers to stm32g4xx_it.o(.text.EXTI4_IRQHandler) for EXTI4_IRQHandler
    startup_stm32g431xx.o(RESET) refers to stm32g4xx_it.o(.text.DMA1_Channel1_IRQHandler) for DMA1_Channel1_IRQHandler
    startup_stm32g431xx.o(RESET) refers to stm32g4xx_it.o(.text.DMA1_Channel2_IRQHandler) for DMA1_Channel2_IRQHandler
    startup_stm32g431xx.o(RESET) refers to stm32g4xx_it.o(.text.DMA1_Channel3_IRQHandler) for DMA1_Channel3_IRQHandler
    startup_stm32g431xx.o(RESET) refers to stm32g4xx_it.o(.text.TIM1_UP_TIM16_IRQHandler) for TIM1_UP_TIM16_IRQHandler
    startup_stm32g431xx.o(RESET) refers to stm32g4xx_it.o(.text.TIM3_IRQHandler) for TIM3_IRQHandler
    startup_stm32g431xx.o(RESET) refers to stm32g4xx_it.o(.text.USART1_IRQHandler) for USART1_IRQHandler
    startup_stm32g431xx.o(RESET) refers to stm32g4xx_it.o(.text.TIM6_DAC_IRQHandler) for TIM6_DAC_IRQHandler
    startup_stm32g431xx.o(RESET) refers to stm32g4xx_it.o(.text.TIM7_IRQHandler) for TIM7_IRQHandler
    startup_stm32g431xx.o(.text) refers to system_stm32g4xx.o(.text.SystemInit) for SystemInit
    startup_stm32g431xx.o(.text) refers to entry.o(.ARM.Collect$$$$00000000) for __main
    main.o(.text.main) refers to stm32g4xx_hal.o(.text.HAL_Init) for HAL_Init
    main.o(.text.main) refers to stm32g4xx_hal_pwr_ex.o(.text.HAL_PWREx_ControlVoltageScaling) for HAL_PWREx_ControlVoltageScaling
    main.o(.text.main) refers to stm32g4xx_hal_rcc.o(.text.HAL_RCC_OscConfig) for HAL_RCC_OscConfig
    main.o(.text.main) refers to stm32g4xx_hal_rcc.o(.text.HAL_RCC_ClockConfig) for HAL_RCC_ClockConfig
    main.o(.text.main) refers to gpio.o(.text.MX_GPIO_Init) for MX_GPIO_Init
    main.o(.text.main) refers to dma.o(.text.MX_DMA_Init) for MX_DMA_Init
    main.o(.text.main) refers to adc.o(.text.MX_ADC1_Init) for MX_ADC1_Init
    main.o(.text.main) refers to spi.o(.text.MX_SPI1_Init) for MX_SPI1_Init
    main.o(.text.main) refers to tim.o(.text.MX_TIM1_Init) for MX_TIM1_Init
    main.o(.text.main) refers to tim.o(.text.MX_TIM3_Init) for MX_TIM3_Init
    main.o(.text.main) refers to usart.o(.text.MX_USART1_UART_Init) for MX_USART1_UART_Init
    main.o(.text.main) refers to tim.o(.text.MX_TIM7_Init) for MX_TIM7_Init
    main.o(.text.main) refers to tim.o(.text.MX_TIM6_Init) for MX_TIM6_Init
    main.o(.text.main) refers to tim.o(.text.MX_TIM2_Init) for MX_TIM2_Init
    main.o(.text.main) refers to stm32g4xx_hal.o(.text.HAL_Delay) for HAL_Delay
    main.o(.text.main) refers to adc.o(.bss.hadc1) for hadc1
    main.o(.text.main) refers to stm32g4xx_hal_adc_ex.o(.text.HAL_ADCEx_InjectedStart) for HAL_ADCEx_InjectedStart
    main.o(.text.main) refers to tim.o(.bss.htim1) for htim1
    main.o(.text.main) refers to stm32g4xx_hal_tim.o(.text.HAL_TIM_PWM_Start) for HAL_TIM_PWM_Start
    main.o(.text.main) refers to stm32g4xx_hal_tim_ex.o(.text.HAL_TIMEx_OCN_Start) for HAL_TIMEx_OCN_Start
    main.o(.text.main) refers to as5047p.o(.bss.as5047_encoder) for as5047_encoder
    main.o(.text.main) refers to as5047p.o(.text.As5047p_Init) for As5047p_Init
    main.o(.text.main) refers to motor.o(.bss.my_motor) for my_motor
    main.o(.text.main) refers to motor.o(.text.motor_init) for motor_init
    main.o(.text.main) refers to current .o(.text.adc_init) for adc_init
    main.o(.ARM.exidx.text.main) refers to main.o(.text.main) for [Anonymous Symbol]
    main.o(.text.SystemClock_Config) refers to stm32g4xx_hal_pwr_ex.o(.text.HAL_PWREx_ControlVoltageScaling) for HAL_PWREx_ControlVoltageScaling
[...]
    tim.c                                    0x00000000   Number         0  tim.o ABSOLUTE
    usart.c                                  0x00000000   Number         0  usart.o ABSOLUTE
    vofa.c                                   0x00000000   Number         0  vofa.o ABSOLUTE
    RESET                                    0x08000000   Section      472  startup_stm32g431xx.o(RESET)
    .ARM.Collect$$$$00000000                 0x080001d8   Section        0  entry.o(.ARM.Collect$$$$00000000)
    .ARM.Collect$$$$00000001                 0x080001d8   Section        4  entry2.o(.ARM.Collect$$$$00000001)
    .ARM.Collect$$$$00000004                 0x080001dc   Section        4  entry5.o(.ARM.Collect$$$$00000004)
    .ARM.Collect$$$$00000008                 0x080001e0   Section        0  entry7b.o(.ARM.Collect$$$$00000008)
    .ARM.Collect$$$$0000000A                 0x080001e0   Section        0  entry8b.o(.ARM.Collect$$$$0000000A)
    .ARM.Collect$$$$0000000B                 0x080001e0   Section        8  entry9a.o(.ARM.Collect$$$$0000000B)
    __lit__00000000                          0x080001e8   Data           4  entry2.o(.ARM.Collect$$$$00002712)
    .ARM.Collect$$$$0000000D                 0x080001e8   Section        0  entry10a.o(.ARM.Collect$$$$0000000D)
    .ARM.Collect$$$$0000000F                 0x080001e8   Section        0  entry11a.o(.ARM.Collect$$$$0000000F)
    .ARM.Collect$$$$00002712                 0x080001e8   Section        4  entry2.o(.ARM.Collect$$$$00002712)
    $v0                                      0x080001ec   Number         0  startup_stm32g431xx.o(.text)
    .text                                    0x080001ec   Section       36  startup_stm32g431xx.o(.text)
    .text                                    0x08000210   Section        0  uldiv.o(.text)
    .text                                    0x08000272   Section        0  memseta.o(.text)
    .text                                    0x08000296   Section        0  dadd.o(.text)
    .text                                    0x080003e4   Section        0  dmul.o(.text)
    .text                                    0x080004c8   Section        0  f2d.o(.text)
    .text                                    0x080004ee   Section        0  d2f.o(.text)
    .text                                    0x08000526   Section        0  uidiv.o(.text)
    .text                                    0x08000552   Section        0  llshl.o(.text)
    .text                                    0x08000570   Section        0  llushr.o(.text)
    .text                                    0x08000590   Section        0  llsshr.o(.text)
    .text                                    0x080005b4   Section        0  iusefp.o(.text)
    .text                                    0x080005b4   Section        0  fepilogue.o(.text)
    .text                                    0x08000622   Section        0  depilogue.o(.text)
    .text                                    0x080006dc   Section        0  ddiv.o(.text)
    .text                                    0x080007ba   Section        0  dfixul.o(.text)
    .text                                    0x080007ec   Section       48  cdrcmple.o(.text)
    .text                                    0x0800081c   Section       48  init.o(.text)
    .text                                    0x0800084c   Section        0  dflti.o(.text)
    .text                                    0x0800086e   Section        0  dfltui.o(.text)
    .text                                    0x08000888   Section        0  dfixi.o(.text)
    [Anonymous Symbol]                       0x080008c8   Section        0  stm32g4xx_hal_adc.o(.text.ADC_Enable)
    [Anonymous Symbol]                       0x080009c0   Section        0  as5047p.o(.text.As5047p_Init)
    [Anonymous Symbol]                       0x080009f8   Section        0  stm32g4xx_it.o(.text.BusFault_Handler)
    [Anonymous Symbol]                       0x080009fc   Section        0  stm32g4xx_it.o(.text.DMA1_Channel1_IRQHandler)
    [Anonymous Symbol]                       0x08000a08   Section        0  stm32g4xx_it.o(.text.DMA1_Channel2_IRQHandler)
    [Anonymous Symbol]                       0x08000a14   Section        0  stm32g4xx_it.o(.text.DMA1_Channel3_IRQHandler)
    [Anonymous Symbol]                       0x08000a20   Section        0  stm32g4xx_it.o(.text.DebugMon_Handler)
    [Anonymous Symbol]                       0x08000a24   Section        0  stm32g4xx_it.o(.text.EXTI0_IRQHandler)
    [Anonymous Symbol]                       0x08000a2c   Section        0  stm32g4xx_it.o(.text.EXTI4_IRQHandler)
    [Anonymous Symbol]                       0x08000a34   Section        0  main.o(.text.Error_Handler)
    [Anonymous Symbol]                       0x08000a40   Section        0  stm32g4xx_hal_adc_ex.o(.text.HAL_ADCEx_InjectedConfigChannel)
    [Anonymous Symbol]                       0x08000f00   Section        0  stm32g4xx_hal_adc_ex.o(.text.HAL_ADCEx_InjectedStart)
    [Anonymous Symbol]                       0x08000fe8   Section        0  stm32g4xx_hal_adc_ex.o(.text.HAL_ADCEx_MultiModeConfigChannel)
    [Anonymous Symbol]                       0x080010a0   Section        0  stm32g4xx_hal_adc.o(.text.HAL_ADC_ConfigChannel)
    [Anonymous Symbol]                       0x0800143c   Section        0  stm32g4xx_hal_adc.o(.text.HAL_ADC_Init)
    [Anonymous Symbol]                       0x0800167c   Section        0  adc.o(.text.HAL_ADC_MspInit)
    [Anonymous Symbol]                       0x08001744   Section        0  stm32g4xx_hal_dma.o(.text.HAL_DMA_Abort)
    [Anonymous Symbol]                       0x080017b4   Section        0  stm32g4xx_hal_dma.o(.text.HAL_DMA_Abort_IT)
    [Anonymous Symbol]                       0x08001834   Section        0  stm32g4xx_hal_dma.o(.text.HAL_DMA_IRQHandler)
    [Anonymous Symbol]                       0x080018e0   Section        0  stm32g4xx_hal_dma.o(.text.HAL_DMA_Init)
    [Anonymous Symbol]                       0x08001a0c   Section        0  stm32g4xx_hal.o(.text.HAL_Delay)
    [Anonymous Symbol]                       0x08001a34   Section        0  stm32g4xx_it.o(.text.HAL_GPIO_EXTI_Callback)
    [Anonymous Symbol]                       0x08001a94   Section        0  stm32g4xx_hal_gpio.o(.text.HAL_GPIO_EXTI_IRQHandler)
    [Anonymous Symbol]                       0x08001aac   Section        0  stm32g4xx_hal_gpio.o(.text.HAL_GPIO_Init)
    [Anonymous Symbol]                       0x08001c4c   Section        0  stm32g4xx_hal_gpio.o(.text.HAL_GPIO_ReadPin)
    [Anonymous Symbol]                       0x08001c58   Section        0  stm32g4xx_hal_gpio.o(.text.HAL_GPIO_TogglePin)
    [Anonymous Symbol]                       0x08001c68   Section        0  stm32g4xx_hal_gpio.o(.text.HAL_GPIO_WritePin)
    [Anonymous Symbol]                       0x08001c74   Section        0  stm32g4xx_hal.o(.text.HAL_GetTick)
    [Anonymous Symbol]                       0x08001c80   Section        0  stm32g4xx_hal.o(.text.HAL_IncTick)
    [Anonymous Symbol]                       0x08001c9c   Section        0  stm32g4xx_hal.o(.text.HAL_Init)
    [Anonymous Symbol]                       0x08001cbc   Section        0  stm32g4xx_hal.o(.text.HAL_InitTick)
    [Anonymous Symbol]                       0x08001d08   Section        0  stm32g4xx_hal_msp.o(.text.HAL_MspInit)
    [Anonymous Symbol]                       0x08001d3c   Section        0  stm32g4xx_hal_cortex.o(.text.HAL_NVIC_EnableIRQ)
    [Anonymous Symbol]                       0x08001d60   Section        0  stm32g4xx_hal_cortex.o(.text.HAL_NVIC_SetPriority)
    [Anonymous Symbol]                       0x08001db8   Section        0  stm32g4xx_hal_cortex.o(.text.HAL_NVIC_SetPriorityGrouping)
    [Anonymous Symbol]                       0x08001dd8   Section        0  stm32g4xx_hal_pwr_ex.o(.text.HAL_PWREx_ControlVoltageScaling)
    [Anonymous Symbol]                       0x08001f00   Section        0  stm32g4xx_hal_pwr_ex.o(.text.HAL_PWREx_DisableUCPDDeadBattery)
    [Anonymous Symbol]                       0x08001f14   Section        0  stm32g4xx_hal_rcc_ex.o(.text.HAL_RCCEx_PeriphCLKConfig)
    [Anonymous Symbol]                       0x08002180   Section        0  stm32g4xx_hal_rcc.o(.text.HAL_RCC_ClockConfig)
    [Anonymous Symbol]                       0x0800248c   Section        0  stm32g4xx_hal_rcc.o(.text.HAL_RCC_GetPCLK1Freq)
    [Anonymous Symbol]                       0x080024b8   Section        0  stm32g4xx_hal_rcc.o(.text.HAL_RCC_GetPCLK2Freq)
    [Anonymous Symbol]                       0x080024e4   Section        0  stm32g4xx_hal_rcc.o(.text.HAL_RCC_GetSysClockFreq)
    [Anonymous Symbol]                       0x08002568   Section        0  stm32g4xx_hal_rcc.o(.text.HAL_RCC_OscConfig)
    [Anonymous Symbol]                       0x08002a3c   Section        0  stm32g4xx_hal_spi.o(.text.HAL_SPI_Init)
    [Anonymous Symbol]                       0x08002b20   Section        0  spi.o(.text.HAL_SPI_MspInit)
    [Anonymous Symbol]                       0x08002b88   Section        0  stm32g4xx_hal_cortex.o(.text.HAL_SYSTICK_Config)
    [Anonymous Symbol]                       0x08002bb4   Section        0  stm32g4xx_hal_tim_ex.o(.text.HAL_TIMEx_Break2Callback)
    [Anonymous Symbol]                       0x08002bb8   Section        0  stm32g4xx_hal_tim_ex.o(.text.HAL_TIMEx_BreakCallback)
    [Anonymous Symbol]                       0x08002bbc   Section        0  stm32g4xx_hal_tim_ex.o(.text.HAL_TIMEx_CommutCallback)
    [Anonymous Symbol]                       0x08002bc0   Section        0  stm32g4xx_hal_tim_ex.o(.text.HAL_TIMEx_ConfigBreakDeadTime)
    [Anonymous Symbol]                       0x08002c90   Section        0  stm32g4xx_hal_tim_ex.o(.text.HAL_TIMEx_DirectionChangeCallback)
    [Anonymous Symbol]                       0x08002c94   Section        0  stm32g4xx_hal_tim_ex.o(.text.HAL_TIMEx_EncoderIndexCallback)
    [Anonymous Symbol]                       0x08002c98   Section        0  stm32g4xx_hal_tim_ex.o(.text.HAL_TIMEx_IndexErrorCallback)
    [Anonymous Symbol]                       0x08002c9c   Section        0  stm32g4xx_hal_tim_ex.o(.text.HAL_TIMEx_MasterConfigSynchronization)
    [Anonymous Symbol]                       0x08002d44   Section        0  stm32g4xx_hal_tim_ex.o(.text.HAL_TIMEx_OCN_Start)
    [Anonymous Symbol]                       0x08002e30   Section        0  stm32g4xx_hal_tim_ex.o(.text.HAL_TIMEx_TransitionErrorCallback)
    [Anonymous Symbol]                       0x08002e34   Section        0  stm32g4xx_hal_tim.o(.text.HAL_TIM_Base_Init)
    [Anonymous Symbol]                       0x08002e98   Section        0  tim.o(.text.HAL_TIM_Base_MspInit)
    [Anonymous Symbol]                       0x08002f84   Section        0  stm32g4xx_hal_tim.o(.text.HAL_TIM_Base_Start_IT)
    [Anonymous Symbol]                       0x08003018   Section        0  stm32g4xx_hal_tim.o(.text.HAL_TIM_Base_Stop_IT)
    [Anonymous Symbol]                       0x08003054   Section        0  stm32g4xx_hal_tim.o(.text.HAL_TIM_ConfigClockSource)
    [Anonymous Symbol]                       0x08003258   Section        0  stm32g4xx_hal_tim.o(.text.HAL_TIM_Encoder_Init)
    [Anonymous Symbol]                       0x08003310   Section        0  tim.o(.text.HAL_TIM_Encoder_MspInit)
    [Anonymous Symbol]                       0x08003384   Section        0  stm32g4xx_hal_tim.o(.text.HAL_TIM_Encoder_Start)
    [Anonymous Symbol]                       0x08003440   Section        0  stm32g4xx_hal_tim.o(.text.HAL_TIM_IC_CaptureCallback)
    [Anonymous Symbol]                       0x08003444   Section        0  stm32g4xx_hal_tim.o(.text.HAL_TIM_IRQHandler)
    [Anonymous Symbol]                       0x08003610   Section        0  tim.o(.text.HAL_TIM_MspPostInit)
    [Anonymous Symbol]                       0x080036b0   Section        0  stm32g4xx_hal_tim.o(.text.HAL_TIM_OC_DelayElapsedCallback)
    [Anonymous Symbol]                       0x080036b4   Section        0  stm32g4xx_hal_tim.o(.text.HAL_TIM_PWM_ConfigChannel)
    [Anonymous Symbol]                       0x08003a90   Section        0  stm32g4xx_hal_tim.o(.text.HAL_TIM_PWM_Init)
    [Anonymous Symbol]                       0x08003af4   Section        0  stm32g4xx_hal_tim.o(.text.HAL_TIM_PWM_MspInit)
    [Anonymous Symbol]                       0x08003af8   Section        0  stm32g4xx_hal_tim.o(.text.HAL_TIM_PWM_PulseFinishedCallback)
    [Anonymous Symbol]                       0x08003afc   Section        0  stm32g4xx_hal_tim.o(.text.HAL_TIM_PWM_Start)
    [Anonymous Symbol]                       0x08003c90   Section        0  stm32g4xx_it.o(.text.HAL_TIM_PeriodElapsedCallback)
    [Anonymous Symbol]                       0x08003fec   Section        0  stm32g4xx_hal_tim.o(.text.HAL_TIM_TriggerCallback)
    [Anonymous Symbol]                       0x08003ff0   Section        0  stm32g4xx_hal_uart_ex.o(.text.HAL_UARTEx_DisableFifoMode)
    [Anonymous Symbol]                       0x08004028   Section        0  stm32g4xx_hal_uart.o(.text.HAL_UARTEx_RxEventCallback)
    [Anonymous Symbol]                       0x0800402c   Section        0  stm32g4xx_hal_uart_ex.o(.text.HAL_UARTEx_RxFifoFullCallback)
    [Anonymous Symbol]                       0x08004030   Section        0  stm32g4xx_hal_uart_ex.o(.text.HAL_UARTEx_SetRxFifoThreshold)
    [Anonymous Symbol]                       0x080040c0   Section        0  stm32g4xx_hal_uart_ex.o(.text.HAL_UARTEx_SetTxFifoThreshold)
    [Anonymous Symbol]                       0x08004150   Section        0  stm32g4xx_hal_uart_ex.o(.text.HAL_UARTEx_TxFifoEmptyCallback)
    [Anonymous Symbol]                       0x08004154   Section        0  stm32g4xx_hal_uart_ex.o(.text.HAL_UARTEx_WakeupCallback)
    [Anonymous Symbol]                       0x08004158   Section        0  stm32g4xx_hal_uart.o(.text.HAL_UART_ErrorCallback)
    [Anonymous Symbol]                       0x0800415c   Section        0  stm32g4xx_hal_uart.o(.text.HAL_UART_IRQHandler)
    [Anonymous Symbol]                       0x08004790   Section        0  stm32g4xx_hal_uart.o(.text.HAL_UART_Init)
    [Anonymous Symbol]                       0x080047f4   Section        0  usart.o(.text.HAL_UART_MspInit)
    [Anonymous Symbol]                       0x08004904   Section        0  stm32g4xx_hal_uart.o(.text.HAL_UART_Transmit)
    [Anonymous Symbol]                       0x08004a98   Section        0  stm32g4xx_hal_uart.o(.text.HAL_UART_TxCpltCallback)
    [Anonymous Symbol]                       0x08004a9c   Section        0  stm32g4xx_it.o(.text.HardFault_Handler)
    [Anonymous Symbol]                       0x08004aa0   Section        0  adc.o(.text.MX_ADC1_Init)
    [Anonymous Symbol]                       0x08004c00   Section        0  dma.o(.text.MX_DMA_Init)
    [Anonymous Symbol]                       0x08004c68   Section        0  gpio.o(.text.MX_GPIO_Init)
    [Anonymous Symbol]                       0x08004d74   Section        0  spi.o(.text.MX_SPI1_Init)
    [Anonymous Symbol]                       0x08004dc8   Section        0  tim.o(.text.MX_TIM1_Init)
    [Anonymous Symbol]                       0x08004f48   Section        0  tim.o(.text.MX_TIM2_Init)
    [Anonymous Symbol]                       0x08004fbc   Section        0  tim.o(.text.MX_TIM3_Init)
    [Anonymous Symbol]                       0x08005028   Section        0  tim.o(.text.MX_TIM6_Init)
    [Anonymous Symbol]                       0x08005078   Section        0  tim.o(.text.MX_TIM7_Init)
    [Anonymous Symbol]                       0x080050c8   Section        0  usart.o(.text.MX_USART1_UART_Init)
    [Anonymous Symbol]                       0x0800514c   Section        0  stm32g4xx_it.o(.text.MemManage_Handler)
    [Anonymous Symbol]                       0x08005150   Section        0  stm32g4xx_it.o(.text.NMI_Handler)
    [Anonymous Symbol]                       0x08005154   Section        0  stm32g4xx_it.o(.text.PendSV_Handler)
    [Anonymous Symbol]                       0x08005158   Section        0  stm32g4xx_it.o(.text.SVC_Handler)
    [Anonymous Symbol]                       0x0800515c   Section        0  motor.o(.text.Set_SVPWM_Compare)
    [Anonymous Symbol]                       0x08005170   Section        0  stm32g4xx_it.o(.text.SysTick_Handler)
    [Anonymous Symbol]                       0x08005174   Section        0  system_stm32g4xx.o(.text.SystemInit)
    [Anonymous Symbol]                       0x08005188   Section        0  stm32g4xx_it.o(.text.TIM1_UP_TIM16_IRQHandler)
    [Anonymous Symbol]                       0x08005194   Section        0  stm32g4xx_it.o(.text.TIM3_IRQHandler)
    [Anonymous Symbol]                       0x080051a0   Section        0  stm32g4xx_it.o(.text.TIM6_DAC_IRQHandler)
    [Anonymous Symbol]                       0x080051ac   Section        0  stm32g4xx_it.o(.text.TIM7_IRQHandler)
    [Anonymous Symbol]                       0x080051b8   Section        0  stm32g4xx_hal_tim.o(.text.TIM_Base_SetConfig)
    [Anonymous Symbol]                       0x080052dc   Section        0  stm32g4xx_hal_uart.o(.text.UART_AdvFeatureConfig)
    [Anonymous Symbol]                       0x080053c8   Section        0  stm32g4xx_hal_uart.o(.text.UART_CheckIdleState)
    UART_DMAAbortOnError                     0x08005539   Thumb Code    16  stm32g4xx_hal_uart.o(.text.UART_DMAAbortOnError)
    [Anonymous Symbol]                       0x08005538   Section        0  stm32g4xx_hal_uart.o(.text.UART_DMAAbortOnError)
    [Anonymous Symbol]                       0x08005548   Section        0  stm32g4xx_hal_uart.o(.text.UART_SetConfig)
    [Anonymous Symbol]                       0x080057e0   Section        0  stm32g4xx_hal_uart.o(.text.UART_WaitOnFlagUntilTimeout)
    [Anonymous Symbol]                       0x08005b18   Section        0  stm32g4xx_it.o(.text.USART1_IRQHandler)
    [Anonymous Symbol]                       0x08005b24   Section        0  stm32g4xx_it.o(.text.UsageFault_Handler)
    [Anonymous Symbol]                       0x08005b28   Section        0  current .o(.text.adc_init)
    [Anonymous Symbol]                       0x08005b48   Section        0  usart.o(.text.fputc)
    [Anonymous Symbol]                       0x08005b68   Section        0  foc.o(.text.ipark)
    [Anonymous Symbol]                       0x08005bd0   Section        0  main.o(.text.main)
    [Anonymous Symbol]                       0x08005cfc   Section        0  motor.o(.text.motor_init)
    [Anonymous Symbol]                       0x08005d78   Section        0  as5047p.o(.text.read_angle_ABZ)
    [Anonymous Symbol]                       0x08005da4   Section        0  foc.o(.text.svpwm)
    i.__0printf                              0x08005f38   Section        0  printfa.o(i.__0printf)
    i.__ARM_fpclassify                       0x08005f58   Section        0  fpclassify.o(i.__ARM_fpclassify)
    i.__hardfp_cos                           0x08005f88   Section        0  cos.o(i.__hardfp_cos)
    i.__hardfp_sin                           0x08006050   Section        0  sin.o(i.__hardfp_sin)
    i.__ieee754_rem_pio2                     0x08006118   Section        0  rred.o(i.__ieee754_rem_pio2)
    i.__kernel_cos                           0x08006550   Section        0  cos_i.o(i.__kernel_cos)
    i.__kernel_poly                          0x080066c0   Section        0  poly.o(i.__kernel_poly)
    i.__kernel_sin                           0x080067b8   Section        0  sin_i.o(i.__kernel_sin)
    i.__mathlib_dbl_infnan                   0x080068e8   Section        0  dunder.o(i.__mathlib_dbl_infnan)
    i.__mathlib_dbl_invalid                  0x08006900   Section        0  dunder.o(i.__mathlib_dbl_invalid)
    i.__mathlib_dbl_underflow                0x08006920   Section        0  dunder.o(i.__mathlib_dbl_underflow)
    i.__scatterload_copy                     0x08006940   Section       14  handlers.o(i.__scatterload_copy)
    i.__scatterload_null                     0x0800694e   Section        2  handlers.o(i.__scatterload_null)
    i.__scatterload_zeroinit                 0x08006950   Section       14  handlers.o(i.__scatterload_zeroinit)
    i.__set_errno                            0x08006960   Section        0  errno.o(i.__set_errno)
    _fp_digits                               0x0800696d   Thumb Code   366  printfa.o(i._fp_digits)
    i._fp_digits                             0x0800696c   Section        0  printfa.o(i._fp_digits)
    _printf_core                             0x08006af1   Thumb Code  1744  printfa.o(i._printf_core)
    i._printf_core                           0x08006af0   Section        0  printfa.o(i._printf_core)
    _printf_post_padding                     0x080071cd   Thumb Code    36  printfa.o(i._printf_post_padding)
    i._printf_post_padding                   0x080071cc   Section        0  printfa.o(i._printf_post_padding)
    _printf_pre_padding                      0x080071f1   Thumb Code    46  printfa.o(i._printf_pre_padding)
    i._printf_pre_padding                    0x080071f0   Section        0  printfa.o(i._printf_pre_padding)
    i.fabs                                   0x0800721e   Section        0  fabs.o(i.fabs)
    C                                        0x08007238   Data          48  cos_i.o(.constdata)
    .constdata                               0x08007238   Section       48  cos_i.o(.constdata)
    pio2s                                    0x08007268   Data          48  rred.o(.constdata)
    .constdata                               0x08007268   Section      204  rred.o(.constdata)
    twooverpi                                0x08007298   Data         156  rred.o(.constdata)
    S                                        0x08007338   Data          40  sin_i.o(.constdata)
    .constdata                               0x08007338   Section       40  sin_i.o(.constdata)
    .Lswitch.table.UART_SetConfig.4          0x08007390   Data          16  stm32g4xx_hal_uart.o(.rodata.cst16)
    UARTEx_SetNbDataToProcess.numerator      0x080073a0   Data           8  stm32g4xx_hal_uart_ex.o(.rodata.cst8)
    [Anonymous Symbol]                       0x080073a0   Section        0  stm32g4xx_hal_uart_ex.o(.rodata.cst8)
    UARTEx_SetNbDataToProcess.denominator    0x080073a8   Data           8  stm32g4xx_hal_uart_ex.o(.rodata.cst8)
    .data                                    0x20000000   Section        4  stdout.o(.data)
    _errno                                   0x20000004   Data           4  errno.o(.data)
    .data                                    0x20000004   Section        4  errno.o(.data)
    .L_MergedGlobals                         0x20000008   Data           8  stm32g4xx_hal.o(.data..L_MergedGlobals)
    [Anonymous Symbol]                       0x20000008   Section        0  stm32g4xx_hal.o(.data..L_MergedGlobals)
    .L_MergedGlobals                         0x20000018   Data          12  stm32g4xx_it.o(.bss..L_MergedGlobals)
    [Anonymous Symbol]                       0x20000018   Section        0  stm32g4xx_it.o(.bss..L_MergedGlobals)
    HAL_TIM_PeriodElapsedCallback.adc_sta    0x2000001c   Data           1  stm32g4xx_it.o(.bss..L_MergedGlobals)
    STACK                                    0x20000528   Section     1024  startup_stm32g431xx.o(STACK)

    Global Symbols

    Symbol Name                              Value     Ov Type        Size  Object(Section)

    BuildAttributes$$THM_ISAv4$E$P$D$K$B$S$7EM$VFPi3$EXTD16$VFPS$VFMA$PE$A:L22UL41UL21$X:L11$S22US41US21$IEEE1$IW$~IW$USESV6$~STKCKD$USESV7$~SHL$OTIME$ROPI$IEEEX$EBA8$MICROLIB$REQ8$PRES8$EABIv2 0x00000000   Number         0  anon$$obj.o ABSOLUTE
    _printf_a                                0x00000000   Number         0  printfstubs.o ABSOLUTE
    _printf_c                                0x00000000   Number         0  printfstubs.o ABSOLUTE
    _printf_charcount                        0x00000000   Number         0  printfstubs.o ABSOLUTE
    _printf_d                                0x00000000   Number         0  printfstubs.o ABSOLUTE
    _printf_e                                0x00000000   Number         0  printfstubs.o ABSOLUTE
    _printf_f                                0x00000000   Number         0  printfstubs.o ABSOLUTE
    _printf_flags                            0x00000000   Number         0  printfstubs.o ABSOLUTE
    _printf_fp_dec                           0x00000000   Number         0  printfstubs.o ABSOLUTE
    _printf_fp_hex                           0x00000000   Number         0  printfstubs.o ABSOLUTE
    _printf_g                                0x00000000   Number         0  printfstubs.o ABSOLUTE
    _printf_i                                0x00000000   Number         0  printfstubs.o ABSOLUTE
    _printf_int_dec                          0x00000000   Number         0  printfstubs.o ABSOLUTE
    _printf_l                                0x00000000   Number         0  printfstubs.o ABSOLUTE
    _printf_lc                               0x00000000   Number         0  printfstubs.o ABSOLUTE
    _printf_ll                               0x00000000   Number         0  printfstubs.o ABSOLUTE
    _printf_lld                              0x00000000   Number         0  printfstubs.o ABSOLUTE
    _printf_lli                              0x00000000   Number         0  printfstubs.o ABSOLUTE
    _printf_llo                              0x00000000   Number         0  printfstubs.o ABSOLUTE
    _printf_llu                              0x00000000   Number         0  printfstubs.o ABSOLUTE
    _printf_llx                              0x00000000   Number         0  printfstubs.o ABSOLUTE
    _printf_longlong_dec                     0x00000000   Number         0  printfstubs.o ABSOLUTE
    _printf_longlong_hex                     0x00000000   Number         0  printfstubs.o ABSOLUTE
    _printf_longlong_oct                     0x00000000   Number         0  printfstubs.o ABSOLUTE
    _printf_ls                               0x00000000   Number         0  printfstubs.o ABSOLUTE
    _printf_mbtowc                           0x00000000   Number         0  printfstubs.o ABSOLUTE
    _printf_n                                0x00000000   Number         0  printfstubs.o ABSOLUTE
    _printf_o                                0x00000000   Number         0  printfstubs.o ABSOLUTE
    _printf_p                                0x00000000   Number         0  printfstubs.o ABSOLUTE
    _printf_percent                          0x00000000   Number         0  printfstubs.o ABSOLUTE
    _printf_pre_padding                      0x00000000   Number         0  printfstubs.o ABSOLUTE
    _printf_return_value                     0x00000000   Number         0  printfstubs.o ABSOLUTE
    _printf_s                                0x00000000   Number         0  printfstubs.o ABSOLUTE
    _printf_sizespec                         0x00000000   Number         0  printfstubs.o ABSOLUTE
    _printf_str                              0x00000000   Number         0  printfstubs.o ABSOLUTE
    _printf_truncate_signed                  0x00000000   Number         0  printfstubs.o ABSOLUTE
    _printf_truncate_unsigned                0x00000000   Number         0  printfstubs.o ABSOLUTE
    _printf_u                                0x00000000   Number         0  printfstubs.o ABSOLUTE
    _printf_wc                               0x00000000   Number         0  printfstubs.o ABSOLUTE
    _printf_wctomb                           0x00000000   Number         0  printfstubs.o ABSOLUTE
    _printf_widthprec                        0x00000000   Number         0  printfstubs.o ABSOLUTE
    _printf_x                                0x00000000   Number         0  printfstubs.o ABSOLUTE
    __cpp_initialize__aeabi_                  - Undefined Weak Reference
    __cxa_finalize                            - Undefined Weak Reference
    __decompress                              - Undefined Weak Reference
    _clock_init                               - Undefined Weak Reference
    _microlib_exit                            - Undefined Weak Reference
    __Vectors_Size                           0x000001d8   Number         0  startup_stm32g431xx.o ABSOLUTE
    __Vectors                                0x08000000   Data           4  startup_stm32g431xx.o(RESET)
    __Vectors_End                            0x080001d8   Data           0  startup_stm32g431xx.o(RESET)
    __main                                   0x080001d9   Thumb Code     0  entry.o(.ARM.Collect$$$$00000000)
    _main_stk                                0x080001d9   Thumb Code     0  entry2.o(.ARM.Collect$$$$00000001)
    _main_scatterload                        0x080001dd   Thumb Code     0  entry5.o(.ARM.Collect$$$$00000004)
    __main_after_scatterload                 0x080001e1   Thumb Code     0  entry5.o(.ARM.Collect$$$$00000004)
    _main_clock                              0x080001e1   Thumb Code     0  entry7b.o(.ARM.Collect$$$$00000008)
    _main_cpp_init                           0x080001e1   Thumb Code     0  entry8b.o(.ARM.Collect$$$$0000000A)
    _main_init                               0x080001e1   Thumb Code     0  entry9a.o(.ARM.Collect$$$$0000000B)
    __rt_final_cpp                           0x080001e9   Thumb Code     0  entry10a.o(.ARM.Collect$$$$0000000D)
    __rt_final_exit                          0x080001e9   Thumb Code     0  entry11a.o(.ARM.Collect$$$$0000000F)
    Reset_Handler                            0x080001ed   Thumb Code     8  startup_stm32g431xx.o(.text)
    ADC1_2_IRQHandler                        0x08000207   Thumb Code     0  startup_stm32g431xx.o(.text)
    COMP1_2_3_IRQHandler                     0x08000207   Thumb Code     0  startup_stm32g431xx.o(.text)
    COMP4_IRQHandler                         0x08000207   Thumb Code     0  startup_stm32g431xx.o(.text)
    CORDIC_IRQHandler                        0x08000207   Thumb Code     0  startup_stm32g431xx.o(.text)
    CRS_IRQHandler                           0x08000207   Thumb Code     0  startup_stm32g431xx.o(.text)
    DMA1_Channel4_IRQHandler                 0x08000207   Thumb Code     0  startup_stm32g431xx.o(.text)
    DMA1_Channel5_IRQHandler                 0x08000207   Thumb Code     0  startup_stm32g431xx.o(.text)
    DMA1_Channel6_IRQHandler                 0x08000207   Thumb Code     0  startup_stm32g431xx.o(.text)
    DMA2_Channel1_IRQHandler                 0x08000207   Thumb Code     0  startup_stm32g431xx.o(.text)
    DMA2_Channel2_IRQHandler                 0x08000207   Thumb Code     0  startup_stm32g431xx.o(.text)
    DMA2_Channel3_IRQHandler                 0x08000207   Thumb Code     0  startup_stm32g431xx.o(.text)
    DMA2_Channel4_IRQHandler                 0x08000207   Thumb Code     0  startup_stm32g431xx.o(.text)
    DMA2_Channel5_IRQHandler                 0x08000207   Thumb Code     0  startup_stm32g431xx.o(.text)
    DMA2_Channel6_IRQHandler                 0x08000207   Thumb Code     0  startup_stm32g431xx.o(.text)
    DMAMUX_OVR_IRQHandler                    0x08000207   Thumb Code     0  startup_stm32g431xx.o(.text)
    EXTI15_10_IRQHandler                     0x08000207   Thumb Code     0  startup_stm32g431xx.o(.text)
    EXTI1_IRQHandler                         0x08000207   Thumb Code     0  startup_stm32g431xx.o(.text)
    EXTI2_IRQHandler                         0x08000207   Thumb Code     0  startup_stm32g431xx.o(.text)
    EXTI3_IRQHandler                         0x08000207   Thumb Code     0  startup_stm32g431xx.o(.text)
    EXTI9_5_IRQHandler                       0x08000207   Thumb Code     0  startup_stm32g431xx.o(.text)
    FDCAN1_IT0_IRQHandler                    0x08000207   Thumb Code     0  startup_stm32g431xx.o(.text)
    FDCAN1_IT1_IRQHandler                    0x08000207   Thumb Code     0  startup_stm32g431xx.o(.text)
    FLASH_IRQHandler                         0x08000207   Thumb Code     0  startup_stm32g431xx.o(.text)
    FMAC_IRQHandler                          0x08000207   Thumb Code     0  startup_stm32g431xx.o(.text)
    FPU_IRQHandler                           0x08000207   Thumb Code     0  startup_stm32g431xx.o(.text)
    I2C1_ER_IRQHandler                       0x08000207   Thumb Code     0  startup_stm32g431xx.o(.text)
    I2C1_EV_IRQHandler                       0x08000207   Thumb Code     0  startup_stm32g431xx.o(.text)
    I2C2_ER_IRQHandler                       0x08000207   Thumb Code     0  startup_stm32g431xx.o(.text)
    I2C2_EV_IRQHandler                       0x08000207   Thumb Code     0  startup_stm32g431xx.o(.text)
    I2C3_ER_IRQHandler                       0x08000207   Thumb Code     0  startup_stm32g431xx.o(.text)
    I2C3_EV_IRQHandler                       0x08000207   Thumb Code     0  startup_stm32g431xx.o(.text)
    LPTIM1_IRQHandler                        0x08000207   Thumb Code     0  startup_stm32g431xx.o(.text)
    LPUART1_IRQHandler                       0x08000207   Thumb Code     0  startup_stm32g431xx.o(.text)
    PVD_PVM_IRQHandler                       0x08000207   Thumb Code     0  startup_stm32g431xx.o(.text)
    RCC_IRQHandler                           0x08000207   Thumb Code     0  startup_stm32g431xx.o(.text)
    RNG_IRQHandler                           0x08000207   Thumb Code     0  startup_stm32g431xx.o(.text)
    RTC_Alarm_IRQHandler                     0x08000207   Thumb Code     0  startup_stm32g431xx.o(.text)
    RTC_TAMP_LSECSS_IRQHandler               0x08000207   Thumb Code     0  startup_stm32g431xx.o(.text)
    RTC_WKUP_IRQHandler                      0x08000207   Thumb Code     0  startup_stm32g431xx.o(.text)
    SAI1_IRQHandler                          0x08000207   Thumb Code     0  startup_stm32g431xx.o(.text)
    SPI1_IRQHandler                          0x08000207   Thumb Code     0  startup_stm32g431xx.o(.text)
    SPI2_IRQHandler                          0x08000207   Thumb Code     0  startup_stm32g431xx.o(.text)
    SPI3_IRQHandler                          0x08000207   Thumb Code     0  startup_stm32g431xx.o(.text)
    TIM1_BRK_TIM15_IRQHandler                0x08000207   Thumb Code     0  startup_stm32g431xx.o(.text)
    TIM1_CC_IRQHandler                       0x08000207   Thumb Code     0  startup_stm32g431xx.o(.text)
    TIM1_TRG_COM_TIM17_IRQHandler            0x08000207   Thumb Code     0  startup_stm32g431xx.o(.text)
    TIM2_IRQHandler                          0x08000207   Thumb Code     0  startup_stm32g431xx.o(.text)
    TIM4_IRQHandler                          0x08000207   Thumb Code     0  startup_stm32g431xx.o(.text)
    TIM8_BRK_IRQHandler                      0x08000207   Thumb Code     0  startup_stm32g431xx.o(.text)
    TIM8_CC_IRQHandler                       0x08000207   Thumb Code     0  startup_stm32g431xx.o(.text)
    TIM8_TRG_COM_IRQHandler                  0x08000207   Thumb Code     0  startup_stm32g431xx.o(.text)
    TIM8_UP_IRQHandler                       0x08000207   Thumb Code     0  startup_stm32g431xx.o(.text)
    UART4_IRQHandler                         0x08000207   Thumb Code     0  startup_stm32g431xx.o(.text)
    UCPD1_IRQHandler                         0x08000207   Thumb Code     0  startup_stm32g431xx.o(.text)
    USART2_IRQHandler                        0x08000207   Thumb Code     0  startup_stm32g431xx.o(.text)
    USART3_IRQHandler                        0x08000207   Thumb Code     0  startup_stm32g431xx.o(.text)
    USBWakeUp_IRQHandler                     0x08000207   Thumb Code     0  startup_stm32g431xx.o(.text)
    USB_HP_IRQHandler                        0x08000207   Thumb Code     0  startup_stm32g431xx.o(.text)
    USB_LP_IRQHandler                        0x08000207   Thumb Code     0  startup_stm32g431xx.o(.text)
    WWDG_IRQHandler                          0x08000207   Thumb Code     0  startup_stm32g431xx.o(.text)
    __aeabi_uldivmod                         0x08000211   Thumb Code    98  uldiv.o(.text)
    __aeabi_memset                           0x08000273   Thumb Code    14  memseta.o(.text)
    __aeabi_memset4                          0x08000273   Thumb Code     0  memseta.o(.text)
    __aeabi_memset8                          0x08000273   Thumb Code     0  memseta.o(.text)
    __aeabi_memclr                           0x08000281   Thumb Code     4  memseta.o(.text)
    __aeabi_memclr4                          0x08000281   Thumb Code     0  memseta.o(.text)
    __aeabi_memclr8                          0x08000281   Thumb Code     0  memseta.o(.text)
    _memset$wrapper                          0x08000285   Thumb Code    18  memseta.o(.text)
    __aeabi_dadd                             0x08000297   Thumb Code   322  dadd.o(.text)
    __aeabi_dsub                             0x080003d9   Thumb Code     6  dadd.o(.text)
    __aeabi_drsub                            0x080003df   Thumb Code     6  dadd.o(.text)
    __aeabi_dmul                             0x080003e5   Thumb Code   228  dmul.o(.text)
    __aeabi_f2d                              0x080004c9   Thumb Code    38  f2d.o(.text)
    __aeabi_d2f                              0x080004ef   Thumb Code    56  d2f.o(.text)
    __aeabi_uidiv                            0x08000527   Thumb Code     0  uidiv.o(.text)
    __aeabi_uidivmod                         0x08000527   Thumb Code    44  uidiv.o(.text)
    __aeabi_llsl                             0x08000553   Thumb Code    30  llshl.o(.text)
    _ll_shift_l                              0x08000553   Thumb Code     0  llshl.o(.text)
    __aeabi_llsr                             0x08000571   Thumb Code    32  llushr.o(.text)
    _ll_ushift_r                             0x08000571   Thumb Code     0  llushr.o(.text)
    __aeabi_lasr                             0x08000591   Thumb Code    36  llsshr.o(.text)
    _ll_sshift_r                             0x08000591   Thumb Code     0  llsshr.o(.text)
    __I$use$fp                               0x080005b5   Thumb Code     0  iusefp.o(.text)
    _float_round                             0x080005b5   Thumb Code    18  fepilogue.o(.text)
    _float_epilogue                          0x080005c7   Thumb Code    92  fepilogue.o(.text)
    _double_round                            0x08000623   Thumb Code    30  depilogue.o(.text)
    _double_epilogue                         0x08000641   Thumb Code   156  depilogue.o(.text)
    __aeabi_ddiv                             0x080006dd   Thumb Code   222  ddiv.o(.text)
    __aeabi_d2ulz                            0x080007bb   Thumb Code    48  dfixul.o(.text)
    __aeabi_cdrcmple                         0x080007ed   Thumb Code    48  cdrcmple.o(.text)
    __scatterload                            0x0800081d   Thumb Code    38  init.o(.text)
    __scatterload_rt2                        0x0800081d   Thumb Code     0  init.o(.text)
    __aeabi_i2d                              0x0800084d   Thumb Code    34  dflti.o(.text)
    __aeabi_ui2d                             0x0800086f   Thumb Code    26  dfltui.o(.text)
    __aeabi_d2iz                             0x08000889   Thumb Code    62  dfixi.o(.text)
    ADC_Enable                               0x080008c9   Thumb Code   246  stm32g4xx_hal_adc.o(.text.ADC_Enable)
    As5047p_Init                             0x080009c1   Thumb Code    54  as5047p.o(.text.As5047p_Init)
    BusFault_Handler                         0x080009f9   Thumb Code     2  stm32g4xx_it.o(.text.BusFault_Handler)
    DMA1_Channel1_IRQHandler                 0x080009fd   Thumb Code    12  stm32g4xx_it.o(.text.DMA1_Channel1_IRQHandler)
    DMA1_Channel2_IRQHandler                 0x08000a09   Thumb Code    12  stm32g4xx_it.o(.text.DMA1_Channel2_IRQHandler)
    DMA1_Channel3_IRQHandler                 0x08000a15   Thumb Code    12  stm32g4xx_it.o(.text.DMA1_Channel3_IRQHandler)
    DebugMon_Handler                         0x08000a21   Thumb Code     2  stm32g4xx_it.o(.text.DebugMon_Handler)
    EXTI0_IRQHandler                         0x08000a25   Thumb Code     6  stm32g4xx_it.o(.text.EXTI0_IRQHandler)
    EXTI4_IRQHandler                         0x08000a2d   Thumb Code     6  stm32g4xx_it.o(.text.EXTI4_IRQHandler)
    Error_Handler                            0x08000a35   Thumb Code    10  main.o(.text.Error_Handler)
    HAL_ADCEx_InjectedConfigChannel          0x08000a41   Thumb Code  1214  stm32g4xx_hal_adc_ex.o(.text.HAL_ADCEx_InjectedConfigChannel)
    HAL_ADCEx_InjectedStart                  0x08000f01   Thumb Code   232  stm32g4xx_hal_adc_ex.o(.text.HAL_ADCEx_InjectedStart)
    HAL_ADCEx_MultiModeConfigChannel         0x08000fe9   Thumb Code   184  stm32g4xx_hal_adc_ex.o(.text.HAL_ADCEx_MultiModeConfigChannel)
    HAL_ADC_ConfigChannel                    0x080010a1   Thumb Code   922  stm32g4xx_hal_adc.o(.text.HAL_ADC_ConfigChannel)
    HAL_ADC_Init                             0x0800143d   Thumb Code   576  stm32g4xx_hal_adc.o(.text.HAL_ADC_Init)
    HAL_ADC_MspInit                          0x0800167d   Thumb Code   198  adc.o(.text.HAL_ADC_MspInit)
    HAL_DMA_Abort                            0x08001745   Thumb Code   112  stm32g4xx_hal_dma.o(.text.HAL_DMA_Abort)
    HAL_DMA_Abort_IT                         0x080017b5   Thumb Code   128  stm32g4xx_hal_dma.o(.text.HAL_DMA_Abort_IT)
    HAL_DMA_IRQHandler                       0x08001835   Thumb Code   170  stm32g4xx_hal_dma.o(.text.HAL_DMA_IRQHandler)
    HAL_DMA_Init                             0x080018e1   Thumb Code   298  stm32g4xx_hal_dma.o(.text.HAL_DMA_Init)
    HAL_Delay                                0x08001a0d   Thumb Code    40  stm32g4xx_hal.o(.text.HAL_Delay)
    HAL_GPIO_EXTI_Callback                   0x08001a35   Thumb Code    94  stm32g4xx_it.o(.text.HAL_GPIO_EXTI_Callback)
    HAL_GPIO_EXTI_IRQHandler                 0x08001a95   Thumb Code    22  stm32g4xx_hal_gpio.o(.text.HAL_GPIO_EXTI_IRQHandler)
    HAL_GPIO_Init                            0x08001aad   Thumb Code   414  stm32g4xx_hal_gpio.o(.text.HAL_GPIO_Init)
    HAL_GPIO_ReadPin                         0x08001c4d   Thumb Code    10  stm32g4xx_hal_gpio.o(.text.HAL_GPIO_ReadPin)
    HAL_GPIO_TogglePin                       0x08001c59   Thumb Code    16  stm32g4xx_hal_gpio.o(.text.HAL_GPIO_TogglePin)
    HAL_GPIO_WritePin                        0x08001c69   Thumb Code    12  stm32g4xx_hal_gpio.o(.text.HAL_GPIO_WritePin)
    HAL_GetTick                              0x08001c75   Thumb Code    12  stm32g4xx_hal.o(.text.HAL_GetTick)
    HAL_IncTick                              0x08001c81   Thumb Code    26  stm32g4xx_hal.o(.text.HAL_IncTick)
    HAL_Init                                 0x08001c9d   Thumb Code    30  stm32g4xx_hal.o(.text.HAL_Init)
    HAL_InitTick                             0x08001cbd   Thumb Code    76  stm32g4xx_hal.o(.text.HAL_InitTick)
    HAL_MspInit                              0x08001d09   Thumb Code    52  stm32g4xx_hal_msp.o(.text.HAL_MspInit)
    HAL_NVIC_EnableIRQ                       0x08001d3d   Thumb Code    34  stm32g4xx_hal_cortex.o(.text.HAL_NVIC_EnableIRQ)
    HAL_NVIC_SetPriority                     0x08001d61   Thumb Code    86  stm32g4xx_hal_cortex.o(.text.HAL_NVIC_SetPriority)
    HAL_NVIC_SetPriorityGrouping             0x08001db9   Thumb Code    32  stm32g4xx_hal_cortex.o(.text.HAL_NVIC_SetPriorityGrouping)
    HAL_PWREx_ControlVoltageScaling          0x08001dd9   Thumb Code   294  stm32g4xx_hal_pwr_ex.o(.text.HAL_PWREx_ControlVoltageScaling)
    HAL_PWREx_DisableUCPDDeadBattery         0x08001f01   Thumb Code    18  stm32g4xx_hal_pwr_ex.o(.text.HAL_PWREx_DisableUCPDDeadBattery)
    HAL_RCCEx_PeriphCLKConfig                0x08001f15   Thumb Code   618  stm32g4xx_hal_rcc_ex.o(.text.HAL_RCCEx_PeriphCLKConfig)
    HAL_RCC_ClockConfig                      0x08002181   Thumb Code   780  stm32g4xx_hal_rcc.o(.text.HAL_RCC_ClockConfig)
    HAL_RCC_GetPCLK1Freq                     0x0800248d   Thumb Code    42  stm32g4xx_hal_rcc.o(.text.HAL_RCC_GetPCLK1Freq)
    HAL_RCC_GetPCLK2Freq                     0x080024b9   Thumb Code    42  stm32g4xx_hal_rcc.o(.text.HAL_RCC_GetPCLK2Freq)
    HAL_RCC_GetSysClockFreq                  0x080024e5   Thumb Code   130  stm32g4xx_hal_rcc.o(.text.HAL_RCC_GetSysClockFreq)
    HAL_RCC_OscConfig                        0x08002569   Thumb Code  1234  stm32g4xx_hal_rcc.o(.text.HAL_RCC_OscConfig)
    HAL_SPI_Init                             0x08002a3d   Thumb Code   228  stm32g4xx_hal_spi.o(.text.HAL_SPI_Init)
    HAL_SPI_MspInit                          0x08002b21   Thumb Code   104  spi.o(.text.HAL_SPI_MspInit)
    HAL_SYSTICK_Config                       0x08002b89   Thumb Code    44  stm32g4xx_hal_cortex.o(.text.HAL_SYSTICK_Config)
    HAL_TIMEx_Break2Callback                 0x08002bb5   Thumb Code     2  stm32g4xx_hal_tim_ex.o(.text.HAL_TIMEx_Break2Callback)
    HAL_TIMEx_BreakCallback                  0x08002bb9   Thumb Code     2  stm32g4xx_hal_tim_ex.o(.text.HAL_TIMEx_BreakCallback)
    HAL_TIMEx_CommutCallback                 0x08002bbd   Thumb Code     2  stm32g4xx_hal_tim_ex.o(.text.HAL_TIMEx_CommutCallback)
    HAL_TIMEx_ConfigBreakDeadTime            0x08002bc1   Thumb Code   206  stm32g4xx_hal_tim_ex.o(.text.HAL_TIMEx_ConfigBreakDeadTime)
    HAL_TIMEx_DirectionChangeCallback        0x08002c91   Thumb Code     2  stm32g4xx_hal_tim_ex.o(.text.HAL_TIMEx_DirectionChangeCallback)
    HAL_TIMEx_EncoderIndexCallback           0x08002c95   Thumb Code     2  stm32g4xx_hal_tim_ex.o(.text.HAL_TIMEx_EncoderIndexCallback)
    HAL_TIMEx_IndexErrorCallback             0x08002c99   Thumb Code     2  stm32g4xx_hal_tim_ex.o(.text.HAL_TIMEx_IndexErrorCallback)
    HAL_TIMEx_MasterConfigSynchronization    0x08002c9d   Thumb Code   166  stm32g4xx_hal_tim_ex.o(.text.HAL_TIMEx_MasterConfigSynchronization)
    HAL_TIMEx_OCN_Start                      0x08002d45   Thumb Code   234  stm32g4xx_hal_tim_ex.o(.text.HAL_TIMEx_OCN_Start)
    HAL_TIMEx_TransitionErrorCallback        0x08002e31   Thumb Code     2  stm32g4xx_hal_tim_ex.o(.text.HAL_TIMEx_TransitionErrorCallback)
    HAL_TIM_Base_Init                        0x08002e35   Thumb Code    98  stm32g4xx_hal_tim.o(.text.HAL_TIM_Base_Init)
    HAL_TIM_Base_MspInit                     0x08002e99   Thumb Code   236  tim.o(.text.HAL_TIM_Base_MspInit)
    HAL_TIM_Base_Start_IT                    0x08002f85   Thumb Code   146  stm32g4xx_hal_tim.o(.text.HAL_TIM_Base_Start_IT)
    HAL_TIM_Base_Stop_IT                     0x08003019   Thumb Code    60  stm32g4xx_hal_tim.o(.text.HAL_TIM_Base_Stop_IT)
    HAL_TIM_ConfigClockSource                0x08003055   Thumb Code   516  stm32g4xx_hal_tim.o(.text.HAL_TIM_ConfigClockSource)
    HAL_TIM_Encoder_Init                     0x08003259   Thumb Code   182  stm32g4xx_hal_tim.o(.text.HAL_TIM_Encoder_Init)
    HAL_TIM_Encoder_MspInit                  0x08003311   Thumb Code   114  tim.o(.text.HAL_TIM_Encoder_MspInit)
    HAL_TIM_Encoder_Start                    0x08003385   Thumb Code   188  stm32g4xx_hal_tim.o(.text.HAL_TIM_Encoder_Start)
    HAL_TIM_IC_CaptureCallback               0x08003441   Thumb Code     2  stm32g4xx_hal_tim.o(.text.HAL_TIM_IC_CaptureCallback)
    HAL_TIM_IRQHandler                       0x08003445   Thumb Code   460  stm32g4xx_hal_tim.o(.text.HAL_TIM_IRQHandler)
    HAL_TIM_MspPostInit                      0x08003611   Thumb Code   160  tim.o(.text.HAL_TIM_MspPostInit)
    HAL_TIM_OC_DelayElapsedCallback          0x080036b1   Thumb Code     2  stm32g4xx_hal_tim.o(.text.HAL_TIM_OC_DelayElapsedCallback)
    HAL_TIM_PWM_ConfigChannel                0x080036b5   Thumb Code   986  stm32g4xx_hal_tim.o(.text.HAL_TIM_PWM_ConfigChannel)
    HAL_TIM_PWM_Init                         0x08003a91   Thumb Code    98  stm32g4xx_hal_tim.o(.text.HAL_TIM_PWM_Init)
    HAL_TIM_PWM_MspInit                      0x08003af5   Thumb Code     2  stm32g4xx_hal_tim.o(.text.HAL_TIM_PWM_MspInit)
    HAL_TIM_PWM_PulseFinishedCallback        0x08003af9   Thumb Code     2  stm32g4xx_hal_tim.o(.text.HAL_TIM_PWM_PulseFinishedCallback)
    HAL_TIM_PWM_Start                        0x08003afd   Thumb Code   398  stm32g4xx_hal_tim.o(.text.HAL_TIM_PWM_Start)
    HAL_TIM_PeriodElapsedCallback            0x08003c91   Thumb Code   808  stm32g4xx_it.o(.text.HAL_TIM_PeriodElapsedCallback)
    HAL_TIM_TriggerCallback                  0x08003fed   Thumb Code     2  stm32g4xx_hal_tim.o(.text.HAL_TIM_TriggerCallback)
    HAL_UARTEx_DisableFifoMode               0x08003ff1   Thumb Code    54  stm32g4xx_hal_uart_ex.o(.text.HAL_UARTEx_DisableFifoMode)
    HAL_UARTEx_RxEventCallback               0x08004029   Thumb Code     2  stm32g4xx_hal_uart.o(.text.HAL_UARTEx_RxEventCallback)
    HAL_UARTEx_RxFifoFullCallback            0x0800402d   Thumb Code     2  stm32g4xx_hal_uart_ex.o(.text.HAL_UARTEx_RxFifoFullCallback)
    HAL_UARTEx_SetRxFifoThreshold            0x08004031   Thumb Code   144  stm32g4xx_hal_uart_ex.o(.text.HAL_UARTEx_SetRxFifoThreshold)
    HAL_UARTEx_SetTxFifoThreshold            0x080040c1   Thumb Code   144  stm32g4xx_hal_uart_ex.o(.text.HAL_UARTEx_SetTxFifoThreshold)
    HAL_UARTEx_TxFifoEmptyCallback           0x08004151   Thumb Code     2  stm32g4xx_hal_uart_ex.o(.text.HAL_UARTEx_TxFifoEmptyCallback)
    HAL_UARTEx_WakeupCallback                0x08004155   Thumb Code     2  stm32g4xx_hal_uart_ex.o(.text.HAL_UARTEx_WakeupCallback)
    HAL_UART_ErrorCallback                   0x08004159   Thumb Code     2  stm32g4xx_hal_uart.o(.text.HAL_UART_ErrorCallback)
    HAL_UART_IRQHandler                      0x0800415d   Thumb Code  1588  stm32g4xx_hal_uart.o(.text.HAL_UART_IRQHandler)
    HAL_UART_Init                            0x08004791   Thumb Code   100  stm32g4xx_hal_uart.o(.text.HAL_UART_Init)
    HAL_UART_MspInit                         0x080047f5   Thumb Code   272  usart.o(.text.HAL_UART_MspInit)
    HAL_UART_Transmit                        0x08004905   Thumb Code   404  stm32g4xx_hal_uart.o(.text.HAL_UART_Transmit)
    HAL_UART_TxCpltCallback                  0x08004a99   Thumb Code     2  stm32g4xx_hal_uart.o(.text.HAL_UART_TxCpltCallback)
    HardFault_Handler                        0x08004a9d   Thumb Code     2  stm32g4xx_it.o(.text.HardFault_Handler)
    MX_ADC1_Init                             0x08004aa1   Thumb Code   350  adc.o(.text.MX_ADC1_Init)
    MX_DMA_Init                              0x08004c01   Thumb Code   102  dma.o(.text.MX_DMA_Init)
    MX_GPIO_Init                             0x08004c69   Thumb Code   266  gpio.o(.text.MX_GPIO_Init)
    MX_SPI1_Init                             0x08004d75   Thumb Code    82  spi.o(.text.MX_SPI1_Init)
    MX_TIM1_Init                             0x08004dc9   Thumb Code   384  tim.o(.text.MX_TIM1_Init)
    MX_TIM2_Init                             0x08004f49   Thumb Code   114  tim.o(.text.MX_TIM2_Init)
    MX_TIM3_Init                             0x08004fbd   Thumb Code   108  tim.o(.text.MX_TIM3_Init)
    MX_TIM6_Init                             0x08005029   Thumb Code    80  tim.o(.text.MX_TIM6_Init)
    MX_TIM7_Init                             0x08005079   Thumb Code    80  tim.o(.text.MX_TIM7_Init)
    MX_USART1_UART_Init                      0x080050c9   Thumb Code   130  usart.o(.text.MX_USART1_UART_Init)
    MemManage_Handler                        0x0800514d   Thumb Code     2  stm32g4xx_it.o(.text.MemManage_Handler)
    NMI_Handler                              0x08005151   Thumb Code     2  stm32g4xx_it.o(.text.NMI_Handler)
    PendSV_Handler                           0x08005155   Thumb Code     2  stm32g4xx_it.o(.text.PendSV_Handler)
    SVC_Handler                              0x08005159   Thumb Code     2  stm32g4xx_it.o(.text.SVC_Handler)
    Set_SVPWM_Compare                        0x0800515d   Thumb Code    18  motor.o(.text.Set_SVPWM_Compare)
    SysTick_Handler                          0x08005171   Thumb Code     4  stm32g4xx_it.o(.text.SysTick_Handler)
    SystemInit                               0x08005175   Thumb Code    18  system_stm32g4xx.o(.text.SystemInit)
    TIM1_UP_TIM16_IRQHandler                 0x08005189   Thumb Code    12  stm32g4xx_it.o(.text.TIM1_UP_TIM16_IRQHandler)
    TIM3_IRQHandler                          0x08005195   Thumb Code    12  stm32g4xx_it.o(.text.TIM3_IRQHandler)
    TIM6_DAC_IRQHandler                      0x080051a1   Thumb Code    12  stm32g4xx_it.o(.text.TIM6_DAC_IRQHandler)
    TIM7_IRQHandler                          0x080051ad   Thumb Code    12  stm32g4xx_it.o(.text.TIM7_IRQHandler)
    TIM_Base_SetConfig                       0x080051b9   Thumb Code   290  stm32g4xx_hal_tim.o(.text.TIM_Base_SetConfig)
    UART_AdvFeatureConfig                    0x080052dd   Thumb Code   234  stm32g4xx_hal_uart.o(.text.UART_AdvFeatureConfig)
    UART_CheckIdleState                      0x080053c9   Thumb Code   366  stm32g4xx_hal_uart.o(.text.UART_CheckIdleState)
    UART_SetConfig                           0x08005549   Thumb Code   648  stm32g4xx_hal_uart.o(.text.UART_SetConfig)
    UART_WaitOnFlagUntilTimeout              0x080057e1   Thumb Code   822  stm32g4xx_hal_uart.o(.text.UART_WaitOnFlagUntilTimeout)
    USART1_IRQHandler                        0x08005b19   Thumb Code    12  stm32g4xx_it.o(.text.USART1_IRQHandler)
    UsageFault_Handler                       0x08005b25   Thumb Code     2  stm32g4xx_it.o(.text.UsageFault_Handler)
    adc_init                                 0x08005b29   Thumb Code    32  current .o(.text.adc_init)
    fputc                                    0x08005b49   Thumb Code    30  usart.o(.text.fputc)
    ipark                                    0x08005b69   Thumb Code   102  foc.o(.text.ipark)
    main                                     0x08005bd1   Thumb Code   298  main.o(.text.main)
    motor_init                               0x08005cfd   Thumb Code   124  motor.o(.text.motor_init)
    read_angle_ABZ                           0x08005d79   Thumb Code    36  as5047p.o(.text.read_angle_ABZ)
    svpwm                                    0x08005da5   Thumb Code   384  foc.o(.text.svpwm)
    __0printf                                0x08005f39   Thumb Code    22  printfa.o(i.__0printf)
    __1printf                                0x08005f39   Thumb Code     0  printfa.o(i.__0printf)
    __2printf                                0x08005f39   Thumb Code     0  printfa.o(i.__0printf)
    __c89printf                              0x08005f39   Thumb Code     0  printfa.o(i.__0printf)
    printf                                   0x08005f39   Thumb Code     0  printfa.o(i.__0printf)
    __ARM_fpclassify                         0x08005f59   Thumb Code    48  fpclassify.o(i.__ARM_fpclassify)
    __hardfp_cos                             0x08005f89   Thumb Code   180  cos.o(i.__hardfp_cos)
    __hardfp_sin                             0x08006051   Thumb Code   180  sin.o(i.__hardfp_sin)
    __ieee754_rem_pio2                       0x08006119   Thumb Code   938  rred.o(i.__ieee754_rem_pio2)
    __kernel_cos                             0x08006551   Thumb Code   322  cos_i.o(i.__kernel_cos)
    __kernel_poly                            0x080066c1   Thumb Code   248  poly.o(i.__kernel_poly)
    __kernel_sin                             0x080067b9   Thumb Code   280  sin_i.o(i.__kernel_sin)
    __mathlib_dbl_infnan                     0x080068e9   Thumb Code    20  dunder.o(i.__mathlib_dbl_infnan)
    __mathlib_dbl_invalid                    0x08006901   Thumb Code    24  dunder.o(i.__mathlib_dbl_invalid)
    __mathlib_dbl_underflow                  0x08006921   Thumb Code    24  dunder.o(i.__mathlib_dbl_underflow)
    __scatterload_copy                       0x08006941   Thumb Code    14  handlers.o(i.__scatterload_copy)
    __scatterload_null                       0x0800694f   Thumb Code     2  handlers.o(i.__scatterload_null)
    __scatterload_zeroinit                   0x08006951   Thumb Code    14  handlers.o(i.__scatterload_zeroinit)
    __set_errno                              0x08006961   Thumb Code     6  errno.o(i.__set_errno)
    fabs                                     0x0800721f   Thumb Code    24  fabs.o(i.fabs)
    AHBPrescTable                            0x08007360   Data          16  system_stm32g4xx.o(.rodata.AHBPrescTable)
    APBPrescTable                            0x08007370   Data           8  system_stm32g4xx.o(.rodata.APBPrescTable)
    UARTPrescTable                           0x08007378   Data          24  stm32g4xx_hal_uart.o(.rodata.UARTPrescTable)
    Region$$Table$$Base                      0x080073b0   Number         0  anon$$obj.o(Region$$Table)
    Region$$Table$$Limit                     0x080073d0   Number         0  anon$$obj.o(Region$$Table)
    __stdout                                 0x20000000   Data           4  stdout.o(.data)
    uwTickPrio                               0x20000008   Data           4  stm32g4xx_hal.o(.data..L_MergedGlobals)
    uwTickFreq                               0x2000000c   Data           4  stm32g4xx_hal.o(.data..L_MergedGlobals)
    SystemCoreClock                          0x20000010   Data           4  system_stm32g4xx.o(.data.SystemCoreClock)
    button_pressed                           0x20000018   Data           1  stm32g4xx_it.o(.bss..L_MergedGlobals)
    sw                                       0x20000020   Data           4  stm32g4xx_it.o(.bss..L_MergedGlobals)
    adc_buff                                 0x20000024   Data           8  current .o(.bss.adc_buff)
    as5047_encoder                           0x2000002c   Data          48  as5047p.o(.bss.as5047_encoder)
    hadc1                                    0x2000005c   Data         108  adc.o(.bss.hadc1)
    hdma_adc1                                0x200000c8   Data          96  adc.o(.bss.hdma_adc1)
    hdma_usart1_rx                           0x20000128   Data          96  usart.o(.bss.hdma_usart1_rx)
    hdma_usart1_tx                           0x20000188   Data          96  usart.o(.bss.hdma_usart1_tx)
    hspi1                                    0x200001e8   Data         100  spi.o(.bss.hspi1)
    htim1                                    0x2000024c   Data          76  tim.o(.bss.htim1)
    htim2                                    0x20000298   Data          76  tim.o(.bss.htim2)
    htim3                                    0x200002e4   Data          76  tim.o(.bss.htim3)
    htim6                                    0x20000330   Data          76  tim.o(.bss.htim6)
    htim7                                    0x2000037c   Data          76  tim.o(.bss.htim7)
    huart1                                   0x200003c8   Data         148  usart.o(.bss.huart1)
    my_motor                                 0x2000045c   Data         196  motor.o(.bss.my_motor)
    uwTick                                   0x20000520   Data           4  stm32g4xx_hal.o(.bss.uwTick)
    __initial_sp                             0x20000928   Data           0  startup_stm32g431xx.o(STACK)



==============================================================================

Memory Map of the image

  Image Entry point : 0x080001d9

  Load Region LR_IROM1 (Base: 0x08000000, Size: 0x000073e8, Max: 0x00020000, ABSOLUTE)

    Execution Region ER_IROM1 (Exec base: 0x08000000, Load base: 0x08000000, Size: 0x000073d0, Max: 0x00020000, ABSOLUTE)

    Exec Addr    Load Addr    Size         Type   Attr      Idx    E Section Name        Object

    0x08000000   0x08000000   0x000001d8   Data   RO            3    RESET               startup_stm32g431xx.o
    0x080001d8   0x080001d8   0x00000000   Code   RO         1641  * .ARM.Collect$$$$00000000  mc_w.l(entry.o)
    0x080001d8   0x080001d8   0x00000004   Code   RO         1950    .ARM.Collect$$$$00000001  mc_w.l(entry2.o)
    0x080001dc   0x080001dc   0x00000004   Code   RO         1953    .ARM.Collect$$$$00000004  mc_w.l(entry5.o)
    0x080001e0   0x080001e0   0x00000000   Code   RO         1955    .ARM.Collect$$$$00000008  mc_w.l(entry7b.o)
    0x080001e0   0x080001e0   0x00000000   Code   RO         1957    .ARM.Collect$$$$0000000A  mc_w.l(entry8b.o)
    0x080001e0   0x080001e0   0x00000008   Code   RO         1958    .ARM.Collect$$$$0000000B  mc_w.l(entry9a.o)
    0x080001e8   0x080001e8   0x00000000   Code   RO         1960    .ARM.Collect$$$$0000000D  mc_w.l(entry10a.o)
    0x080001e8   0x080001e8   0x00000000   Code   RO         1962    .ARM.Collect$$$$0000000F  mc_w.l(entry11a.o)
    0x080001e8   0x080001e8   0x00000004   Code   RO         1951    .ARM.Collect$$$$00002712  mc_w.l(entry2.o)
    0x080001ec   0x080001ec   0x00000024   Code   RO            4    .text               startup_stm32g431xx.o
    0x08000210   0x08000210   0x00000062   Code   RO         1648    .text               mc_w.l(uldiv.o)
    0x08000272   0x08000272   0x00000024   Code   RO         1652    .text               mc_w.l(memseta.o)
    0x08000296   0x08000296   0x0000014e   Code   RO         1917    .text               mf_w.l(dadd.o)
    0x080003e4   0x080003e4   0x000000e4   Code   RO         1919    .text               mf_w.l(dmul.o)
    0x080004c8   0x080004c8   0x00000026   Code   RO         1921    .text               mf_w.l(f2d.o)
    0x080004ee   0x080004ee   0x00000038   Code   RO         1923    .text               mf_w.l(d2f.o)
    0x08000526   0x08000526   0x0000002c   Code   RO         1974    .text               mc_w.l(uidiv.o)
    0x08000552   0x08000552   0x0000001e   Code   RO         1976    .text               mc_w.l(llshl.o)
    0x08000570   0x08000570   0x00000020   Code   RO         1978    .text               mc_w.l(llushr.o)
    0x08000590   0x08000590   0x00000024   Code   RO         1980    .text               mc_w.l(llsshr.o)
    0x080005b4   0x080005b4   0x00000000   Code   RO         1989    .text               mc_w.l(iusefp.o)
    0x080005b4   0x080005b4   0x0000006e   Code   RO         1990    .text               mf_w.l(fepilogue.o)
    0x08000622   0x08000622   0x000000ba   Code   RO         1992    .text               mf_w.l(depilogue.o)
    0x080006dc   0x080006dc   0x000000de   Code   RO         1994    .text               mf_w.l(ddiv.o)
    0x080007ba   0x080007ba   0x00000030   Code   RO         2000    .text               mf_w.l(dfixul.o)
    0x080007ea   0x080007ea   0x00000002   PAD
    0x080007ec   0x080007ec   0x00000030   Code   RO         2002    .text               mf_w.l(cdrcmple.o)
    0x0800081c   0x0800081c   0x00000030   Code   RO         2014    .text               mc_w.l(init.o)
    0x0800084c   0x0800084c   0x00000022   Code   RO         2016    .text               mf_w.l(dflti.o)
    0x0800086e   0x0800086e   0x0000001a   Code   RO         2018    .text               mf_w.l(dfltui.o)
    0x08000888   0x08000888   0x0000003e   Code   RO         2020    .text               mf_w.l(dfixi.o)
    0x080008c6   0x080008c6   0x00000002   PAD
    0x080008c8   0x080008c8   0x000000f6   Code   RO          201    .text.ADC_Enable    stm32g4xx_hal_adc.o
    0x080009be   0x080009be   0x00000002   PAD
    0x080009c0   0x080009c0   0x00000036   Code   RO         1543    .text.As5047p_Init  as5047p.o
    0x080009f6   0x080009f6   0x00000002   PAD
    0x080009f8   0x080009f8   0x00000002   Code   RO          134    .text.BusFault_Handler  stm32g4xx_it.o
    0x080009fa   0x080009fa   0x00000002   PAD
    0x080009fc   0x080009fc   0x0000000c   Code   RO          150    .text.DMA1_Channel1_IRQHandler  stm32g4xx_it.o
    0x08000a08   0x08000a08   0x0000000c   Code   RO          152    .text.DMA1_Channel2_IRQHandler  stm32g4xx_it.o
    0x08000a14   0x08000a14   0x0000000c   Code   RO          154    .text.DMA1_Channel3_IRQHandler  stm32g4xx_it.o
    0x08000a20   0x08000a20   0x00000002   Code   RO          140    .text.DebugMon_Handler  stm32g4xx_it.o
    0x08000a22   0x08000a22   0x00000002   PAD
    0x08000a24   0x08000a24   0x00000006   Code   RO          146    .text.EXTI0_IRQHandler  stm32g4xx_it.o
    0x08000a2a   0x08000a2a   0x00000002   PAD
    0x08000a2c   0x08000a2c   0x00000006   Code   RO          148    .text.EXTI4_IRQHandler  stm32g4xx_it.o
    0x08000a32   0x08000a32   0x00000002   PAD
    0x08000a34   0x08000a34   0x0000000a   Code   RO           15    .text.Error_Handler  main.o
    0x08000a3e   0x08000a3e   0x00000002   PAD
    0x08000a40   0x08000a40   0x000004be   Code   RO          297    .text.HAL_ADCEx_InjectedConfigChannel  stm32g4xx_hal_adc_ex.o
    0x08000efe   0x08000efe   0x00000002   PAD
    0x08000f00   0x08000f00   0x000000e8   Code   RO          261    .text.HAL_ADCEx_InjectedStart  stm32g4xx_hal_adc_ex.o
    0x08000fe8   0x08000fe8   0x000000b8   Code   RO          299    .text.HAL_ADCEx_MultiModeConfigChannel  stm32g4xx_hal_adc_ex.o
    0x080010a0   0x080010a0   0x0000039a   Code   RO          239    .text.HAL_ADC_ConfigChannel  stm32g4xx_hal_adc.o
    0x0800143a   0x0800143a   0x00000002   PAD
    0x0800143c   0x0800143c   0x00000240   Code   RO          187    .text.HAL_ADC_Init  stm32g4xx_hal_adc.o
    0x0800167c   0x0800167c   0x000000c6   Code   RO           38    .text.HAL_ADC_MspInit  adc.o
    0x08001742   0x08001742   0x00000002   PAD
    0x08001744   0x08001744   0x00000070   Code   RO          616    .text.HAL_DMA_Abort  stm32g4xx_hal_dma.o
    0x080017b4   0x080017b4   0x00000080   Code   RO          618    .text.HAL_DMA_Abort_IT  stm32g4xx_hal_dma.o
    0x08001834   0x08001834   0x000000aa   Code   RO          622    .text.HAL_DMA_IRQHandler  stm32g4xx_hal_dma.o
    0x080018de   0x080018de   0x00000002   PAD
    0x080018e0   0x080018e0   0x0000012a   Code   RO          608    .text.HAL_DMA_Init  stm32g4xx_hal_dma.o
    0x08001a0a   0x08001a0a   0x00000002   PAD
    0x08001a0c   0x08001a0c   0x00000028   Code   RO          338    .text.HAL_Delay     stm32g4xx_hal.o
    0x08001a34   0x08001a34   0x0000005e   Code   RO          166    .text.HAL_GPIO_EXTI_Callback  stm32g4xx_it.o
    0x08001a92   0x08001a92   0x00000002   PAD
    0x08001a94   0x08001a94   0x00000016   Code   RO          570    .text.HAL_GPIO_EXTI_IRQHandler  stm32g4xx_hal_gpio.o
    0x08001aaa   0x08001aaa   0x00000002   PAD
    0x08001aac   0x08001aac   0x0000019e   Code   RO          558    .text.HAL_GPIO_Init  stm32g4xx_hal_gpio.o
    0x08001c4a   0x08001c4a   0x00000002   PAD
    0x08001c4c   0x08001c4c   0x0000000a   Code   RO          562    .text.HAL_GPIO_ReadPin  stm32g4xx_hal_gpio.o
    0x08001c56   0x08001c56   0x00000002   PAD
    0x08001c58   0x08001c58   0x00000010   Code   RO          566    .text.HAL_GPIO_TogglePin  stm32g4xx_hal_gpio.o
    0x08001c68   0x08001c68   0x0000000c   Code   RO          564    .text.HAL_GPIO_WritePin  stm32g4xx_hal_gpio.o
    0x08001c74   0x08001c74   0x0000000c   Code   RO          330    .text.HAL_GetTick   stm32g4xx_hal.o
    0x08001c80   0x08001c80   0x0000001a   Code   RO          328    .text.HAL_IncTick   stm32g4xx_hal.o
    0x08001c9a   0x08001c9a   0x00000002   PAD
    0x08001c9c   0x08001c9c   0x0000001e   Code   RO          318    .text.HAL_Init      stm32g4xx_hal.o
    0x08001cba   0x08001cba   0x00000002   PAD
    0x08001cbc   0x08001cbc   0x0000004c   Code   RO          320    .text.HAL_InitTick  stm32g4xx_hal.o
    0x08001d08   0x08001d08   0x00000034   Code   RO          179    .text.HAL_MspInit   stm32g4xx_hal_msp.o
    0x08001d3c   0x08001d3c   0x00000022   Code   RO          784    .text.HAL_NVIC_EnableIRQ  stm32g4xx_hal_cortex.o
    0x08001d5e   0x08001d5e   0x00000002   PAD
    0x08001d60   0x08001d60   0x00000056   Code   RO          782    .text.HAL_NVIC_SetPriority  stm32g4xx_hal_cortex.o
    0x08001db6   0x08001db6   0x00000002   PAD
    0x08001db8   0x08001db8   0x00000020   Code   RO          780    .text.HAL_NVIC_SetPriorityGrouping  stm32g4xx_hal_cortex.o
    0x08001dd8   0x08001dd8   0x00000126   Code   RO          700    .text.HAL_PWREx_ControlVoltageScaling  stm32g4xx_hal_pwr_ex.o
    0x08001efe   0x08001efe   0x00000002   PAD
    0x08001f00   0x08001f00   0x00000012   Code   RO          770    .text.HAL_PWREx_DisableUCPDDeadBattery  stm32g4xx_hal_pwr_ex.o
    0x08001f12   0x08001f12   0x00000002   PAD
    0x08001f14   0x08001f14   0x0000026a   Code   RO          442    .text.HAL_RCCEx_PeriphCLKConfig  stm32g4xx_hal_rcc_ex.o
    0x0800217e   0x0800217e   0x00000002   PAD
    0x08002180   0x08002180   0x0000030c   Code   RO          408    .text.HAL_RCC_ClockConfig  stm32g4xx_hal_rcc.o
    0x0800248c   0x0800248c   0x0000002a   Code   RO          416    .text.HAL_RCC_GetPCLK1Freq  stm32g4xx_hal_rcc.o
    0x080024b6   0x080024b6   0x00000002   PAD
    0x080024b8   0x080024b8   0x0000002a   Code   RO          418    .text.HAL_RCC_GetPCLK2Freq  stm32g4xx_hal_rcc.o
    0x080024e2   0x080024e2   0x00000002   PAD
    0x080024e4   0x080024e4   0x00000082   Code   RO          410    .text.HAL_RCC_GetSysClockFreq  stm32g4xx_hal_rcc.o
    0x08002566   0x08002566   0x00000002   PAD
    0x08002568   0x08002568   0x000004d2   Code   RO          406    .text.HAL_RCC_OscConfig  stm32g4xx_hal_rcc.o
    0x08002a3a   0x08002a3a   0x00000002   PAD
    0x08002a3c   0x08002a3c   0x000000e4   Code   RO          826    .text.HAL_SPI_Init  stm32g4xx_hal_spi.o
    0x08002b20   0x08002b20   0x00000068   Code   RO           63    .text.HAL_SPI_MspInit  spi.o
    0x08002b88   0x08002b88   0x0000002c   Code   RO          792    .text.HAL_SYSTICK_Config  stm32g4xx_hal_cortex.o
    0x08002bb4   0x08002bb4   0x00000002   Code   RO         1302    .text.HAL_TIMEx_Break2Callback  stm32g4xx_hal_tim_ex.o
    0x08002bb6   0x08002bb6   0x00000002   PAD
    0x08002bb8   0x08002bb8   0x00000002   Code   RO         1300    .text.HAL_TIMEx_BreakCallback  stm32g4xx_hal_tim_ex.o
    0x08002bba   0x08002bba   0x00000002   PAD
    0x08002bbc   0x08002bbc   0x00000002   Code   RO         1296    .text.HAL_TIMEx_CommutCallback  stm32g4xx_hal_tim_ex.o
    0x08002bbe   0x08002bbe   0x00000002   PAD
    0x08002bc0   0x08002bc0   0x000000ce   Code   RO         1248    .text.HAL_TIMEx_ConfigBreakDeadTime  stm32g4xx_hal_tim_ex.o
    0x08002c8e   0x08002c8e   0x00000002   PAD
    0x08002c90   0x08002c90   0x00000002   Code   RO         1306    .text.HAL_TIMEx_DirectionChangeCallback  stm32g4xx_hal_tim_ex.o
    0x08002c92   0x08002c92   0x00000002   PAD
    0x08002c94   0x08002c94   0x00000002   Code   RO         1304    .text.HAL_TIMEx_EncoderIndexCallback  stm32g4xx_hal_tim_ex.o
    0x08002c96   0x08002c96   0x00000002   PAD
    0x08002c98   0x08002c98   0x00000002   Code   RO         1308    .text.HAL_TIMEx_IndexErrorCallback  stm32g4xx_hal_tim_ex.o
    0x08002c9a   0x08002c9a   0x00000002   PAD
    0x08002c9c   0x08002c9c   0x000000a6   Code   RO         1246    .text.HAL_TIMEx_MasterConfigSynchronization  stm32g4xx_hal_tim_ex.o
    0x08002d42   0x08002d42   0x00000002   PAD
    0x08002d44   0x08002d44   0x000000ea   Code   RO         1200    .text.HAL_TIMEx_OCN_Start  stm32g4xx_hal_tim_ex.o
    0x08002e2e   0x08002e2e   0x00000002   PAD
    0x08002e30   0x08002e30   0x00000002   Code   RO         1310    .text.HAL_TIMEx_TransitionErrorCallback  stm32g4xx_hal_tim_ex.o
    0x08002e32   0x08002e32   0x00000002   PAD
    0x08002e34   0x08002e34   0x00000062   Code   RO          951    .text.HAL_TIM_Base_Init  stm32g4xx_hal_tim.o
    0x08002e96   0x08002e96   0x00000002   PAD
    0x08002e98   0x08002e98   0x000000ec   Code   RO           88    .text.HAL_TIM_Base_MspInit  tim.o
    0x08002f84   0x08002f84   0x00000092   Code   RO          965    .text.HAL_TIM_Base_Start_IT  stm32g4xx_hal_tim.o
    0x08003016   0x08003016   0x00000002   PAD
    0x08003018   0x08003018   0x0000003c   Code   RO          967    .text.HAL_TIM_Base_Stop_IT  stm32g4xx_hal_tim.o
    0x08003054   0x08003054   0x00000204   Code   RO         1131    .text.HAL_TIM_ConfigClockSource  stm32g4xx_hal_tim.o
    0x08003258   0x08003258   0x000000b6   Code   RO         1065    .text.HAL_TIM_Encoder_Init  stm32g4xx_hal_tim.o
    0x0800330e   0x0800330e   0x00000002   PAD
    0x08003310   0x08003310   0x00000072   Code   RO           90    .text.HAL_TIM_Encoder_MspInit  tim.o
    0x08003382   0x08003382   0x00000002   PAD
    0x08003384   0x08003384   0x000000bc   Code   RO         1073    .text.HAL_TIM_Encoder_Start  stm32g4xx_hal_tim.o
    0x08003440   0x08003440   0x00000002   Code   RO         1087    .text.HAL_TIM_IC_CaptureCallback  stm32g4xx_hal_tim.o
    0x08003442   0x08003442   0x00000002   PAD
    0x08003444   0x08003444   0x000001cc   Code   RO         1085    .text.HAL_TIM_IRQHandler  stm32g4xx_hal_tim.o
    0x08003610   0x08003610   0x000000a0   Code   RO           78    .text.HAL_TIM_MspPostInit  tim.o
    0x080036b0   0x080036b0   0x00000002   Code   RO         1089    .text.HAL_TIM_OC_DelayElapsedCallback  stm32g4xx_hal_tim.o
    0x080036b2   0x080036b2   0x00000002   PAD
    0x080036b4   0x080036b4   0x000003da   Code   RO         1105    .text.HAL_TIM_PWM_ConfigChannel  stm32g4xx_hal_tim.o
    0x08003a8e   0x08003a8e   0x00000002   PAD
    0x08003a90   0x08003a90   0x00000062   Code   RO         1005    .text.HAL_TIM_PWM_Init  stm32g4xx_hal_tim.o
    0x08003af2   0x08003af2   0x00000002   PAD
    0x08003af4   0x08003af4   0x00000002   Code   RO         1007    .text.HAL_TIM_PWM_MspInit  stm32g4xx_hal_tim.o
    0x08003af6   0x08003af6   0x00000002   PAD
    0x08003af8   0x08003af8   0x00000002   Code   RO         1091    .text.HAL_TIM_PWM_PulseFinishedCallback  stm32g4xx_hal_tim.o
    0x08003afa   0x08003afa   0x00000002   PAD
    0x08003afc   0x08003afc   0x0000018e   Code   RO         1013    .text.HAL_TIM_PWM_Start  stm32g4xx_hal_tim.o
    0x08003c8a   0x08003c8a   0x00000006   PAD
    0x08003c90   0x08003c90   0x0000035c   Code   RO          168    .text.HAL_TIM_PeriodElapsedCallback  stm32g4xx_it.o
    0x08003fec   0x08003fec   0x00000002   Code   RO         1095    .text.HAL_TIM_TriggerCallback  stm32g4xx_hal_tim.o
    0x08003fee   0x08003fee   0x00000002   PAD
    0x08003ff0   0x08003ff0   0x00000036   Code   RO         1487    .text.HAL_UARTEx_DisableFifoMode  stm32g4xx_hal_uart_ex.o
    0x08004026   0x08004026   0x00000002   PAD
    0x08004028   0x08004028   0x00000002   Code   RO         1415    .text.HAL_UARTEx_RxEventCallback  stm32g4xx_hal_uart.o
    0x0800402a   0x0800402a   0x00000002   PAD
    0x0800402c   0x0800402c   0x00000002   Code   RO         1473    .text.HAL_UARTEx_RxFifoFullCallback  stm32g4xx_hal_uart_ex.o
    0x0800402e   0x0800402e   0x00000002   PAD
    0x08004030   0x08004030   0x00000090   Code   RO         1491    .text.HAL_UARTEx_SetRxFifoThreshold  stm32g4xx_hal_uart_ex.o
    0x080040c0   0x080040c0   0x00000090   Code   RO         1489    .text.HAL_UARTEx_SetTxFifoThreshold  stm32g4xx_hal_uart_ex.o
    0x08004150   0x08004150   0x00000002   Code   RO         1475    .text.HAL_UARTEx_TxFifoEmptyCallback  stm32g4xx_hal_uart_ex.o
    0x08004152   0x08004152   0x00000002   PAD
    0x08004154   0x08004154   0x00000002   Code   RO         1471    .text.HAL_UARTEx_WakeupCallback  stm32g4xx_hal_uart_ex.o
    0x08004156   0x08004156   0x00000002   PAD
    0x08004158   0x08004158   0x00000002   Code   RO         1413    .text.HAL_UART_ErrorCallback  stm32g4xx_hal_uart.o
    0x0800415a   0x0800415a   0x00000002   PAD
    0x0800415c   0x0800415c   0x00000634   Code   RO         1409    .text.HAL_UART_IRQHandler  stm32g4xx_hal_uart.o
    0x08004790   0x08004790   0x00000064   Code   RO         1325    .text.HAL_UART_Init  stm32g4xx_hal_uart.o
    0x080047f4   0x080047f4   0x00000110   Code   RO          111    .text.HAL_UART_MspInit  usart.o
    0x08004904   0x08004904   0x00000194   Code   RO         1345    .text.HAL_UART_Transmit  stm32g4xx_hal_uart.o
    0x08004a98   0x08004a98   0x00000002   Code   RO         1417    .text.HAL_UART_TxCpltCallback  stm32g4xx_hal_uart.o
    0x08004a9a   0x08004a9a   0x00000002   PAD
    0x08004a9c   0x08004a9c   0x00000002   Code   RO          130    .text.HardFault_Handler  stm32g4xx_it.o
    0x08004a9e   0x08004a9e   0x00000002   PAD
    0x08004aa0   0x08004aa0   0x0000015e   Code   RO           36    .text.MX_ADC1_Init  adc.o
    0x08004bfe   0x08004bfe   0x00000002   PAD
    0x08004c00   0x08004c00   0x00000066   Code   RO           52    .text.MX_DMA_Init   dma.o
    0x08004c66   0x08004c66   0x00000002   PAD
    0x08004c68   0x08004c68   0x0000010a   Code   RO           26    .text.MX_GPIO_Init  gpio.o
    0x08004d72   0x08004d72   0x00000002   PAD
    0x08004d74   0x08004d74   0x00000052   Code   RO           61    .text.MX_SPI1_Init  spi.o
    0x08004dc6   0x08004dc6   0x00000002   PAD
    0x08004dc8   0x08004dc8   0x00000180   Code   RO           76    .text.MX_TIM1_Init  tim.o
    0x08004f48   0x08004f48   0x00000072   Code   RO           80    .text.MX_TIM2_Init  tim.o
    0x08004fba   0x08004fba   0x00000002   PAD
    0x08004fbc   0x08004fbc   0x0000006c   Code   RO           82    .text.MX_TIM3_Init  tim.o
    0x08005028   0x08005028   0x00000050   Code   RO           84    .text.MX_TIM6_Init  tim.o
    0x08005078   0x08005078   0x00000050   Code   RO           86    .text.MX_TIM7_Init  tim.o
    0x080050c8   0x080050c8   0x00000082   Code   RO          109    .text.MX_USART1_UART_Init  usart.o
    0x0800514a   0x0800514a   0x00000002   PAD
    0x0800514c   0x0800514c   0x00000002   Code   RO          132    .text.MemManage_Handler  stm32g4xx_it.o
    0x0800514e   0x0800514e   0x00000002   PAD
    0x08005150   0x08005150   0x00000002   Code   RO          128    .text.NMI_Handler   stm32g4xx_it.o
    0x08005152   0x08005152   0x00000002   PAD
    0x08005154   0x08005154   0x00000002   Code   RO          142    .text.PendSV_Handler  stm32g4xx_it.o
    0x08005156   0x08005156   0x00000002   PAD
    0x08005158   0x08005158   0x00000002   Code   RO          138    .text.SVC_Handler   stm32g4xx_it.o
    0x0800515a   0x0800515a   0x00000002   PAD
    0x0800515c   0x0800515c   0x00000012   Code   RO         1584    .text.Set_SVPWM_Compare  motor.o
    0x0800516e   0x0800516e   0x00000002   PAD
    0x08005170   0x08005170   0x00000004   Code   RO          144    .text.SysTick_Handler  stm32g4xx_it.o
    0x08005174   0x08005174   0x00000012   Code   RO         1510    .text.SystemInit    system_stm32g4xx.o
    0x08005186   0x08005186   0x00000002   PAD
    0x08005188   0x08005188   0x0000000c   Code   RO          156    .text.TIM1_UP_TIM16_IRQHandler  stm32g4xx_it.o
    0x08005194   0x08005194   0x0000000c   Code   RO          158    .text.TIM3_IRQHandler  stm32g4xx_it.o
    0x080051a0   0x080051a0   0x0000000c   Code   RO          162    .text.TIM6_DAC_IRQHandler  stm32g4xx_it.o
    0x080051ac   0x080051ac   0x0000000c   Code   RO          164    .text.TIM7_IRQHandler  stm32g4xx_it.o
    0x080051b8   0x080051b8   0x00000122   Code   RO          955    .text.TIM_Base_SetConfig  stm32g4xx_hal_tim.o
    0x080052da   0x080052da   0x00000002   PAD
    0x080052dc   0x080052dc   0x000000ea   Code   RO         1329    .text.UART_AdvFeatureConfig  stm32g4xx_hal_uart.o
    0x080053c6   0x080053c6   0x00000002   PAD
    0x080053c8   0x080053c8   0x0000016e   Code   RO         1333    .text.UART_CheckIdleState  stm32g4xx_hal_uart.o
    0x08005536   0x08005536   0x00000002   PAD
    0x08005538   0x08005538   0x00000010   Code   RO         1411    .text.UART_DMAAbortOnError  stm32g4xx_hal_uart.o
    0x08005548   0x08005548   0x00000298   Code   RO         1331    .text.UART_SetConfig  stm32g4xx_hal_uart.o
    0x080057e0   0x080057e0   0x00000336   Code   RO         1347    .text.UART_WaitOnFlagUntilTimeout  stm32g4xx_hal_uart.o
    0x08005b16   0x08005b16   0x00000002   PAD
    0x08005b18   0x08005b18   0x0000000c   Code   RO          160    .text.USART1_IRQHandler  stm32g4xx_it.o
    0x08005b24   0x08005b24   0x00000002   Code   RO          136    .text.UsageFault_Handler  stm32g4xx_it.o
    0x08005b26   0x08005b26   0x00000002   PAD
    0x08005b28   0x08005b28   0x00000020   Code   RO         1615    .text.adc_init      current .o
    0x08005b48   0x08005b48   0x0000001e   Code   RO          115    .text.fputc         usart.o
    0x08005b66   0x08005b66   0x00000002   PAD
    0x08005b68   0x08005b68   0x00000066   Code   RO         1596    .text.ipark         foc.o
    0x08005bce   0x08005bce   0x00000002   PAD
    0x08005bd0   0x08005bd0   0x0000012a   Code   RO           11    .text.main          main.o
    0x08005cfa   0x08005cfa   0x00000002   PAD
    0x08005cfc   0x08005cfc   0x0000007c   Code   RO         1582    .text.motor_init    motor.o
    0x08005d78   0x08005d78   0x0000002c   Code   RO         1555    .text.read_angle_ABZ  as5047p.o
    0x08005da4   0x08005da4   0x00000194   Code   RO         1604    .text.svpwm         foc.o
    0x08005f38   0x08005f38   0x00000020   Code   RO         1889    i.__0printf         mc_w.l(printfa.o)
    0x08005f58   0x08005f58   0x00000030   Code   RO         2010    i.__ARM_fpclassify  m_wm.l(fpclassify.o)
    0x08005f88   0x08005f88   0x000000c8   Code   RO         1623    i.__hardfp_cos      m_wm.l(cos.o)
    0x08006050   0x08006050   0x000000c8   Code   RO         1635    i.__hardfp_sin      m_wm.l(sin.o)
    0x08006118   0x08006118   0x00000438   Code   RO         1942    i.__ieee754_rem_pio2  m_wm.l(rred.o)
    0x08006550   0x08006550   0x00000170   Code   RO         1925    i.__kernel_cos      m_wm.l(cos_i.o)
    0x080066c0   0x080066c0   0x000000f8   Code   RO         2012    i.__kernel_poly     m_wm.l(poly.o)
    0x080067b8   0x080067b8   0x00000130   Code   RO         1947    i.__kernel_sin      m_wm.l(sin_i.o)
    0x080068e8   0x080068e8   0x00000014   Code   RO         1929    i.__mathlib_dbl_infnan  m_wm.l(dunder.o)
    0x080068fc   0x080068fc   0x00000004   PAD
    0x08006900   0x08006900   0x00000020   Code   RO         1931    i.__mathlib_dbl_invalid  m_wm.l(dunder.o)
    0x08006920   0x08006920   0x00000020   Code   RO         1934    i.__mathlib_dbl_underflow  m_wm.l(dunder.o)
    0x08006940   0x08006940   0x0000000e   Code   RO         2024    i.__scatterload_copy  mc_w.l(handlers.o)
    0x0800694e   0x0800694e   0x00000002   Code   RO         2025    i.__scatterload_null  mc_w.l(handlers.o)
    0x08006950   0x08006950   0x0000000e   Code   RO         2026    i.__scatterload_zeroinit  mc_w.l(handlers.o)
    0x0800695e   0x0800695e   0x00000002   PAD
    0x08006960   0x08006960   0x0000000c   Code   RO         1984    i.__set_errno       mc_w.l(errno.o)
    0x0800696c   0x0800696c   0x00000184   Code   RO         1896    i._fp_digits        mc_w.l(printfa.o)
    0x08006af0   0x08006af0   0x000006dc   Code   RO         1897    i._printf_core      mc_w.l(printfa.o)
    0x080071cc   0x080071cc   0x00000024   Code   RO         1898    i._printf_post_padding  mc_w.l(printfa.o)
    0x080071f0   0x080071f0   0x0000002e   Code   RO         1899    i._printf_pre_padding  mc_w.l(printfa.o)
    0x0800721e   0x0800721e   0x00000018   Code   RO         2006    i.fabs              m_wm.l(fabs.o)
    0x08007236   0x08007236   0x00000002   PAD
    0x08007238   0x08007238   0x00000030   Data   RO         1926    .constdata          m_wm.l(cos_i.o)
    0x08007268   0x08007268   0x000000cc   Data   RO         1944    .constdata          m_wm.l(rred.o)
    0x08007334   0x08007334   0x00000004   PAD
    0x08007338   0x08007338   0x00000028   Data   RO         1948    .constdata          m_wm.l(sin_i.o)
    0x08007360   0x08007360   0x00000010   Data   RO         1515    .rodata.AHBPrescTable  system_stm32g4xx.o
    0x08007370   0x08007370   0x00000008   Data   RO         1516    .rodata.APBPrescTable  system_stm32g4xx.o
    0x08007378   0x08007378   0x00000018   Data   RO         1459    .rodata.UARTPrescTable  stm32g4xx_hal_uart.o
    0x08007390   0x08007390   0x00000010   Data   RO         1460    .rodata.cst16       stm32g4xx_hal_uart.o
    0x080073a0   0x080073a0   0x00000010   Data   RO         1501    .rodata.cst8        stm32g4xx_hal_uart_ex.o
    0x080073b0   0x080073b0   0x00000020   Data   RO         2023    Region$$Table       anon$$obj.o


    Execution Region RW_IRAM1 (Exec base: 0x20000000, Load base: 0x080073d0, Size: 0x00000928, Max: 0x00008000, ABSOLUTE)

    Exec Addr    Load Addr    Size         Type   Attr      Idx    E Section Name        Object

    0x20000000   0x080073d0   0x00000004   Data   RW         1964    .data               mc_w.l(stdout.o)
    0x20000004   0x080073d4   0x00000004   Data   RW         1985    .data               mc_w.l(errno.o)
    0x20000008   0x080073d8   0x00000008   Data   RW          395    .data..L_MergedGlobals  stm32g4xx_hal.o
    0x20000010   0x080073e0   0x00000004   Data   RW         1514    .data.SystemCoreClock  system_stm32g4xx.o
    0x20000014   0x080073e4   0x00000004   PAD
    0x20000018        -       0x0000000c   Zero   RW          170    .bss..L_MergedGlobals  stm32g4xx_it.o
    0x20000024        -       0x00000008   Zero   RW         1617    .bss.adc_buff       current .o
    0x2000002c        -       0x00000030   Zero   RW         1561    .bss.as5047_encoder  as5047p.o
    0x2000005c        -       0x0000006c   Zero   RW           42    .bss.hadc1          adc.o
    0x200000c8        -       0x00000060   Zero   RW           43    .bss.hdma_adc1      adc.o
    0x20000128        -       0x00000060   Zero   RW          119    .bss.hdma_usart1_rx  usart.o
    0x20000188        -       0x00000060   Zero   RW          118    .bss.hdma_usart1_tx  usart.o
    0x200001e8        -       0x00000064   Zero   RW           67    .bss.hspi1          spi.o
    0x2000024c        -       0x0000004c   Zero   RW           96    .bss.htim1          tim.o
    0x20000298        -       0x0000004c   Zero   RW           97    .bss.htim2          tim.o
    0x200002e4        -       0x0000004c   Zero   RW           98    .bss.htim3          tim.o
    0x20000330        -       0x0000004c   Zero   RW           99    .bss.htim6          tim.o
    0x2000037c        -       0x0000004c   Zero   RW          100    .bss.htim7          tim.o
    0x200003c8        -       0x00000094   Zero   RW          117    .bss.huart1         usart.o
    0x2000045c        -       0x000000c4   Zero   RW         1587    .bss.my_motor       motor.o
    0x20000520        -       0x00000004   Zero   RW          394    .bss.uwTick         stm32g4xx_hal.o
    0x20000524   0x080073e4   0x00000004   PAD
    0x20000528        -       0x00000400   Zero   RW            1    STACK               startup_stm32g431xx.o


==============================================================================

Image component sizes


      Code (inc. data)   RO Data    RW Data    ZI Data      Debug   Object Name

       548          0          0          0        204       8355   adc.o
        98          8          0          0         48       8958   as5047p.o
        32          0          0          0          8       1070   current .o
       102          0          0          0          0       3414   dma.o
       506         32          0          0          0       3194   foc.o
       266          0          0          0          0       4246   gpio.o
       308          0          0          0          0       4823   main.o
       142          0          0          0        196       6062   motor.o
       186          0          0          0        100       5781   spi.o
        36          8        472          0       1024        816   startup_stm32g431xx.o
       184          0          0          8          4       8842   stm32g4xx_hal.o
      1744          0          0          0          0      28379   stm32g4xx_hal_adc.o
      1630          0          0          0          0      22742   stm32g4xx_hal_adc_ex.o
       196          0          0          0          0      10158   stm32g4xx_hal_cortex.o
       708          0          0          0          0       9359   stm32g4xx_hal_dma.o
       474          0          0          0          0       5214   stm32g4xx_hal_gpio.o
        52          0          0          0          0       1722   stm32g4xx_hal_msp.o
       312          0          0          0          0       9587   stm32g4xx_hal_pwr_ex.o
      2228          0          0          0          0       9924   stm32g4xx_hal_rcc.o
       618          0          0          0          0      10738   stm32g4xx_hal_rcc_ex.o
       228          0          0          0          0      27089   stm32g4xx_hal_spi.o
      3432         26          0          0          0      61762   stm32g4xx_hal_tim.o
       620          0          0          0          0      29780   stm32g4xx_hal_tim_ex.o
      4200         48         40          0          0      41914   stm32g4xx_hal_uart.o
       348          0         16          0          0      11369   stm32g4xx_hal_uart_ex.o
      1082         52          0          0         12      10592   stm32g4xx_it.o
        18          0         24          4          0       2726   system_stm32g4xx.o
      1276          0          0          0        380      12712   tim.o
       432          0          0          0        340       9165   usart.o

    ----------------------------------------------------------------------
     22164        174        584         12       2324     370493   Object Totals
         0          0         32          0          0          0   (incl. Generated)
       158          0          0          0          8          0   (incl. Padding)

    ----------------------------------------------------------------------

      Code (inc. data)   RO Data    RW Data    ZI Data      Debug   Library Member Name

       200         20          0          0          0        164   cos.o
       368         46         48          0          0        200   cos_i.o
        84         16          0          0          0        372   dunder.o
        24          0          0          0          0        124   fabs.o
        48          0          0          0          0        124   fpclassify.o
       248          0          0          0          0        152   poly.o
      1080        142        204          0          0        188   rred.o
       200         20          0          0          0        164   sin.o
       304         24         40          0          0        208   sin_i.o
         0          0          0          0          0          0   entry.o
         0          0          0          0          0          0   entry10a.o
         0          0          0          0          0          0   entry11a.o
         8          4          0          0          0          0   entry2.o
         4          0          0          0          0          0   entry5.o
         0          0          0          0          0          0   entry7b.o
         0          0          0          0          0          0   entry8b.o
         8          4          0          0          0          0   entry9a.o
        12          6          0          4          0         68   errno.o
        30          0          0          0          0          0   handlers.o
        48         10          0          0          0         68   init.o
         0          0          0          0          0          0   iusefp.o
        30          0          0          0          0         68   llshl.o
        36          0          0          0          0         68   llsshr.o
        32          0          0          0          0         68   llushr.o
        36          0          0          0          0        108   memseta.o
      2258         90          0          0          0        452   printfa.o
         0          0          0          4          0          0   stdout.o
        44          0          0          0          0         80   uidiv.o
        98          0          0          0          0         92   uldiv.o
        48          0          0          0          0         68   cdrcmple.o
        56          0          0          0          0         88   d2f.o
       334          0          0          0          0        148   dadd.o
       222          0          0          0          0        100   ddiv.o
       186          0          0          0          0        176   depilogue.o
        62          0          0          0          0         80   dfixi.o
        48          0          0          0          0         68   dfixul.o
        34          0          0          0          0         76   dflti.o
        26          0          0          0          0         76   dfltui.o
       228          0          0          0          0         96   dmul.o
        38          0          0          0          0         68   f2d.o
       110          0          0          0          0        168   fepilogue.o

    ----------------------------------------------------------------------
      6604        382        296          8          0       3980   Library Totals
        12          0          4          0          0          0   (incl. Padding)

    ----------------------------------------------------------------------

      Code (inc. data)   RO Data    RW Data    ZI Data      Debug   Library Name

      2556        268        292          0          0       1696   m_wm.l
      2644        114          0          8          0       1072   mc_w.l
      1392          0          0          0          0       1212   mf_w.l

    ----------------------------------------------------------------------
      6604        382        296          8          0       3980   Library Totals

    ----------------------------------------------------------------------

==============================================================================


      Code (inc. data)   RO Data    RW Data    ZI Data      Debug   

     28768        556        880         20       2324     371993   Grand Totals
     28768        556        880         20       2324     371993   ELF Image Totals
     28768        556        880         20          0          0   ROM Totals

==============================================================================

    Total RO  Size (Code + RO Data)                29648 (  28.95kB)
    Total RW  Size (RW Data + ZI Data)              2344 (   2.29kB)
    Total ROM Size (Code + RO Data + RW Data)      29668 (  28.97kB)

==============================================================================

